Archive member included to satisfy reference by file (symbol)

C:/ST/STM32CubeIDE_1.17.0/STM32CubeIDE/plugins/com.st.stm32cube.ide.mcu.externaltools.gnu-tools-for-stm32.12.3.rel1.win32_1.1.0.202410251130/tools/bin/../lib/gcc/arm-none-eabi/12.3.1/../../../../arm-none-eabi/lib/thumb/v6-m/nofp\libc.a(libc_a-atof.o)
                              BOS\BOS_CLI.o (atof)
C:/ST/STM32CubeIDE_1.17.0/STM32CubeIDE/plugins/com.st.stm32cube.ide.mcu.externaltools.gnu-tools-for-stm32.12.3.rel1.win32_1.1.0.202410251130/tools/bin/../lib/gcc/arm-none-eabi/12.3.1/../../../../arm-none-eabi/lib/thumb/v6-m/nofp\libc.a(libc_a-atoi.o)
                              BOS\BOS_CLIcommands.o (atoi)
C:/ST/STM32CubeIDE_1.17.0/STM32CubeIDE/plugins/com.st.stm32cube.ide.mcu.externaltools.gnu-tools-for-stm32.12.3.rel1.win32_1.1.0.202410251130/tools/bin/../lib/gcc/arm-none-eabi/12.3.1/../../../../arm-none-eabi/lib/thumb/v6-m/nofp\libc.a(libc_a-atol.o)
                              BOS\BOS.o (atol)
C:/ST/STM32CubeIDE_1.17.0/STM32CubeIDE/plugins/com.st.stm32cube.ide.mcu.externaltools.gnu-tools-for-stm32.12.3.rel1.win32_1.1.0.202410251130/tools/bin/../lib/gcc/arm-none-eabi/12.3.1/../../../../arm-none-eabi/lib/thumb/v6-m/nofp\libc.a(libc_a-exit.o)
                              C:/ST/STM32CubeIDE_1.17.0/STM32CubeIDE/plugins/com.st.stm32cube.ide.mcu.externaltools.gnu-tools-for-stm32.12.3.rel1.win32_1.1.0.202410251130/tools/bin/../lib/gcc/arm-none-eabi/12.3.1/../../../../arm-none-eabi/lib/thumb/v6-m/nofp/crt0.o (exit)
C:/ST/STM32CubeIDE_1.17.0/STM32CubeIDE/plugins/com.st.stm32cube.ide.mcu.externaltools.gnu-tools-for-stm32.12.3.rel1.win32_1.1.0.202410251130/tools/bin/../lib/gcc/arm-none-eabi/12.3.1/../../../../arm-none-eabi/lib/thumb/v6-m/nofp\libc.a(libc_a-malloc.o)
                              BOS\BOS.o (malloc)
C:/ST/STM32CubeIDE_1.17.0/STM32CubeIDE/plugins/com.st.stm32cube.ide.mcu.externaltools.gnu-tools-for-stm32.12.3.rel1.win32_1.1.0.202410251130/tools/bin/../lib/gcc/arm-none-eabi/12.3.1/../../../../arm-none-eabi/lib/thumb/v6-m/nofp\libc.a(libc_a-mallocr.o)
                              C:/ST/STM32CubeIDE_1.17.0/STM32CubeIDE/plugins/com.st.stm32cube.ide.mcu.externaltools.gnu-tools-for-stm32.12.3.rel1.win32_1.1.0.202410251130/tools/bin/../lib/gcc/arm-none-eabi/12.3.1/../../../../arm-none-eabi/lib/thumb/v6-m/nofp\libc.a(libc_a-malloc.o) (_malloc_r)
C:/ST/STM32CubeIDE_1.17.0/STM32CubeIDE/plugins/com.st.stm32cube.ide.mcu.externaltools.gnu-tools-for-stm32.12.3.rel1.win32_1.1.0.202410251130/tools/bin/../lib/gcc/arm-none-eabi/12.3.1/../../../../arm-none-eabi/lib/thumb/v6-m/nofp\libc.a(libc_a-mlock.o)
                              C:/ST/STM32CubeIDE_1.17.0/STM32CubeIDE/plugins/com.st.stm32cube.ide.mcu.externaltools.gnu-tools-for-stm32.12.3.rel1.win32_1.1.0.202410251130/tools/bin/../lib/gcc/arm-none-eabi/12.3.1/../../../../arm-none-eabi/lib/thumb/v6-m/nofp\libc.a(libc_a-mallocr.o) (__malloc_lock)
C:/ST/STM32CubeIDE_1.17.0/STM32CubeIDE/plugins/com.st.stm32cube.ide.mcu.externaltools.gnu-tools-for-stm32.12.3.rel1.win32_1.1.0.202410251130/tools/bin/../lib/gcc/arm-none-eabi/12.3.1/../../../../arm-none-eabi/lib/thumb/v6-m/nofp\libc.a(libc_a-rand.o)
                              BOS\BOS_CLIcommands.o (rand)
C:/ST/STM32CubeIDE_1.17.0/STM32CubeIDE/plugins/com.st.stm32cube.ide.mcu.externaltools.gnu-tools-for-stm32.12.3.rel1.win32_1.1.0.202410251130/tools/bin/../lib/gcc/arm-none-eabi/12.3.1/../../../../arm-none-eabi/lib/thumb/v6-m/nofp\libc.a(libc_a-realloc.o)
                              BOS\BOS_CLI.o (realloc)
C:/ST/STM32CubeIDE_1.17.0/STM32CubeIDE/plugins/com.st.stm32cube.ide.mcu.externaltools.gnu-tools-for-stm32.12.3.rel1.win32_1.1.0.202410251130/tools/bin/../lib/gcc/arm-none-eabi/12.3.1/../../../../arm-none-eabi/lib/thumb/v6-m/nofp\libc.a(libc_a-reallocr.o)
                              C:/ST/STM32CubeIDE_1.17.0/STM32CubeIDE/plugins/com.st.stm32cube.ide.mcu.externaltools.gnu-tools-for-stm32.12.3.rel1.win32_1.1.0.202410251130/tools/bin/../lib/gcc/arm-none-eabi/12.3.1/../../../../arm-none-eabi/lib/thumb/v6-m/nofp\libc.a(libc_a-realloc.o) (_realloc_r)
C:/ST/STM32CubeIDE_1.17.0/STM32CubeIDE/plugins/com.st.stm32cube.ide.mcu.externaltools.gnu-tools-for-stm32.12.3.rel1.win32_1.1.0.202410251130/tools/bin/../lib/gcc/arm-none-eabi/12.3.1/../../../../arm-none-eabi/lib/thumb/v6-m/nofp\libc.a(libc_a-strtod.o)
                              C:/ST/STM32CubeIDE_1.17.0/STM32CubeIDE/plugins/com.st.stm32cube.ide.mcu.externaltools.gnu-tools-for-stm32.12.3.rel1.win32_1.1.0.202410251130/tools/bin/../lib/gcc/arm-none-eabi/12.3.1/../../../../arm-none-eabi/lib/thumb/v6-m/nofp\libc.a(libc_a-atof.o) (strtod)
C:/ST/STM32CubeIDE_1.17.0/STM32CubeIDE/plugins/com.st.stm32cube.ide.mcu.externaltools.gnu-tools-for-stm32.12.3.rel1.win32_1.1.0.202410251130/tools/bin/../lib/gcc/arm-none-eabi/12.3.1/../../../../arm-none-eabi/lib/thumb/v6-m/nofp\libc.a(libc_a-strtol.o)
[...]
Memory Configuration

Name             Origin             Length             Attributes
RAM              0x20000000         0x00024000         xrw
FLASH            0x08000000         0x00080000         xr
*default*        0x00000000         0xffffffff

Linker script and memory map

LOAD C:/ST/STM32CubeIDE_1.17.0/STM32CubeIDE/plugins/com.st.stm32cube.ide.mcu.externaltools.gnu-tools-for-stm32.12.3.rel1.win32_1.1.0.202410251130/tools/bin/../lib/gcc/arm-none-eabi/12.3.1/thumb/v6-m/nofp/crti.o
LOAD C:/ST/STM32CubeIDE_1.17.0/STM32CubeIDE/plugins/com.st.stm32cube.ide.mcu.externaltools.gnu-tools-for-stm32.12.3.rel1.win32_1.1.0.202410251130/tools/bin/../lib/gcc/arm-none-eabi/12.3.1/thumb/v6-m/nofp/crtbegin.o
LOAD C:/ST/STM32CubeIDE_1.17.0/STM32CubeIDE/plugins/com.st.stm32cube.ide.mcu.externaltools.gnu-tools-for-stm32.12.3.rel1.win32_1.1.0.202410251130/tools/bin/../lib/gcc/arm-none-eabi/12.3.1/../../../../arm-none-eabi/lib/thumb/v6-m/nofp/crt0.o
LOAD BOS\BOS.o
LOAD BOS\BOS_CLI.o
LOAD BOS\BOS_CLIcommands.o
LOAD BOS\BOS_dma.o
LOAD BOS\BOS_freertos.o
LOAD BOS\BOS_messaging.o
LOAD BOS\BOS_msgparser.o
LOAD G0_STSPIN_Commands\Commands_Driver_APIs.o
LOAD H19R0\H19R0.o
LOAD H19R0\H19R0_dma.o
LOAD H19R0\H19R0_eeprom.o
LOAD H19R0\H19R0_gpio.o
LOAD H19R0\H19R0_inputs.o
LOAD H19R0\H19R0_it.o
LOAD H19R0\H19R0_rtc.o
LOAD H19R0\H19R0_timers.o
LOAD H19R0\H19R0_uart.o
LOAD H19R0\startup_stm32g0b1ceuxn.o
LOAD Thirdparty\CMSIS\STM32G0xx\Device\ST\STM32G0xx\Source\Templates\system_stm32g0xx.o
LOAD Thirdparty\EEPROM_Emul\Core\eeprom_emul.o
LOAD Thirdparty\EEPROM_Emul\Porting\STM32G0\flash_interface.o
LOAD Thirdparty\Middleware\STM32G0xx\FreeRTOS\Source\CMSIS_RTOS\cmsis_os.o
LOAD Thirdparty\Middleware\STM32G0xx\FreeRTOS\Source\FreeRTOS_CLI.o
LOAD Thirdparty\Middleware\STM32G0xx\FreeRTOS\Source\croutine.o
LOAD Thirdparty\Middleware\STM32G0xx\FreeRTOS\Source\event_groups.o
LOAD Thirdparty\Middleware\STM32G0xx\FreeRTOS\Source\list.o
LOAD Thirdparty\Middleware\STM32G0xx\FreeRTOS\Source\portable\GCC\ARM_CM0\port.o
LOAD Thirdparty\Middleware\STM32G0xx\FreeRTOS\Source\portable\MemMang\heap_4.o
LOAD Thirdparty\Middleware\STM32G0xx\FreeRTOS\Source\queue.o
LOAD Thirdparty\Middleware\STM32G0xx\FreeRTOS\Source\stream_buffer.o
LOAD Thirdparty\Middleware\STM32G0xx\FreeRTOS\Source\tasks.o
LOAD Thirdparty\Middleware\STM32G0xx\FreeRTOS\Source\timers.o
LOAD Thirdparty\STM32G0xx_HAL_Driver\Src\stm32g0xx_hal.o
LOAD Thirdparty\STM32G0xx_HAL_Driver\Src\stm32g0xx_hal_adc.o
LOAD Thirdparty\STM32G0xx_HAL_Driver\Src\stm32g0xx_hal_adc_ex.o
LOAD Thirdparty\STM32G0xx_HAL_Driver\Src\stm32g0xx_hal_cec.o
LOAD Thirdparty\STM32G0xx_HAL_Driver\Src\stm32g0xx_hal_comp.o
LOAD Thirdparty\STM32G0xx_HAL_Driver\Src\stm32g0xx_hal_cortex.o
LOAD Thirdparty\STM32G0xx_HAL_Driver\Src\stm32g0xx_hal_crc.o
LOAD Thirdparty\STM32G0xx_HAL_Driver\Src\stm32g0xx_hal_crc_ex.o
LOAD Thirdparty\STM32G0xx_HAL_Driver\Src\stm32g0xx_hal_cryp.o
LOAD Thirdparty\STM32G0xx_HAL_Driver\Src\stm32g0xx_hal_cryp_ex.o
LOAD Thirdparty\STM32G0xx_HAL_Driver\Src\stm32g0xx_hal_dac.o
LOAD Thirdparty\STM32G0xx_HAL_Driver\Src\stm32g0xx_hal_dac_ex.o
LOAD Thirdparty\STM32G0xx_HAL_Driver\Src\stm32g0xx_hal_dma.o
LOAD Thirdparty\STM32G0xx_HAL_Driver\Src\stm32g0xx_hal_dma_ex.o
LOAD Thirdparty\STM32G0xx_HAL_Driver\Src\stm32g0xx_hal_exti.o
LOAD Thirdparty\STM32G0xx_HAL_Driver\Src\stm32g0xx_hal_fdcan.o
LOAD Thirdparty\STM32G0xx_HAL_Driver\Src\stm32g0xx_hal_flash.o
LOAD Thirdparty\STM32G0xx_HAL_Driver\Src\stm32g0xx_hal_flash_ex.o
LOAD Thirdparty\STM32G0xx_HAL_Driver\Src\stm32g0xx_hal_gpio.o
LOAD Thirdparty\STM32G0xx_HAL_Driver\Src\stm32g0xx_hal_hcd.o
LOAD Thirdparty\STM32G0xx_HAL_Driver\Src\stm32g0xx_hal_i2c.o
LOAD Thirdparty\STM32G0xx_HAL_Driver\Src\stm32g0xx_hal_i2c_ex.o
LOAD Thirdparty\STM32G0xx_HAL_Driver\Src\stm32g0xx_hal_i2s.o
LOAD Thirdparty\STM32G0xx_HAL_Driver\Src\stm32g0xx_hal_irda.o
LOAD Thirdparty\STM32G0xx_HAL_Driver\Src\stm32g0xx_hal_iwdg.o
LOAD Thirdparty\STM32G0xx_HAL_Driver\Src\stm32g0xx_hal_lptim.o
LOAD Thirdparty\STM32G0xx_HAL_Driver\Src\stm32g0xx_hal_msp_template.o
LOAD Thirdparty\STM32G0xx_HAL_Driver\Src\stm32g0xx_hal_pcd.o
LOAD Thirdparty\STM32G0xx_HAL_Driver\Src\stm32g0xx_hal_pcd_ex.o
LOAD Thirdparty\STM32G0xx_HAL_Driver\Src\stm32g0xx_hal_pwr.o
LOAD Thirdparty\STM32G0xx_HAL_Driver\Src\stm32g0xx_hal_pwr_ex.o
LOAD Thirdparty\STM32G0xx_HAL_Driver\Src\stm32g0xx_hal_rcc.o
LOAD Thirdparty\STM32G0xx_HAL_Driver\Src\stm32g0xx_hal_rcc_ex.o
LOAD Thirdparty\STM32G0xx_HAL_Driver\Src\stm32g0xx_hal_rng.o
LOAD Thirdparty\STM32G0xx_HAL_Driver\Src\stm32g0xx_hal_rtc.o
LOAD Thirdparty\STM32G0xx_HAL_Driver\Src\stm32g0xx_hal_rtc_ex.o
LOAD Thirdparty\STM32G0xx_HAL_Driver\Src\stm32g0xx_hal_smartcard.o
LOAD Thirdparty\STM32G0xx_HAL_Driver\Src\stm32g0xx_hal_smartcard_ex.o
LOAD Thirdparty\STM32G0xx_HAL_Driver\Src\stm32g0xx_hal_smbus.o
LOAD Thirdparty\STM32G0xx_HAL_Driver\Src\stm32g0xx_hal_smbus_ex.o
LOAD Thirdparty\STM32G0xx_HAL_Driver\Src\stm32g0xx_hal_spi.o
LOAD Thirdparty\STM32G0xx_HAL_Driver\Src\stm32g0xx_hal_spi_ex.o
LOAD Thirdparty\STM32G0xx_HAL_Driver\Src\stm32g0xx_hal_tim.o
LOAD Thirdparty\STM32G0xx_HAL_Driver\Src\stm32g0xx_hal_tim_ex.o
LOAD Thirdparty\STM32G0xx_HAL_Driver\Src\stm32g0xx_hal_uart.o
LOAD Thirdparty\STM32G0xx_HAL_Driver\Src\stm32g0xx_hal_uart_ex.o
LOAD Thirdparty\STM32G0xx_HAL_Driver\Src\stm32g0xx_hal_usart.o
LOAD Thirdparty\STM32G0xx_HAL_Driver\Src\stm32g0xx_hal_usart_ex.o
LOAD Thirdparty\STM32G0xx_HAL_Driver\Src\stm32g0xx_hal_wwdg.o
LOAD Thirdparty\STM32G0xx_HAL_Driver\Src\stm32g0xx_ll_adc.o
LOAD Thirdparty\STM32G0xx_HAL_Driver\Src\stm32g0xx_ll_comp.o
LOAD Thirdparty\STM32G0xx_HAL_Driver\Src\stm32g0xx_ll_crc.o
LOAD Thirdparty\STM32G0xx_HAL_Driver\Src\stm32g0xx_ll_crs.o
LOAD Thirdparty\STM32G0xx_HAL_Driver\Src\stm32g0xx_ll_dac.o
LOAD Thirdparty\STM32G0xx_HAL_Driver\Src\stm32g0xx_ll_dma.o
LOAD Thirdparty\STM32G0xx_HAL_Driver\Src\stm32g0xx_ll_exti.o
LOAD Thirdparty\STM32G0xx_HAL_Driver\Src\stm32g0xx_ll_gpio.o
LOAD Thirdparty\STM32G0xx_HAL_Driver\Src\stm32g0xx_ll_i2c.o
LOAD Thirdparty\STM32G0xx_HAL_Driver\Src\stm32g0xx_ll_lptim.o
LOAD Thirdparty\STM32G0xx_HAL_Driver\Src\stm32g0xx_ll_lpuart.o
LOAD Thirdparty\STM32G0xx_HAL_Driver\Src\stm32g0xx_ll_pwr.o
LOAD Thirdparty\STM32G0xx_HAL_Driver\Src\stm32g0xx_ll_rcc.o
LOAD Thirdparty\STM32G0xx_HAL_Driver\Src\stm32g0xx_ll_rng.o
LOAD Thirdparty\STM32G0xx_HAL_Driver\Src\stm32g0xx_ll_rtc.o
LOAD Thirdparty\STM32G0xx_HAL_Driver\Src\stm32g0xx_ll_spi.o
LOAD Thirdparty\STM32G0xx_HAL_Driver\Src\stm32g0xx_ll_tim.o
LOAD Thirdparty\STM32G0xx_HAL_Driver\Src\stm32g0xx_ll_ucpd.o
LOAD Thirdparty\STM32G0xx_HAL_Driver\Src\stm32g0xx_ll_usart.o
LOAD Thirdparty\STM32G0xx_HAL_Driver\Src\stm32g0xx_ll_usb.o
LOAD Thirdparty\STM32G0xx_HAL_Driver\Src\stm32g0xx_ll_utils.o
LOAD User\main.o
LOAD syscalls.o
START GROUP
LOAD C:/ST/STM32CubeIDE_1.17.0/STM32CubeIDE/plugins/com.st.stm32cube.ide.mcu.externaltools.gnu-tools-for-stm32.12.3.rel1.win32_1.1.0.202410251130/tools/bin/../lib/gcc/arm-none-eabi/12.3.1/../../../../arm-none-eabi/lib/thumb/v6-m/nofp\libc.a
LOAD C:/ST/STM32CubeIDE_1.17.0/STM32CubeIDE/plugins/com.st.stm32cube.ide.mcu.externaltools.gnu-tools-for-stm32.12.3.rel1.win32_1.1.0.202410251130/tools/bin/../lib/gcc/arm-none-eabi/12.3.1/../../../../arm-none-eabi/lib/thumb/v6-m/nofp\libm.a
END GROUP
START GROUP
LOAD C:/ST/STM32CubeIDE_1.17.0/STM32CubeIDE/plugins/com.st.stm32cube.ide.mcu.externaltools.gnu-tools-for-stm32.12.3.rel1.win32_1.1.0.202410251130/tools/bin/../lib/gcc/arm-none-eabi/12.3.1/thumb/v6-m/nofp\libgcc.a
LOAD C:/ST/STM32CubeIDE_1.17.0/STM32CubeIDE/plugins/com.st.stm32cube.ide.mcu.externaltools.gnu-tools-for-stm32.12.3.rel1.win32_1.1.0.202410251130/tools/bin/../lib/gcc/arm-none-eabi/12.3.1/../../../../arm-none-eabi/lib/thumb/v6-m/nofp\libc.a
END GROUP
START GROUP
LOAD C:/ST/STM32CubeIDE_1.17.0/STM32CubeIDE/plugins/com.st.stm32cube.ide.mcu.externaltools.gnu-tools-for-stm32.12.3.rel1.win32_1.1.0.202410251130/tools/bin/../lib/gcc/arm-none-eabi/12.3.1/thumb/v6-m/nofp\libgcc.a
LOAD C:/ST/STM32CubeIDE_1.17.0/STM32CubeIDE/plugins/com.st.stm32cube.ide.mcu.externaltools.gnu-tools-for-stm32.12.3.rel1.win32_1.1.0.202410251130/tools/bin/../lib/gcc/arm-none-eabi/12.3.1/../../../../arm-none-eabi/lib/thumb/v6-m/nofp\libc.a
LOAD C:/ST/STM32CubeIDE_1.17.0/STM32CubeIDE/plugins/com.st.stm32cube.ide.mcu.externaltools.gnu-tools-for-stm32.12.3.rel1.win32_1.1.0.202410251130/tools/bin/../lib/gcc/arm-none-eabi/12.3.1/../../../../arm-none-eabi/lib/thumb/v6-m/nofp\libnosys.a
END GROUP
LOAD C:/ST/STM32CubeIDE_1.17.0/STM32CubeIDE/plugins/com.st.stm32cube.ide.mcu.externaltools.gnu-tools-for-stm32.12.3.rel1.win32_1.1.0.202410251130/tools/bin/../lib/gcc/arm-none-eabi/12.3.1/thumb/v6-m/nofp/crtend.o
LOAD C:/ST/STM32CubeIDE_1.17.0/STM32CubeIDE/plugins/com.st.stm32cube.ide.mcu.externaltools.gnu-tools-for-stm32.12.3.rel1.win32_1.1.0.202410251130/tools/bin/../lib/gcc/arm-none-eabi/12.3.1/thumb/v6-m/nofp/crtn.o
                0x20024000                        _estack = (ORIGIN (RAM) + LENGTH (RAM))
                0x00000200                        _Min_Heap_Size = 0x200
                0x00000400                        _Min_Stack_Size = 0x400

.isr_vector     0x08000000       0xbc
                0x08000000                        . = ALIGN (0x4)
 *(.isr_vector)
 .isr_vector    0x08000000       0xbc H19R0\startup_stm32g0b1ceuxn.o
                0x08000000                g_pfnVectors
                0x080000bc                        . = ALIGN (0x4)

.text           0x080000c0    0x287b8
                0x080000c0                        . = ALIGN (0x4)
 *(.text)
 .text          0x080000c0       0x48 C:/ST/STM32CubeIDE_1.17.0/STM32CubeIDE/plugins/com.st.stm32cube.ide.mcu.externaltools.gnu-tools-for-stm32.12.3.rel1.win32_1.1.0.202410251130/tools/bin/../lib/gcc/arm-none-eabi/12.3.1/thumb/v6-m/nofp/crtbegin.o
 .text          0x08000108       0x14 C:/ST/STM32CubeIDE_1.17.0/STM32CubeIDE/plugins/com.st.stm32cube.ide.mcu.externaltools.gnu-tools-for-stm32.12.3.rel1.win32_1.1.0.202410251130/tools/bin/../lib/gcc/arm-none-eabi/12.3.1/../../../../arm-none-eabi/lib/thumb/v6-m/nofp\libc.a(libc_a-strcmp.o)
                0x08000108                strcmp
 .text          0x0800011c        0xe C:/ST/STM32CubeIDE_1.17.0/STM32CubeIDE/plugins/com.st.stm32cube.ide.mcu.externaltools.gnu-tools-for-stm32.12.3.rel1.win32_1.1.0.202410251130/tools/bin/../lib/gcc/arm-none-eabi/12.3.1/../../../../arm-none-eabi/lib/thumb/v6-m/nofp\libc.a(libc_a-strlen.o)
                0x0800011c                strlen
 *fill*         0x0800012a        0x2 
 .text          0x0800012c       0x14 C:/ST/STM32CubeIDE_1.17.0/STM32CubeIDE/plugins/com.st.stm32cube.ide.mcu.externaltools.gnu-tools-for-stm32.12.3.rel1.win32_1.1.0.202410251130/tools/bin/../lib/gcc/arm-none-eabi/12.3.1/thumb/v6-m/nofp\libgcc.a(_thumb1_case_uqi.o)
                0x0800012c                __gnu_thumb1_case_uqi
 .text          0x08000140       0x14 C:/ST/STM32CubeIDE_1.17.0/STM32CubeIDE/plugins/com.st.stm32cube.ide.mcu.externaltools.gnu-tools-for-stm32.12.3.rel1.win32_1.1.0.202410251130/tools/bin/../lib/gcc/arm-none-eabi/12.3.1/thumb/v6-m/nofp\libgcc.a(_thumb1_case_uhi.o)
                0x08000140                __gnu_thumb1_case_uhi
 .text          0x08000154      0x114 C:/ST/STM32CubeIDE_1.17.0/STM32CubeIDE/plugins/com.st.stm32cube.ide.mcu.externaltools.gnu-tools-for-stm32.12.3.rel1.win32_1.1.0.202410251130/tools/bin/../lib/gcc/arm-none-eabi/12.3.1/thumb/v6-m/nofp\libgcc.a(_udivsi3.o)
                0x08000154                __aeabi_uidiv
                0x08000154                __udivsi3
                0x08000260                __aeabi_uidivmod
 .text          0x08000268      0x1d4 C:/ST/STM32CubeIDE_1.17.0/STM32CubeIDE/plugins/com.st.stm32cube.ide.mcu.externaltools.gnu-tools-for-stm32.12.3.rel1.win32_1.1.0.202410251130/tools/bin/../lib/gcc/arm-none-eabi/12.3.1/thumb/v6-m/nofp\libgcc.a(_divsi3.o)
                0x08000268                __divsi3
                0x08000268                __aeabi_idiv
                0x08000434                __aeabi_idivmod
 .text          0x0800043c        0x4 C:/ST/STM32CubeIDE_1.17.0/STM32CubeIDE/plugins/com.st.stm32cube.ide.mcu.externaltools.gnu-tools-for-stm32.12.3.rel1.win32_1.1.0.202410251130/tools/bin/../lib/gcc/arm-none-eabi/12.3.1/thumb/v6-m/nofp\libgcc.a(_dvmd_tls.o)
                0x0800043c                __aeabi_idiv0
                0x0800043c                __aeabi_ldiv0
 .text          0x08000440       0x7c C:/ST/STM32CubeIDE_1.17.0/STM32CubeIDE/plugins/com.st.stm32cube.ide.mcu.externaltools.gnu-tools-for-stm32.12.3.rel1.win32_1.1.0.202410251130/tools/bin/../lib/gcc/arm-none-eabi/12.3.1/thumb/v6-m/nofp\libgcc.a(_arm_cmpdf2.o)
                0x08000440                __aeabi_cdrcmple
                0x08000450                __aeabi_cdcmple
                0x08000450                __aeabi_cdcmpeq
                0x08000460                __aeabi_dcmpeq
                0x0800046c                __aeabi_dcmplt
                0x08000480                __aeabi_dcmple
                0x08000494                __aeabi_dcmpgt
                0x080004a8                __aeabi_dcmpge
 .text          0x080004bc       0x74 C:/ST/STM32CubeIDE_1.17.0/STM32CubeIDE/plugins/com.st.stm32cube.ide.mcu.externaltools.gnu-tools-for-stm32.12.3.rel1.win32_1.1.0.202410251130/tools/bin/../lib/gcc/arm-none-eabi/12.3.1/thumb/v6-m/nofp\libgcc.a(_arm_cmpsf2.o)
                0x080004bc                __aeabi_cfrcmple
                0x080004c4                __aeabi_cfcmpeq
                0x080004c4                __aeabi_cfcmple
                0x080004d4                __aeabi_fcmpeq
                0x080004e0                __aeabi_fcmplt
                0x080004f4                __aeabi_fcmple
                0x08000508                __aeabi_fcmpgt
                0x0800051c                __aeabi_fcmpge
 .text          0x08000530       0x40 C:/ST/STM32CubeIDE_1.17.0/STM32CubeIDE/plugins/com.st.stm32cube.ide.mcu.externaltools.gnu-tools-for-stm32.12.3.rel1.win32_1.1.0.202410251130/tools/bin/../lib/gcc/arm-none-eabi/12.3.1/thumb/v6-m/nofp\libgcc.a(_aeabi_uldivmod.o)
                0x08000530                __aeabi_uldivmod
 .text          0x08000570       0x5c C:/ST/STM32CubeIDE_1.17.0/STM32CubeIDE/plugins/com.st.stm32cube.ide.mcu.externaltools.gnu-tools-for-stm32.12.3.rel1.win32_1.1.0.202410251130/tools/bin/../lib/gcc/arm-none-eabi/12.3.1/thumb/v6-m/nofp\libgcc.a(_muldi3.o)
                0x08000570                __muldi3
                0x08000570                __aeabi_lmul
 .text          0x080005cc       0x3c C:/ST/STM32CubeIDE_1.17.0/STM32CubeIDE/plugins/com.st.stm32cube.ide.mcu.externaltools.gnu-tools-for-stm32.12.3.rel1.win32_1.1.0.202410251130/tools/bin/../lib/gcc/arm-none-eabi/12.3.1/thumb/v6-m/nofp\libgcc.a(_fixunsdfsi.o)
                0x080005cc                __aeabi_d2uiz
                0x080005cc                __fixunsdfsi
 .text          0x08000608       0x38 C:/ST/STM32CubeIDE_1.17.0/STM32CubeIDE/plugins/com.st.stm32cube.ide.mcu.externaltools.gnu-tools-for-stm32.12.3.rel1.win32_1.1.0.202410251130/tools/bin/../lib/gcc/arm-none-eabi/12.3.1/thumb/v6-m/nofp\libgcc.a(_fixdfdi.o)
                0x08000608                __fixdfdi
                0x08000608                __aeabi_d2lz
 .text          0x08000640       0x3c C:/ST/STM32CubeIDE_1.17.0/STM32CubeIDE/plugins/com.st.stm32cube.ide.mcu.externaltools.gnu-tools-for-stm32.12.3.rel1.win32_1.1.0.202410251130/tools/bin/../lib/gcc/arm-none-eabi/12.3.1/thumb/v6-m/nofp\libgcc.a(_fixunsdfdi.o)
                0x08000640                __fixunsdfdi
                0x08000640                __aeabi_d2ulz
 .text          0x0800067c       0x2c C:/ST/STM32CubeIDE_1.17.0/STM32CubeIDE/plugins/com.st.stm32cube.ide.mcu.externaltools.gnu-tools-for-stm32.12.3.rel1.win32_1.1.0.202410251130/tools/bin/../lib/gcc/arm-none-eabi/12.3.1/thumb/v6-m/nofp\libgcc.a(_floatdidf.o)
                0x0800067c                __aeabi_l2d
                0x0800067c                __floatdidf
 .text          0x080006a8      0x198 C:/ST/STM32CubeIDE_1.17.0/STM32CubeIDE/plugins/com.st.stm32cube.ide.mcu.externaltools.gnu-tools-for-stm32.12.3.rel1.win32_1.1.0.202410251130/tools/bin/../lib/gcc/arm-none-eabi/12.3.1/thumb/v6-m/nofp\libgcc.a(_udivmoddi4.o)
                0x080006a8                __udivmoddi4
 .text          0x08000840      0x314 C:/ST/STM32CubeIDE_1.17.0/STM32CubeIDE/plugins/com.st.stm32cube.ide.mcu.externaltools.gnu-tools-for-stm32.12.3.rel1.win32_1.1.0.202410251130/tools/bin/../lib/gcc/arm-none-eabi/12.3.1/thumb/v6-m/nofp\libgcc.a(addsf3.o)
                0x08000840                __aeabi_fadd
 .text          0x08000b54      0x240 C:/ST/STM32CubeIDE_1.17.0/STM32CubeIDE/plugins/com.st.stm32cube.ide.mcu.externaltools.gnu-tools-for-stm32.12.3.rel1.win32_1.1.0.202410251130/tools/bin/../lib/gcc/arm-none-eabi/12.3.1/thumb/v6-m/nofp\libgcc.a(divsf3.o)
                0x08000b54                __aeabi_fdiv
 .text          0x08000d94       0x50 C:/ST/STM32CubeIDE_1.17.0/STM32CubeIDE/plugins/com.st.stm32cube.ide.mcu.externaltools.gnu-tools-for-stm32.12.3.rel1.win32_1.1.0.202410251130/tools/bin/../lib/gcc/arm-none-eabi/12.3.1/thumb/v6-m/nofp\libgcc.a(eqsf2.o)
                0x08000d94                __eqsf2
                0x08000d94                __nesf2
 .text          0x08000de4       0xa0 C:/ST/STM32CubeIDE_1.17.0/STM32CubeIDE/plugins/com.st.stm32cube.ide.mcu.externaltools.gnu-tools-for-stm32.12.3.rel1.win32_1.1.0.202410251130/tools/bin/../lib/gcc/arm-none-eabi/12.3.1/thumb/v6-m/nofp\libgcc.a(gesf2.o)
                0x08000de4                __gesf2
                0x08000de4                __gtsf2
 .text          0x08000e84       0x9c C:/ST/STM32CubeIDE_1.17.0/STM32CubeIDE/plugins/com.st.stm32cube.ide.mcu.externaltools.gnu-tools-for-stm32.12.3.rel1.win32_1.1.0.202410251130/tools/bin/../lib/gcc/arm-none-eabi/12.3.1/thumb/v6-m/nofp\libgcc.a(lesf2.o)
                0x08000e84                __ltsf2
                0x08000e84                __lesf2
 .text          0x08000f20      0x27c C:/ST/STM32CubeIDE_1.17.0/STM32CubeIDE/plugins/com.st.stm32cube.ide.mcu.externaltools.gnu-tools-for-stm32.12.3.rel1.win32_1.1.0.202410251130/tools/bin/../lib/gcc/arm-none-eabi/12.3.1/thumb/v6-m/nofp\libgcc.a(mulsf3.o)
                0x08000f20                __aeabi_fmul
 .text          0x0800119c       0x2c C:/ST/STM32CubeIDE_1.17.0/STM32CubeIDE/plugins/com.st.stm32cube.ide.mcu.externaltools.gnu-tools-for-stm32.12.3.rel1.win32_1.1.0.202410251130/tools/bin/../lib/gcc/arm-none-eabi/12.3.1/thumb/v6-m/nofp\libgcc.a(unordsf2.o)
                0x0800119c                __aeabi_fcmpun
 .text          0x080011c8       0x98 C:/ST/STM32CubeIDE_1.17.0/STM32CubeIDE/plugins/com.st.stm32cube.ide.mcu.externaltools.gnu-tools-for-stm32.12.3.rel1.win32_1.1.0.202410251130/tools/bin/../lib/gcc/arm-none-eabi/12.3.1/thumb/v6-m/nofp\libgcc.a(floatsisf.o)
                0x080011c8                __aeabi_i2f
 .text          0x08001260      0x6c8 C:/ST/STM32CubeIDE_1.17.0/STM32CubeIDE/plugins/com.st.stm32cube.ide.mcu.externaltools.gnu-tools-for-stm32.12.3.rel1.win32_1.1.0.202410251130/tools/bin/../lib/gcc/arm-none-eabi/12.3.1/thumb/v6-m/nofp\libgcc.a(adddf3.o)
                0x08001260                __aeabi_dadd
 .text          0x08001928      0x634 C:/ST/STM32CubeIDE_1.17.0/STM32CubeIDE/plugins/com.st.stm32cube.ide.mcu.externaltools.gnu-tools-for-stm32.12.3.rel1.win32_1.1.0.202410251130/tools/bin/../lib/gcc/arm-none-eabi/12.3.1/thumb/v6-m/nofp\libgcc.a(divdf3.o)
                0x08001928                __aeabi_ddiv
 .text          0x08001f5c       0x88 C:/ST/STM32CubeIDE_1.17.0/STM32CubeIDE/plugins/com.st.stm32cube.ide.mcu.externaltools.gnu-tools-for-stm32.12.3.rel1.win32_1.1.0.202410251130/tools/bin/../lib/gcc/arm-none-eabi/12.3.1/thumb/v6-m/nofp\libgcc.a(eqdf2.o)
                0x08001f5c                __nedf2
                0x08001f5c                __eqdf2
 .text          0x08001fe4       0xe8 C:/ST/STM32CubeIDE_1.17.0/STM32CubeIDE/plugins/com.st.stm32cube.ide.mcu.externaltools.gnu-tools-for-stm32.12.3.rel1.win32_1.1.0.202410251130/tools/bin/../lib/gcc/arm-none-eabi/12.3.1/thumb/v6-m/nofp\libgcc.a(gedf2.o)
                0x08001fe4                __gedf2
                0x08001fe4                __gtdf2
 .text          0x080020cc       0xe4 C:/ST/STM32CubeIDE_1.17.0/STM32CubeIDE/plugins/com.st.stm32cube.ide.mcu.externaltools.gnu-tools-for-stm32.12.3.rel1.win32_1.1.0.202410251130/tools/bin/../lib/gcc/arm-none-eabi/12.3.1/thumb/v6-m/nofp\libgcc.a(ledf2.o)
                0x080020cc                __ledf2
                0x080020cc                __ltdf2
 .text          0x080021b0      0x590 C:/ST/STM32CubeIDE_1.17.0/STM32CubeIDE/plugins/com.st.stm32cube.ide.mcu.externaltools.gnu-tools-for-stm32.12.3.rel1.win32_1.1.0.202410251130/tools/bin/../lib/gcc/arm-none-eabi/12.3.1/thumb/v6-m/nofp\libgcc.a(muldf3.o)
                0x080021b0                __aeabi_dmul
 .text          0x08002740      0x738 C:/ST/STM32CubeIDE_1.17.0/STM32CubeIDE/plugins/com.st.stm32cube.ide.mcu.externaltools.gnu-tools-for-stm32.12.3.rel1.win32_1.1.0.202410251130/tools/bin/../lib/gcc/arm-none-eabi/12.3.1/thumb/v6-m/nofp\libgcc.a(subdf3.o)
                0x08002740                __aeabi_dsub
 .text          0x08002e78       0x44 C:/ST/STM32CubeIDE_1.17.0/STM32CubeIDE/plugins/com.st.stm32cube.ide.mcu.externaltools.gnu-tools-for-stm32.12.3.rel1.win32_1.1.0.202410251130/tools/bin/../lib/gcc/arm-none-eabi/12.3.1/thumb/v6-m/nofp\libgcc.a(unorddf2.o)
                0x08002e78                __aeabi_dcmpun
 .text          0x08002ebc       0x78 C:/ST/STM32CubeIDE_1.17.0/STM32CubeIDE/plugins/com.st.stm32cube.ide.mcu.externaltools.gnu-tools-for-stm32.12.3.rel1.win32_1.1.0.202410251130/tools/bin/../lib/gcc/arm-none-eabi/12.3.1/thumb/v6-m/nofp\libgcc.a(fixdfsi.o)
                0x08002ebc                __aeabi_d2iz
 .text          0x08002f34       0x5c C:/ST/STM32CubeIDE_1.17.0/STM32CubeIDE/plugins/com.st.stm32cube.ide.mcu.externaltools.gnu-tools-for-stm32.12.3.rel1.win32_1.1.0.202410251130/tools/bin/../lib/gcc/arm-none-eabi/12.3.1/thumb/v6-m/nofp\libgcc.a(floatsidf.o)
                0x08002f34                __aeabi_i2d
 .text          0x08002f90       0x48 C:/ST/STM32CubeIDE_1.17.0/STM32CubeIDE/plugins/com.st.stm32cube.ide.mcu.externaltools.gnu-tools-for-stm32.12.3.rel1.win32_1.1.0.202410251130/tools/bin/../lib/gcc/arm-none-eabi/12.3.1/thumb/v6-m/nofp\libgcc.a(floatunsidf.o)
                0x08002f90                __aeabi_ui2d
 .text          0x08002fd8       0x90 C:/ST/STM32CubeIDE_1.17.0/STM32CubeIDE/plugins/com.st.stm32cube.ide.mcu.externaltools.gnu-tools-for-stm32.12.3.rel1.win32_1.1.0.202410251130/tools/bin/../lib/gcc/arm-none-eabi/12.3.1/thumb/v6-m/nofp\libgcc.a(extendsfdf2.o)
                0x08002fd8                __aeabi_f2d
 .text          0x08003068      0x108 C:/ST/STM32CubeIDE_1.17.0/STM32CubeIDE/plugins/com.st.stm32cube.ide.mcu.externaltools.gnu-tools-for-stm32.12.3.rel1.win32_1.1.0.202410251130/tools/bin/../lib/gcc/arm-none-eabi/12.3.1/thumb/v6-m/nofp\libgcc.a(truncdfsf2.o)
                0x08003068                __aeabi_d2f
 .text          0x08003170       0x3c C:/ST/STM32CubeIDE_1.17.0/STM32CubeIDE/plugins/com.st.stm32cube.ide.mcu.externaltools.gnu-tools-for-stm32.12.3.rel1.win32_1.1.0.202410251130/tools/bin/../lib/gcc/arm-none-eabi/12.3.1/thumb/v6-m/nofp\libgcc.a(_clzsi2.o)
                0x08003170                __clzsi2
 .text          0x080031ac       0x18 C:/ST/STM32CubeIDE_1.17.0/STM32CubeIDE/plugins/com.st.stm32cube.ide.mcu.externaltools.gnu-tools-for-stm32.12.3.rel1.win32_1.1.0.202410251130/tools/bin/../lib/gcc/arm-none-eabi/12.3.1/thumb/v6-m/nofp\libgcc.a(_clzdi2.o)
                0x080031ac                __clzdi2
 *(.text*)
 .text.__NVIC_SystemReset
                0x080031c4       0x24 BOS\BOS.o
 .text.LoadEEvars
                0x080031e8       0x2a BOS\BOS.o
                0x080031e8                LoadEEvars
 *fill*         0x08003212        0x2 
 .text.LoadROtopology
                0x08003214       0xfc BOS\BOS.o
                0x08003214                LoadROtopology
 .text.LoadEEportsDir
                0x08003310       0x68 BOS\BOS.o
                0x08003310                LoadEEportsDir
 .text.LoadEEalias
                0x08003378       0xd8 BOS\BOS.o
                0x08003378                LoadEEalias
 .text.LoadEEgroup
                0x08003450      0x120 BOS\BOS.o
                0x08003450                LoadEEgroup
 .text.LoadEEstreams
                0x08003570      0x228 BOS\BOS.o
                0x08003570                LoadEEstreams
 .text.LoadEEparams
                0x08003798      0x2e4 BOS\BOS.o
                0x08003798                LoadEEparams
 .text.LoadEEbuttons
                0x08003a7c      0x124 BOS\BOS.o
                0x08003a7c                LoadEEbuttons
 .text.LoadROsnippets
                0x08003ba0      0x1d8 BOS\BOS.o
                0x08003ba0                LoadROsnippets
 .text.SaveEEportsDir
                0x08003d78       0x78 BOS\BOS.o
                0x08003d78                SaveEEportsDir
 .text.SaveEEalias
                0x08003df0       0xd0 BOS\BOS.o
                0x08003df0                SaveEEalias
 .text.SaveEEstreams
                0x08003ec0       0xdc BOS\BOS.o
                0x08003ec0                SaveEEstreams
 .text.SaveEEparams
                0x08003f9c       0xb4 BOS\BOS.o
                0x08003f9c                SaveEEparams
 .text.ClearEEportsDir
                0x08004050       0x84 BOS\BOS.o
                0x08004050                ClearEEportsDir
 .text.IsLowerCLIbaud
                0x080040d4       0xe8 BOS\BOS.o
                0x080040d4                IsLowerCLIbaud
 .text.IsModuleParameter
                0x080041bc       0x64 BOS\BOS.o
                0x080041bc                IsModuleParameter
 .text.IsMathOperator
                0x08004220       0xc4 BOS\BOS.o
                0x08004220                IsMathOperator
 .text.BOS_Init
                0x080042e4      0x144 BOS\BOS.o
                0x080042e4                BOS_Init
 .text.Module_Init
                0x08004428       0x1e BOS\BOS.o
                0x08004428                Module_Init
 *fill*         0x08004446        0x2 
 .text.Explore  0x08004448      0xa5c BOS\BOS.o
                0x08004448                Explore
 .text.ExploreNeighbors
                0x08004ea4       0x90 BOS\BOS.o
                0x08004ea4                ExploreNeighbors
 .text.FindBroadcastRoutes
                0x08004f34      0x3b0 BOS\BOS.o
                0x08004f34                FindBroadcastRoutes
 .text.FindRoute
                0x080052e4      0x2d8 BOS\BOS.o
                0x080052e4                FindRoute
 .text.minArr   0x080055bc       0x88 BOS\BOS.o
                0x080055bc                minArr
 .text.QnotEmpty
                0x08005644       0x50 BOS\BOS.o
                0x08005644                QnotEmpty
 .text.DisplayTopology
                0x08005694      0x258 BOS\BOS.o
                0x08005694                DisplayTopology
 .text.DisplayPortsDir
                0x080058ec      0x118 BOS\BOS.o
                0x080058ec                DisplayPortsDir
 .text.DisplayModuleStatus
                0x08005a04      0x3b4 BOS\BOS.o
                0x08005a04                DisplayModuleStatus
 .text.GetID    0x08005db8      0x15c BOS\BOS.o
                0x08005db8                GetID
 .text.NameModule
                0x08005f14      0x140 BOS\BOS.o
                0x08005f14                NameModule
 .text.AddModuleToGroup
                0x08006054      0x1b8 BOS\BOS.o
                0x08006054                AddModuleToGroup
 .text.WriteToRemote
                0x0800620c      0x418 BOS\BOS.o
                0x0800620c                WriteToRemote
 .text.GetDateString
                0x08006624       0x5c BOS\BOS.o
                0x08006624                GetDateString
 .text.Bridge   0x08006680       0x4c BOS\BOS.o
                0x08006680                Bridge
 .text.Unbridge
                0x080066cc       0xbc BOS\BOS.o
                0x080066cc                Unbridge
 .text.EncodeValueToBytes
                0x08006788       0x84 BOS\BOS.o
                0x08006788                EncodeValueToBytes
 .text.DecodeBytesToValue
                0x0800680c       0x84 BOS\BOS.o
                0x0800680c                DecodeBytesToValue
 .text.prvCLITask
                0x08006890      0x254 BOS\BOS_CLI.o
                0x08006890                prvCLITask
 .text.CLI_CommandParser
                0x08006ae4      0x57c BOS\BOS_CLI.o
                0x08006ae4                CLI_CommandParser
 .text.StringToLowerCase
                0x08007060       0x6c BOS\BOS_CLI.o
                0x08007060                StringToLowerCase
 .text.AddSnippet
                0x080070cc      0x118 BOS\BOS_CLI.o
                0x080070cc                AddSnippet
 .text.ParseSnippetCondition
                0x080071e4      0x2e8 BOS\BOS_CLI.o
                0x080071e4                ParseSnippetCondition
 .text.CheckSnippetCondition
                0x080074cc      0x1cc BOS\BOS_CLI.o
                0x080074cc                CheckSnippetCondition
 .text.ExecuteSnippet
                0x08007698       0xdc BOS\BOS_CLI.o
                0x08007698                ExecuteSnippet
 .text.ParseSnippetCommand
                0x08007774       0xe0 BOS\BOS_CLI.o
                0x08007774                ParseSnippetCommand
 .text.__NVIC_SystemReset
                0x08007854       0x24 BOS\BOS_CLIcommands.o
 .text.RegisterUserCLICommands
                0x08007878        0xa BOS\BOS_CLIcommands.o
                0x08007878                RegisterUserCLICommands
 *fill*         0x08007882        0x2 
 .text.vRegisterCLICommands
                0x08007884      0x1a4 BOS\BOS_CLIcommands.o
                0x08007884                vRegisterCLICommands
 .text.prvTaskStatsCommand
                0x08007a28       0x40 BOS\BOS_CLIcommands.o
 .text.prvRunTimeStatsCommand
                0x08007a68       0x40 BOS\BOS_CLIcommands.o
 .text.pingCommand
                0x08007aa8       0x9c BOS\BOS_CLIcommands.o
 .text.bootloaderUpdateCommand
                0x08007b44      0x200 BOS\BOS_CLIcommands.o
 .text.exploreCommand
                0x08007d44       0xf8 BOS\BOS_CLIcommands.o
 .text.resetCommand
                0x08007e3c       0x10 BOS\BOS_CLIcommands.o
 .text.nameCommand
                0x08007e4c       0xe8 BOS\BOS_CLIcommands.o
 .text.groupCommand
                0x08007f34      0x2fc BOS\BOS_CLIcommands.o
 .text.statusCommand
                0x08008230       0x1c BOS\BOS_CLIcommands.o
 .text.infoCommand
                0x0800824c       0xfc BOS\BOS_CLIcommands.o
 .text.addbuttonCommand
                0x08008348      0x110 BOS\BOS_CLIcommands.o
 .text.removebuttonCommand
                0x08008458       0x94 BOS\BOS_CLIcommands.o
 .text.setCommand
                0x080084ec      0xba8 BOS\BOS_CLIcommands.o
 .text.getCommand
                0x08009094      0x39c BOS\BOS_CLIcommands.o
 .text.defaultCommand
                0x08009430       0xf8 BOS\BOS_CLIcommands.o
 .text.timeCommand
                0x08009528       0xd8 BOS\BOS_CLIcommands.o
 .text.dateCommand
                0x08009600       0x34 BOS\BOS_CLIcommands.o
 .text.setBaudrateCommand
                0x08009634       0xc0 BOS\BOS_CLIcommands.o
 .text.uuidCommand
                0x080096f4       0x90 BOS\BOS_CLIcommands.o
 .text.idcodeCommand
                0x08009784       0x7c BOS\BOS_CLIcommands.o
 .text.flashsizeCommand
                0x08009800       0x34 BOS\BOS_CLIcommands.o
 .text.snipCommand
                0x08009834      0x328 BOS\BOS_CLIcommands.o
 .text.actSnipCommand
                0x08009b5c       0xb8 BOS\BOS_CLIcommands.o
 .text.pauseSnipCommand
                0x08009c14       0xb8 BOS\BOS_CLIcommands.o
 .text.delSnipCommand
                0x08009ccc      0x1d4 BOS\BOS_CLIcommands.o
 .text.bridgeCommand
                0x08009ea0      0x11c BOS\BOS_CLIcommands.o
 .text.unbridgeCommand
                0x08009fbc      0x11c BOS\BOS_CLIcommands.o
 .text.testportCommand
                0x0800a0d8      0x2d8 BOS\BOS_CLIcommands.o
 .text.ADCReadCommand
                0x0800a3b0      0x114 BOS\BOS_CLIcommands.o
 .text.ReadTempCommand
                0x0800a4c4       0x54 BOS\BOS_CLIcommands.o
 .text.ReadVrefCommand
                0x0800a518       0x54 BOS\BOS_CLIcommands.o
 .text.GetReadPercentageCommand
                0x0800a56c      0x108 BOS\BOS_CLIcommands.o
 .text.StartDMAstream
                0x0800a674       0xb0 BOS\BOS_dma.o
                0x0800a674                StartDMAstream
 .text.DMA_IRQHandler
                0x0800a724      0x118 BOS\BOS_dma.o
                0x0800a724                DMA_IRQHandler
 .text.ResetUartORE
                0x0800a83c       0x48 BOS\BOS_dma.o
                0x0800a83c                ResetUartORE
 .text.MX_FREERTOS_Init
                0x0800a884      0x1cc BOS\BOS_freertos.o
                0x0800a884                MX_FREERTOS_Init
 .text.StartDefaultTask
                0x0800aa50      0x114 BOS\BOS_freertos.o
                0x0800aa50                StartDefaultTask
 .text.vMainConfigureTimerForRunTimeStats
                0x0800ab64       0x2c BOS\BOS_freertos.o
                0x0800ab64                vMainConfigureTimerForRunTimeStats
 .text.ulMainGetRunTimeCounterValue
                0x0800ab90       0x9c BOS\BOS_freertos.o
                0x0800ab90                ulMainGetRunTimeCounterValue
 .text.SetupDMAStreams
                0x0800ac2c      0x3c8 BOS\BOS_messaging.o
                0x0800ac2c                SetupDMAStreams
 .text.StreamTimerCallback
                0x0800aff4       0xa4 BOS\BOS_messaging.o
                0x0800aff4                StreamTimerCallback
 .text.ForwardReceivedMessage
                0x0800b098       0x8c BOS\BOS_messaging.o
                0x0800b098                ForwardReceivedMessage
 .text.BroadcastReceivedMessage
                0x0800b124       0x70 BOS\BOS_messaging.o
                0x0800b124                BroadcastReceivedMessage
 .text.NotifyMessagingTask
                0x0800b194       0x80 BOS\BOS_messaging.o
                0x0800b194                NotifyMessagingTask
 .text.BroadcastMessage
                0x0800b214       0x94 BOS\BOS_messaging.o
                0x0800b214                BroadcastMessage
 .text.SendMessageToModule
                0x0800b2a8       0xa4 BOS\BOS_messaging.o
                0x0800b2a8                SendMessageToModule
 .text.SendLargeMessageToModule
                0x0800b34c      0x10c BOS\BOS_messaging.o
                0x0800b34c                SendLargeMessageToModule
 .text.SendMessageFromPort
                0x0800b458      0x4e8 BOS\BOS_messaging.o
                0x0800b458                SendMessageFromPort
 .text.StartScastDMAStream
                0x0800b940      0x314 BOS\BOS_messaging.o
                0x0800b940                StartScastDMAStream
 .text.__NVIC_SystemReset
                0x0800bc54       0x24 BOS\BOS_msgparser.o
 .text.BackEndTask
                0x0800bc78      0xbb0 BOS\BOS_msgparser.o
                0x0800bc78                BackEndTask
 .text.PxMessagingTask
                0x0800c828      0x72c BOS\BOS_msgparser.o
                0x0800c828                PxMessagingTask
 .text.User_MessagingParser
                0x0800cf54       0x3a BOS\BOS_msgparser.o
                0x0800cf54                User_MessagingParser
 *fill*         0x0800cf8e        0x2 
 .text.HandlePingCode
                0x0800cf90       0x74 BOS\BOS_msgparser.o
 .text.HandlePingResponseCode
                0x0800d004       0xd4 BOS\BOS_msgparser.o
 .text.HandleHiCode
                0x0800d0d8      0x110 BOS\BOS_msgparser.o
 .text.HandleHiResponseCode
                0x0800d1e8       0xc8 BOS\BOS_msgparser.o
 .text.HandleEthernetDefaultValuesCode
                0x0800d2b0      0x3e8 BOS\BOS_msgparser.o
 .text.HandleExploreAdjacentCode
                0x0800d698       0xe4 BOS\BOS_msgparser.o
 .text.HandleExploreAdjacentResponseCode
                0x0800d77c       0xfc BOS\BOS_msgparser.o
 .text.HandlePortDirectionCode
                0x0800d878       0xcc BOS\BOS_msgparser.o
 .text.HandleModuleIDCode
                0x0800d944       0xec BOS\BOS_msgparser.o
 .text.HandleTopologyCode
                0x0800da30      0x128 BOS\BOS_msgparser.o
 .text.HandleReadPortDirectionResponseCode
                0x0800db58       0xd0 BOS\BOS_msgparser.o
 .text.HandleBaudRateCode
                0x0800dc28      0x190 BOS\BOS_msgparser.o
 .text.HandleExploreEEPROMCode
                0x0800ddb8       0x4c BOS\BOS_msgparser.o
 .text.HandleDefArrayCode
                0x0800de04       0x50 BOS\BOS_msgparser.o
 .text.HandleCLICommandCode
                0x0800de54      0x1a8 BOS\BOS_msgparser.o
 .text.HandleCLIResponseCode
                0x0800dffc      0x114 BOS\BOS_msgparser.o
 .text.HandleUpdateCode
                0x0800e110       0x48 BOS\BOS_msgparser.o
 .text.HandleUpdateViaPortCode
                0x0800e158       0x94 BOS\BOS_msgparser.o
 .text.HandleDMAChannelCode
                0x0800e1ec      0x544 BOS\BOS_msgparser.o
 .text.HandleDMASingleCastStreamCode
                0x0800e730      0x14c BOS\BOS_msgparser.o
 .text.HandleReadRemoteCode
                0x0800e87c      0x4b4 BOS\BOS_msgparser.o
 .text.HandleReadRemoteResponseCode
                0x0800ed30      0x35c BOS\BOS_msgparser.o
 .text.HandleWriteRemoteCode
                0x0800f08c      0x96c BOS\BOS_msgparser.o
 .text.HandleWriteRemoteResponseCode
                0x0800f9f8       0x58 BOS\BOS_msgparser.o
 .text.HandlePortForwardCode
                0x0800fa50       0xa8 BOS\BOS_msgparser.o
 .text.HandleReadADCVauleCode
                0x0800faf8       0xcc BOS\BOS_msgparser.o
 .text.HandleReadTempAndVrefCode
                0x0800fbc4       0x48 BOS\BOS_msgparser.o
 .text.HandleAckAcceptedCode
                0x0800fc0c       0x3c BOS\BOS_msgparser.o
 .text.HandleRejectedCode
                0x0800fc48       0x3c BOS\BOS_msgparser.o
 .text.HandleReadResponseCode
                0x0800fc84      0x5c0 BOS\BOS_msgparser.o
 .text.HandleStopModeUartxCode
                0x08010244       0x74 BOS\BOS_msgparser.o
 .text.HandleEnStandbyModeWakeupPinxCode
                0x080102b8       0x74 BOS\BOS_msgparser.o
 .text.HandleRawDataCode
                0x0801032c       0xdc BOS\BOS_msgparser.o
 .text.HandleDefaultCode
                0x08010408       0xac BOS\BOS_msgparser.o
 .text.HAL_UART_RxCpltCallback
                0x080104b4       0x68 G0_STSPIN_Commands\Commands_Driver_APIs.o
                0x080104b4                HAL_UART_RxCpltCallback
 .text.ConvertFloatTwoBytes
                0x0801051c       0x4c G0_STSPIN_Commands\Commands_Driver_APIs.o
                0x0801051c                ConvertFloatTwoBytes
 .text.ConvertUint16TwoBytes
                0x08010568       0x50 G0_STSPIN_Commands\Commands_Driver_APIs.o
                0x08010568                ConvertUint16TwoBytes
 .text.ConvertInt16TwoBytes
                0x080105b8       0x50 G0_STSPIN_Commands\Commands_Driver_APIs.o
                0x080105b8                ConvertInt16TwoBytes
 .text.PrepareMessage
                0x08010608       0x78 G0_STSPIN_Commands\Commands_Driver_APIs.o
                0x08010608                PrepareMessage
 .text.Stop     0x08010680       0x60 G0_STSPIN_Commands\Commands_Driver_APIs.o
                0x08010680                Stop
 .text.SetPosition
                0x080106e0       0x50 G0_STSPIN_Commands\Commands_Driver_APIs.o
                0x080106e0                SetPosition
 .text.SetSpeed
                0x08010730       0x5c G0_STSPIN_Commands\Commands_Driver_APIs.o
                0x08010730                SetSpeed
 .text.SetTorque
                0x0801078c       0x5c G0_STSPIN_Commands\Commands_Driver_APIs.o
                0x0801078c                SetTorque
 .text.SystemClock_Config
                0x080107e8       0xb4 H19R0\H19R0.o
                0x080107e8                SystemClock_Config
 .text.EnableStopModebyUARTx
                0x0801089c       0xbc H19R0\H19R0.o
                0x0801089c                EnableStopModebyUARTx
 .text.EnableStandbyModebyWakeupPinx
                0x08010958       0x64 H19R0\H19R0.o
                0x08010958                EnableStandbyModebyWakeupPinx
 .text.DisableStandbyModeWakeupPinx
                0x080109bc       0x98 H19R0\H19R0.o
                0x080109bc                DisableStandbyModeWakeupPinx
 .text.SaveTopologyToRO
                0x08010a54      0x1c0 H19R0\H19R0.o
                0x08010a54                SaveTopologyToRO
 .text.SaveSnippetsToRO
                0x08010c14      0x1f8 H19R0\H19R0.o
                0x08010c14                SaveSnippetsToRO
 .text.ClearROtopology
                0x08010e0c       0x38 H19R0\H19R0.o
                0x08010e0c                ClearROtopology
 .text.RemoteBootloaderUpdate
                0x08010e44      0x178 H19R0\H19R0.o
                0x08010e44                RemoteBootloaderUpdate
 .text.SetupPortForRemoteBootloaderUpdate
                0x08010fbc       0x52 H19R0\H19R0.o
                0x08010fbc                SetupPortForRemoteBootloaderUpdate
 *fill*         0x0801100e        0x2 
 .text.Module_Peripheral_Init
                0x08011010      0x128 H19R0\H19R0.o
                0x08011010                Module_Peripheral_Init
 .text.GetModuleParameter
                0x08011138       0x2a H19R0\H19R0.o
                0x08011138                GetModuleParameter
 *fill*         0x08011162        0x2 
 .text.Module_MessagingTask
                0x08011164      0x2a8 H19R0\H19R0.o
                0x08011164                Module_MessagingTask
 .text.GetPort  0x0801140c       0x5c H19R0\H19R0.o
                0x0801140c                GetPort
 .text.RegisterModuleCLICommands
                0x08011468       0x3c H19R0\H19R0.o
                0x08011468                RegisterModuleCLICommands
 .text.MotorTurnOff
                0x080114a4       0x10 H19R0\H19R0.o
                0x080114a4                MotorTurnOff
 .text.MotorMoveToAngle
                0x080114b4       0x2c H19R0\H19R0.o
                0x080114b4                MotorMoveToAngle
 .text.MotorSpeedControl
                0x080114e0       0x2e H19R0\H19R0.o
                0x080114e0                MotorSpeedControl
 .text.MotorSetTorque
                0x0801150e       0x2e H19R0\H19R0.o
                0x0801150e                MotorSetTorque
 .text.CLI_MotorTurnOffCommand
                0x0801153c       0x44 H19R0\H19R0.o
 .text.CLI_MotorMoveToAngleCommand
                0x08011580       0x9c H19R0\H19R0.o
 .text.CLI_MotorSpeedControlCommand
                0x0801161c       0x98 H19R0\H19R0.o
 .text.CLI_MotorSetTorqueCommand
                0x080116b4       0x98 H19R0\H19R0.o
 .text.DMA_Init
                0x0801174c       0x74 H19R0\H19R0_dma.o
                0x0801174c                DMA_Init
 .text.SetupMessagingRxDMAs
                0x080117c0       0xc8 H19R0\H19R0_dma.o
                0x080117c0                SetupMessagingRxDMAs
 .text.DMA_MSG_RX_Setup
                0x08011888       0x68 H19R0\H19R0_dma.o
                0x08011888                DMA_MSG_RX_Setup
 .text.DMA_STREAM_Setup
                0x080118f0       0xf0 H19R0\H19R0_dma.o
                0x080118f0                DMA_STREAM_Setup
 .text.StopDMA  0x080119e0       0x98 H19R0\H19R0_dma.o
                0x080119e0                StopDMA
 .text.SwitchMsgDMAToStream
                0x08011a78       0x52 H19R0\H19R0_dma.o
                0x08011a78                SwitchMsgDMAToStream
 *fill*         0x08011aca        0x2 
 .text.SwitchStreamDMAToMsg
                0x08011acc       0xc8 H19R0\H19R0_dma.o
                0x08011acc                SwitchStreamDMAToMsg
 .text.CRC_Init
                0x08011b94       0x44 H19R0\H19R0_dma.o
                0x08011b94                CRC_Init
 .text.HAL_CRC_MspInit
                0x08011bd8       0x30 H19R0\H19R0_dma.o
                0x08011bd8                HAL_CRC_MspInit
 .text.CalculateCRC8
                0x08011c08      0x154 H19R0\H19R0_dma.o
                0x08011c08                CalculateCRC8
 .text.__NVIC_SystemReset
                0x08011d5c       0x24 H19R0\H19R0_eeprom.o
 .text.EE_Init  0x08011d80       0x56 H19R0\H19R0_eeprom.o
                0x08011d80                EE_Init
 .text.EE_ReadVariable
                0x08011dd6       0x42 H19R0\H19R0_eeprom.o
                0x08011dd6                EE_ReadVariable
 .text.EE_WriteVariable
                0x08011e18       0x72 H19R0\H19R0_eeprom.o
                0x08011e18                EE_WriteVariable
 .text.EE_Format
                0x08011e8a       0x3a H19R0\H19R0_eeprom.o
                0x08011e8a                EE_Format
 .text.EE_FormatForFactoryReset
                0x08011ec4       0x2c H19R0\H19R0_eeprom.o
                0x08011ec4                EE_FormatForFactoryReset
 .text.GPIO_Init
                0x08011ef0       0x90 H19R0\H19R0_gpio.o
                0x08011ef0                GPIO_Init
 .text.IND_LED_Init
                0x08011f80       0x36 H19R0\H19R0_gpio.o
                0x08011f80                IND_LED_Init
 *fill*         0x08011fb6        0x2 
 .text.IsFactoryReset
                0x08011fb8      0x15c H19R0\H19R0_gpio.o
                0x08011fb8                IsFactoryReset
 .text.GetPortGPIOs
                0x08012114      0x11c H19R0\H19R0_gpio.o
                0x08012114                GetPortGPIOs
 .text.MX_ADC_Init
                0x08012230       0x88 H19R0\H19R0_inputs.o
                0x08012230                MX_ADC_Init
 .text.HAL_ADC_MspInit
                0x080122b8       0xac H19R0\H19R0_inputs.o
                0x080122b8                HAL_ADC_MspInit
 .text.Error_Handler
                0x08012364       0x10 H19R0\H19R0_inputs.o
                0x08012364                Error_Handler
 .text.GetChannel
                0x08012374       0x88 H19R0\H19R0_inputs.o
                0x08012374                GetChannel
 .text.GetRank  0x080123fc       0x80 H19R0\H19R0_inputs.o
                0x080123fc                GetRank
 .text.CheckAttachedButtons
                0x0801247c      0x504 H19R0\H19R0_inputs.o
                0x0801247c                CheckAttachedButtons
 .text.AddPortButton
                0x08012980      0x268 H19R0\H19R0_inputs.o
                0x08012980                AddPortButton
 .text.RemovePortButton
                0x08012be8      0x194 H19R0\H19R0_inputs.o
                0x08012be8                RemovePortButton
 .text.SetButtonEvents
                0x08012d7c      0x1b8 H19R0\H19R0_inputs.o
                0x08012d7c                SetButtonEvents
 .text.ADCSelectPort
                0x08012f34       0x8c H19R0\H19R0_inputs.o
                0x08012f34                ADCSelectPort
 .text.ReadADCChannel
                0x08012fc0      0x1a0 H19R0\H19R0_inputs.o
                0x08012fc0                ReadADCChannel
 .text.ReadTempAndVref
                0x08013160      0x1d0 H19R0\H19R0_inputs.o
                0x08013160                ReadTempAndVref
 .text.GetReadPercentage
                0x08013330       0x6c H19R0\H19R0_inputs.o
                0x08013330                GetReadPercentage
 .text.buttonReleasedCallback
                0x0801339c       0x14 H19R0\H19R0_inputs.o
                0x0801339c                buttonReleasedCallback
 .text.buttonClickedCallback
                0x080133b0       0x14 H19R0\H19R0_inputs.o
                0x080133b0                buttonClickedCallback
 .text.buttonDblClickedCallback
                0x080133c4       0x14 H19R0\H19R0_inputs.o
                0x080133c4                buttonDblClickedCallback
 .text.__NVIC_SystemReset
                0x080133d8       0x24 H19R0\H19R0_it.o
 .text.SysTick_Handler
                0x080133fc       0x12 H19R0\H19R0_it.o
                0x080133fc                SysTick_Handler
 *fill*         0x0801340e        0x2 
 .text.HardFault_Handler
                0x08013410       0x40 H19R0\H19R0_it.o
                0x08013410                HardFault_Handler
 .text.HAL_UARTEx_RxEventCallback
                0x08013450       0x74 H19R0\H19R0_it.o
                0x08013450                HAL_UARTEx_RxEventCallback
 .text.USART1_IRQHandler
                0x080134c4       0xac H19R0\H19R0_it.o
                0x080134c4                USART1_IRQHandler
 .text.USART2_LPUART2_IRQHandler
                0x08013570       0xac H19R0\H19R0_it.o
                0x08013570                USART2_LPUART2_IRQHandler
 .text.USART3_4_5_6_LPUART1_IRQHandler
                0x0801361c      0x1bc H19R0\H19R0_it.o
                0x0801361c                USART3_4_5_6_LPUART1_IRQHandler
 .text.DMA1_Channel1_IRQHandler
                0x080137d8       0x20 H19R0\H19R0_it.o
                0x080137d8                DMA1_Channel1_IRQHandler
 .text.DMA1_Channel2_3_IRQHandler
                0x080137f8       0x54 H19R0\H19R0_it.o
                0x080137f8                DMA1_Channel2_3_IRQHandler
 .text.DMA1_Ch4_7_DMA2_Ch1_5_DMAMUX1_OVR_IRQHandler
                0x0801384c       0x5c H19R0\H19R0_it.o
                0x0801384c                DMA1_Ch4_7_DMA2_Ch1_5_DMAMUX1_OVR_IRQHandler
 .text.HAL_UART_TxCpltCallback
                0x080138a8       0x38 H19R0\H19R0_it.o
                0x080138a8                HAL_UART_TxCpltCallback
 .text.HAL_UART_ErrorCallback
                0x080138e0       0xd4 H19R0\H19R0_it.o
                0x080138e0                HAL_UART_ErrorCallback
 .text.HAL_UARTEx_WakeupCallback
                0x080139b4       0x5c H19R0\H19R0_it.o
                0x080139b4                HAL_UARTEx_WakeupCallback
 .text.vApplicationStackOverflowHook
                0x08013a10       0x44 H19R0\H19R0_it.o
                0x08013a10                vApplicationStackOverflowHook
 .text.vApplicationMallocFailedHook
                0x08013a54       0x40 H19R0\H19R0_it.o
                0x08013a54                vApplicationMallocFailedHook
 .text.RTC_Init
                0x08013a94       0xd8 H19R0\H19R0_rtc.o
                0x08013a94                RTC_Init
 .text.RTC_CalendarConfig
                0x08013b6c      0x18c H19R0\H19R0_rtc.o
                0x08013b6c                RTC_CalendarConfig
 .text.BOS_CalendarConfig
                0x08013cf8      0x194 H19R0\H19R0_rtc.o
                0x08013cf8                BOS_CalendarConfig
 .text.GetTimeDate
                0x08013e8c       0x90 H19R0\H19R0_rtc.o
                0x08013e8c                GetTimeDate
 .text.HAL_RTC_MspInit
                0x08013f1c       0x74 H19R0\H19R0_rtc.o
                0x08013f1c                HAL_RTC_MspInit
 .text.HAL_RTC_MspDeInit
                0x08013f90       0x44 H19R0\H19R0_rtc.o
                0x08013f90                HAL_RTC_MspDeInit
 .text.TIM_USEC_Init
                0x08013fd4       0x74 H19R0\H19R0_timers.o
                0x08013fd4                TIM_USEC_Init
 .text.TIM_MSEC_Init
                0x08014048       0x78 H19R0\H19R0_timers.o
                0x08014048                TIM_MSEC_Init
 .text.StartMicroDelay
                0x080140c0       0x48 H19R0\H19R0_timers.o
                0x080140c0                StartMicroDelay
 .text.StartMilliDelay
                0x08014108       0x48 H19R0\H19R0_timers.o
                0x08014108                StartMilliDelay
 .text.UARTInitSTSPIN
                0x08014150       0x7c H19R0\H19R0_uart.o
                0x08014150                UARTInitSTSPIN
 .text.MX_USART1_UART_Init
                0x080141cc       0x7c H19R0\H19R0_uart.o
                0x080141cc                MX_USART1_UART_Init
 .text.MX_USART2_UART_Init
                0x08014248       0x7c H19R0\H19R0_uart.o
                0x08014248                MX_USART2_UART_Init
 .text.MX_USART3_UART_Init
                0x080142c4       0x7c H19R0\H19R0_uart.o
                0x080142c4                MX_USART3_UART_Init
 .text.MX_USART5_UART_Init
                0x08014340       0x60 H19R0\H19R0_uart.o
                0x08014340                MX_USART5_UART_Init
 .text.MX_USART6_UART_Init
                0x080143a0       0x60 H19R0\H19R0_uart.o
                0x080143a0                MX_USART6_UART_Init
 .text.HAL_UART_MspInit
                0x08014400      0x4ec H19R0\H19R0_uart.o
                0x08014400                HAL_UART_MspInit
 .text.writePxMutex
                0x080148ec       0xac H19R0\H19R0_uart.o
                0x080148ec                writePxMutex
 .text.writePxITMutex
                0x08014998       0x80 H19R0\H19R0_uart.o
                0x08014998                writePxITMutex
 .text.UpdateBaudrate
                0x08014a18       0x3e H19R0\H19R0_uart.o
                0x08014a18                UpdateBaudrate
 *fill*         0x08014a56        0x2 
 .text.GetUart  0x08014a58       0x50 H19R0\H19R0_uart.o
                0x08014a58                GetUart
 .text.SwapUartPins
                0x08014aa8      0x118 H19R0\H19R0_uart.o
                0x08014aa8                SwapUartPins
 .text.ReadPortsDir
                0x08014bc0       0xa8 H19R0\H19R0_uart.o
                0x08014bc0                ReadPortsDir
 .text.ReadPortsDirMSG
                0x08014c68       0x80 H19R0\H19R0_uart.o
                0x08014c68                ReadPortsDirMSG
 .text.UpdateMyPortsDir
                0x08014ce8       0x84 H19R0\H19R0_uart.o
                0x08014ce8                UpdateMyPortsDir
 .text.Reset_Handler
                0x08014d6c       0x90 H19R0\startup_stm32g0b1ceuxn.o
                0x08014d6c                Reset_Handler
 .text.Default_Handler
                0x08014dfc        0x2 H19R0\startup_stm32g0b1ceuxn.o
                0x08014dfc                I2C2_3_IRQHandler
                0x08014dfc                TIM1_CC_IRQHandler
                0x08014dfc                ADC1_COMP_IRQHandler
                0x08014dfc                NMI_Handler
                0x08014dfc                I2C1_IRQHandler
                0x08014dfc                TIM7_LPTIM2_IRQHandler
                0x08014dfc                TIM17_FDCAN_IT1_IRQHandler
                0x08014dfc                RCC_CRS_IRQHandler
                0x08014dfc                RTC_TAMP_IRQHandler
                0x08014dfc                SPI1_IRQHandler
                0x08014dfc                USB_UCPD1_2_IRQHandler
                0x08014dfc                EXTI2_3_IRQHandler
                0x08014dfc                PVD_VDDIO2_IRQHandler
                0x08014dfc                EXTI4_15_IRQHandler
                0x08014dfc                Default_Handler
                0x08014dfc                CEC_IRQHandler
                0x08014dfc                TIM14_IRQHandler
                0x08014dfc                TIM15_IRQHandler
                0x08014dfc                TIM3_TIM4_IRQHandler
                0x08014dfc                EXTI0_1_IRQHandler
                0x08014dfc                SPI2_3_IRQHandler
                0x08014dfc                TIM6_DAC_LPTIM1_IRQHandler
                0x08014dfc                WWDG_IRQHandler
                0x08014dfc                TIM2_IRQHandler
                0x08014dfc                FLASH_IRQHandler
                0x08014dfc                TIM16_FDCAN_IT0_IRQHandler
                0x08014dfc                TIM1_BRK_UP_TRG_COM_IRQHandler
 .text.SystemInit
                0x08014dfe        0xa Thirdparty\CMSIS\STM32G0xx\Device\ST\STM32G0xx\Source\Templates\system_stm32g0xx.o
                0x08014dfe                SystemInit
 .text.LL_CRC_ResetCRCCalculationUnit
                0x08014e08       0x1c Thirdparty\EEPROM_Emul\Core\eeprom_emul.o
 .text.LL_CRC_SetPolynomialSize
                0x08014e24       0x24 Thirdparty\EEPROM_Emul\Core\eeprom_emul.o
 .text.LL_CRC_SetPolynomialCoef
                0x08014e48       0x18 Thirdparty\EEPROM_Emul\Core\eeprom_emul.o
 .text.LL_CRC_FeedData32
                0x08014e60       0x18 Thirdparty\EEPROM_Emul\Core\eeprom_emul.o
 .text.LL_CRC_FeedData16
                0x08014e78       0x22 Thirdparty\EEPROM_Emul\Core\eeprom_emul.o
 .text.LL_CRC_ReadData16
                0x08014e9a       0x16 Thirdparty\EEPROM_Emul\Core\eeprom_emul.o
 .text.LL_AHB1_GRP1_EnableClock
                0x08014eb0       0x2c Thirdparty\EEPROM_Emul\Core\eeprom_emul.o
 .text.EEPROM_Init
                0x08014edc     0x1874 Thirdparty\EEPROM_Emul\Core\eeprom_emul.o
                0x08014edc                EEPROM_Init
 .text.EEPROM_Format
                0x08016750      0x2a8 Thirdparty\EEPROM_Emul\Core\eeprom_emul.o
                0x08016750                EEPROM_Format
 .text.EE_ReadVariable16bits
                0x080169f8       0x60 Thirdparty\EEPROM_Emul\Core\eeprom_emul.o
                0x080169f8                EE_ReadVariable16bits
 .text.EE_WriteVariable16bits
                0x08016a58       0x48 Thirdparty\EEPROM_Emul\Core\eeprom_emul.o
                0x08016a58                EE_WriteVariable16bits
 .text.EE_CleanUp
                0x08016aa0      0x2a4 Thirdparty\EEPROM_Emul\Core\eeprom_emul.o
                0x08016aa0                EE_CleanUp
 .text.ReadVariable
                0x08016d44      0x340 Thirdparty\EEPROM_Emul\Core\eeprom_emul.o
 .text.WriteVariable
                0x08017084       0x52 Thirdparty\EEPROM_Emul\Core\eeprom_emul.o
 .text.VerifyPageFullyErased
                0x080170d6       0x4e Thirdparty\EEPROM_Emul\Core\eeprom_emul.o
 .text.FindPage
                0x08017124      0x444 Thirdparty\EEPROM_Emul\Core\eeprom_emul.o
 .text.PagesTransfer
                0x08017568      0x8ec Thirdparty\EEPROM_Emul\Core\eeprom_emul.o
 .text.VerifyPagesFullWriteVariable
                0x08017e54      0x1ac Thirdparty\EEPROM_Emul\Core\eeprom_emul.o
 .text.SetPageState
                0x08018000      0x364 Thirdparty\EEPROM_Emul\Core\eeprom_emul.o
 .text.GetPageState
                0x08018364       0xa0 Thirdparty\EEPROM_Emul\Core\eeprom_emul.o
 .text.ConfigureCrc
                0x08018404       0x34 Thirdparty\EEPROM_Emul\Core\eeprom_emul.o
                0x08018404                ConfigureCrc
 .text.CalculateCrc
                0x08018438       0x48 Thirdparty\EEPROM_Emul\Core\eeprom_emul.o
                0x08018438                CalculateCrc
 .text.FI_WriteDoubleWord
                0x08018480       0x22 Thirdparty\EEPROM_Emul\Porting\STM32G0\flash_interface.o
                0x08018480                FI_WriteDoubleWord
 *fill*         0x080184a2        0x2 
 .text.FI_PageErase
                0x080184a4      0x120 Thirdparty\EEPROM_Emul\Porting\STM32G0\flash_interface.o
                0x080184a4                FI_PageErase
 .text.FI_CacheFlush
                0x080185c4        0xa Thirdparty\EEPROM_Emul\Porting\STM32G0\flash_interface.o
                0x080185c4                FI_CacheFlush
 *fill*         0x080185ce        0x2 
 .text.GetBankNumber
                0x080185d0       0x90 Thirdparty\EEPROM_Emul\Porting\STM32G0\flash_interface.o
 .text.FI_CheckBankConfig
                0x08018660       0x18 Thirdparty\EEPROM_Emul\Porting\STM32G0\flash_interface.o
                0x08018660                FI_CheckBankConfig
 .text.inHandlerMode
                0x08018678       0x1c Thirdparty\Middleware\STM32G0xx\FreeRTOS\Source\CMSIS_RTOS\cmsis_os.o
 .text.osKernelStart
                0x08018694       0x10 Thirdparty\Middleware\STM32G0xx\FreeRTOS\Source\CMSIS_RTOS\cmsis_os.o
                0x08018694                osKernelStart
 .text.osDelay  0x080186a4       0x28 Thirdparty\Middleware\STM32G0xx\FreeRTOS\Source\CMSIS_RTOS\cmsis_os.o
                0x080186a4                osDelay
 .text.osSemaphoreCreate
                0x080186cc       0x4a Thirdparty\Middleware\STM32G0xx\FreeRTOS\Source\CMSIS_RTOS\cmsis_os.o
                0x080186cc                osSemaphoreCreate
 *fill*         0x08018716        0x2 
 .text.osSemaphoreWait
                0x08018718       0x94 Thirdparty\Middleware\STM32G0xx\FreeRTOS\Source\CMSIS_RTOS\cmsis_os.o
                0x08018718                osSemaphoreWait
 .text.osSemaphoreRelease
                0x080187ac       0x64 Thirdparty\Middleware\STM32G0xx\FreeRTOS\Source\CMSIS_RTOS\cmsis_os.o
                0x080187ac                osSemaphoreRelease
 .text.osSystickHandler
                0x08018810       0x18 Thirdparty\Middleware\STM32G0xx\FreeRTOS\Source\CMSIS_RTOS\cmsis_os.o
                0x08018810                osSystickHandler
 .text.FreeRTOS_CLIRegisterCommand
                0x08018828       0x50 Thirdparty\Middleware\STM32G0xx\FreeRTOS\Source\FreeRTOS_CLI.o
                0x08018828                FreeRTOS_CLIRegisterCommand
 .text.FreeRTOS_CLIProcessCommand
                0x08018878      0x11c Thirdparty\Middleware\STM32G0xx\FreeRTOS\Source\FreeRTOS_CLI.o
                0x08018878                FreeRTOS_CLIProcessCommand
 .text.FreeRTOS_CLIGetOutputBuffer
                0x08018994       0x10 Thirdparty\Middleware\STM32G0xx\FreeRTOS\Source\FreeRTOS_CLI.o
                0x08018994                FreeRTOS_CLIGetOutputBuffer
 .text.FreeRTOS_CLIGetParameter
                0x080189a4       0xbc Thirdparty\Middleware\STM32G0xx\FreeRTOS\Source\FreeRTOS_CLI.o
                0x080189a4                FreeRTOS_CLIGetParameter
 .text.prvHelpCommand
                0x08018a60      0x154 Thirdparty\Middleware\STM32G0xx\FreeRTOS\Source\FreeRTOS_CLI.o
 .text.prvGetNumberOfParameters
                0x08018bb4       0x7a Thirdparty\Middleware\STM32G0xx\FreeRTOS\Source\FreeRTOS_CLI.o
 .text.vListInitialise
                0x08018c2e       0x3c Thirdparty\Middleware\STM32G0xx\FreeRTOS\Source\list.o
                0x08018c2e                vListInitialise
 .text.vListInitialiseItem
                0x08018c6a       0x16 Thirdparty\Middleware\STM32G0xx\FreeRTOS\Source\list.o
                0x08018c6a                vListInitialiseItem
 .text.vListInsertEnd
                0x08018c80       0x44 Thirdparty\Middleware\STM32G0xx\FreeRTOS\Source\list.o
                0x08018c80                vListInsertEnd
 .text.vListInsert
                0x08018cc4       0x6c Thirdparty\Middleware\STM32G0xx\FreeRTOS\Source\list.o
                0x08018cc4                vListInsert
 .text.uxListRemove
                0x08018d30       0x50 Thirdparty\Middleware\STM32G0xx\FreeRTOS\Source\list.o
                0x08018d30                uxListRemove
 .text.pxPortInitialiseStack
                0x08018d80       0x54 Thirdparty\Middleware\STM32G0xx\FreeRTOS\Source\portable\GCC\ARM_CM0\port.o
                0x08018d80                pxPortInitialiseStack
 .text.prvTaskExitError
                0x08018dd4       0x1e Thirdparty\Middleware\STM32G0xx\FreeRTOS\Source\portable\GCC\ARM_CM0\port.o
 .text.SVC_Handler
                0x08018df2        0xa Thirdparty\Middleware\STM32G0xx\FreeRTOS\Source\portable\GCC\ARM_CM0\port.o
                0x08018df2                SVC_Handler
 *fill*         0x08018dfc        0x4 
 .text.vPortStartFirstTask
                0x08018e00       0x38 Thirdparty\Middleware\STM32G0xx\FreeRTOS\Source\portable\GCC\ARM_CM0\port.o
 .text.xPortStartScheduler
                0x08018e38       0x48 Thirdparty\Middleware\STM32G0xx\FreeRTOS\Source\portable\GCC\ARM_CM0\port.o
                0x08018e38                xPortStartScheduler
 .text.vPortYield
                0x08018e80       0x20 Thirdparty\Middleware\STM32G0xx\FreeRTOS\Source\portable\GCC\ARM_CM0\port.o
                0x08018e80                vPortYield
 .text.vPortEnterCritical
                0x08018ea0       0x24 Thirdparty\Middleware\STM32G0xx\FreeRTOS\Source\portable\GCC\ARM_CM0\port.o
                0x08018ea0                vPortEnterCritical
 .text.vPortExitCritical
                0x08018ec4       0x24 Thirdparty\Middleware\STM32G0xx\FreeRTOS\Source\portable\GCC\ARM_CM0\port.o
                0x08018ec4                vPortExitCritical
 .text.ulSetInterruptMaskFromISR
                0x08018ee8        0xc Thirdparty\Middleware\STM32G0xx\FreeRTOS\Source\portable\GCC\ARM_CM0\port.o
                0x08018ee8                ulSetInterruptMaskFromISR
 .text.vClearInterruptMaskFromISR
                0x08018ef4        0x8 Thirdparty\Middleware\STM32G0xx\FreeRTOS\Source\portable\GCC\ARM_CM0\port.o
                0x08018ef4                vClearInterruptMaskFromISR
 *fill*         0x08018efc        0x4 
 .text.PendSV_Handler
                0x08018f00       0x48 Thirdparty\Middleware\STM32G0xx\FreeRTOS\Source\portable\GCC\ARM_CM0\port.o
                0x08018f00                PendSV_Handler
 .text.xPortSysTickHandler
                0x08018f48       0x34 Thirdparty\Middleware\STM32G0xx\FreeRTOS\Source\portable\GCC\ARM_CM0\port.o
                0x08018f48                xPortSysTickHandler
 .text.vPortSetupTimerInterrupt
                0x08018f7c       0x44 Thirdparty\Middleware\STM32G0xx\FreeRTOS\Source\portable\GCC\ARM_CM0\port.o
                0x08018f7c                vPortSetupTimerInterrupt
 .text.pvPortMalloc
                0x08018fc0      0x140 Thirdparty\Middleware\STM32G0xx\FreeRTOS\Source\portable\MemMang\heap_4.o
                0x08018fc0                pvPortMalloc
 .text.vPortFree
                0x08019100       0x80 Thirdparty\Middleware\STM32G0xx\FreeRTOS\Source\portable\MemMang\heap_4.o
                0x08019100                vPortFree
 .text.prvHeapInit
                0x08019180       0xc0 Thirdparty\Middleware\STM32G0xx\FreeRTOS\Source\portable\MemMang\heap_4.o
 .text.prvInsertBlockIntoFreeList
                0x08019240       0xb0 Thirdparty\Middleware\STM32G0xx\FreeRTOS\Source\portable\MemMang\heap_4.o
 .text.xQueueGenericReset
                0x080192f0       0x9e Thirdparty\Middleware\STM32G0xx\FreeRTOS\Source\queue.o
                0x080192f0                xQueueGenericReset
 .text.xQueueGenericCreate
                0x0801938e       0x52 Thirdparty\Middleware\STM32G0xx\FreeRTOS\Source\queue.o
                0x0801938e                xQueueGenericCreate
 .text.prvInitialiseNewQueue
                0x080193e0       0x4e Thirdparty\Middleware\STM32G0xx\FreeRTOS\Source\queue.o
 .text.xQueueCreateCountingSemaphore
                0x0801942e       0x30 Thirdparty\Middleware\STM32G0xx\FreeRTOS\Source\queue.o
                0x0801942e                xQueueCreateCountingSemaphore
 .text.xQueueGenericSend
                0x0801945e      0x12a Thirdparty\Middleware\STM32G0xx\FreeRTOS\Source\queue.o
                0x0801945e                xQueueGenericSend
 .text.xQueueGenericSendFromISR
                0x08019588       0xa6 Thirdparty\Middleware\STM32G0xx\FreeRTOS\Source\queue.o
                0x08019588                xQueueGenericSendFromISR
 .text.xQueueGiveFromISR
                0x0801962e       0x96 Thirdparty\Middleware\STM32G0xx\FreeRTOS\Source\queue.o
                0x0801962e                xQueueGiveFromISR
 .text.xQueueReceive
                0x080196c4      0x128 Thirdparty\Middleware\STM32G0xx\FreeRTOS\Source\queue.o
                0x080196c4                xQueueReceive
 .text.xQueueSemaphoreTake
                0x080197ec      0x178 Thirdparty\Middleware\STM32G0xx\FreeRTOS\Source\queue.o
                0x080197ec                xQueueSemaphoreTake
 .text.xQueueReceiveFromISR
                0x08019964       0xa0 Thirdparty\Middleware\STM32G0xx\FreeRTOS\Source\queue.o
                0x08019964                xQueueReceiveFromISR
 .text.prvGetDisinheritPriorityAfterTimeout
                0x08019a04       0x2c Thirdparty\Middleware\STM32G0xx\FreeRTOS\Source\queue.o
 .text.prvCopyDataToQueue
                0x08019a30       0xd6 Thirdparty\Middleware\STM32G0xx\FreeRTOS\Source\queue.o
 .text.prvCopyDataFromQueue
                0x08019b06       0x4c Thirdparty\Middleware\STM32G0xx\FreeRTOS\Source\queue.o
 .text.prvUnlockQueue
                0x08019b52       0xbc Thirdparty\Middleware\STM32G0xx\FreeRTOS\Source\queue.o
 .text.prvIsQueueEmpty
                0x08019c0e       0x2c Thirdparty\Middleware\STM32G0xx\FreeRTOS\Source\queue.o
 .text.prvIsQueueFull
                0x08019c3a       0x30 Thirdparty\Middleware\STM32G0xx\FreeRTOS\Source\queue.o
 *fill*         0x08019c6a        0x2 
 .text.vQueueAddToRegistry
                0x08019c6c       0x50 Thirdparty\Middleware\STM32G0xx\FreeRTOS\Source\queue.o
                0x08019c6c                vQueueAddToRegistry
 .text.vQueueWaitForMessageRestricted
                0x08019cbc       0x66 Thirdparty\Middleware\STM32G0xx\FreeRTOS\Source\queue.o
                0x08019cbc                vQueueWaitForMessageRestricted
 .text.xTaskCreate
                0x08019d22       0x90 Thirdparty\Middleware\STM32G0xx\FreeRTOS\Source\tasks.o
                0x08019d22                xTaskCreate
 *fill*         0x08019db2        0x2 
 .text.prvInitialiseNewTask
                0x08019db4      0x10c Thirdparty\Middleware\STM32G0xx\FreeRTOS\Source\tasks.o
 .text.prvAddNewTaskToReadyList
                0x08019ec0       0xd0 Thirdparty\Middleware\STM32G0xx\FreeRTOS\Source\tasks.o
 .text.vTaskDelay
                0x08019f90       0x3a Thirdparty\Middleware\STM32G0xx\FreeRTOS\Source\tasks.o
                0x08019f90                vTaskDelay
 *fill*         0x08019fca        0x2 
 .text.eTaskGetState
                0x08019fcc       0xd0 Thirdparty\Middleware\STM32G0xx\FreeRTOS\Source\tasks.o
                0x08019fcc                eTaskGetState
 .text.uxTaskPriorityGet
                0x0801a09c       0x34 Thirdparty\Middleware\STM32G0xx\FreeRTOS\Source\tasks.o
                0x0801a09c                uxTaskPriorityGet
 .text.vTaskPrioritySet
                0x0801a0d0      0x110 Thirdparty\Middleware\STM32G0xx\FreeRTOS\Source\tasks.o
                0x0801a0d0                vTaskPrioritySet
 .text.vTaskStartScheduler
                0x0801a1e0       0x74 Thirdparty\Middleware\STM32G0xx\FreeRTOS\Source\tasks.o
                0x0801a1e0                vTaskStartScheduler
 .text.vTaskSuspendAll
                0x0801a254       0x18 Thirdparty\Middleware\STM32G0xx\FreeRTOS\Source\tasks.o
                0x0801a254                vTaskSuspendAll
 .text.xTaskResumeAll
                0x0801a26c      0x10c Thirdparty\Middleware\STM32G0xx\FreeRTOS\Source\tasks.o
                0x0801a26c                xTaskResumeAll
 .text.xTaskGetTickCount
                0x0801a378       0x1c Thirdparty\Middleware\STM32G0xx\FreeRTOS\Source\tasks.o
                0x0801a378                xTaskGetTickCount
 .text.xTaskGetTickCountFromISR
                0x0801a394       0x20 Thirdparty\Middleware\STM32G0xx\FreeRTOS\Source\tasks.o
                0x0801a394                xTaskGetTickCountFromISR
 .text.uxTaskGetSystemState
                0x0801a3b4      0x120 Thirdparty\Middleware\STM32G0xx\FreeRTOS\Source\tasks.o
                0x0801a3b4                uxTaskGetSystemState
 .text.xTaskIncrementTick
                0x0801a4d4      0x150 Thirdparty\Middleware\STM32G0xx\FreeRTOS\Source\tasks.o
                0x0801a4d4                xTaskIncrementTick
 .text.vTaskSwitchContext
                0x0801a624      0x124 Thirdparty\Middleware\STM32G0xx\FreeRTOS\Source\tasks.o
                0x0801a624                vTaskSwitchContext
 .text.vTaskPlaceOnEventList
                0x0801a748       0x34 Thirdparty\Middleware\STM32G0xx\FreeRTOS\Source\tasks.o
                0x0801a748                vTaskPlaceOnEventList
 .text.vTaskPlaceOnEventListRestricted
                0x0801a77c       0x44 Thirdparty\Middleware\STM32G0xx\FreeRTOS\Source\tasks.o
                0x0801a77c                vTaskPlaceOnEventListRestricted
 .text.xTaskRemoveFromEventList
                0x0801a7c0       0xb0 Thirdparty\Middleware\STM32G0xx\FreeRTOS\Source\tasks.o
                0x0801a7c0                xTaskRemoveFromEventList
 .text.vTaskInternalSetTimeOutState
                0x0801a870       0x28 Thirdparty\Middleware\STM32G0xx\FreeRTOS\Source\tasks.o
                0x0801a870                vTaskInternalSetTimeOutState
 .text.xTaskCheckForTimeOut
                0x0801a898       0x8c Thirdparty\Middleware\STM32G0xx\FreeRTOS\Source\tasks.o
                0x0801a898                xTaskCheckForTimeOut
 .text.vTaskMissedYield
                0x0801a924       0x14 Thirdparty\Middleware\STM32G0xx\FreeRTOS\Source\tasks.o
                0x0801a924                vTaskMissedYield
 .text.prvIdleTask
                0x0801a938       0x20 Thirdparty\Middleware\STM32G0xx\FreeRTOS\Source\tasks.o
 .text.prvInitialiseTaskLists
                0x0801a958       0x88 Thirdparty\Middleware\STM32G0xx\FreeRTOS\Source\tasks.o
 .text.prvCheckTasksWaitingTermination
                0x0801a9e0       0x5c Thirdparty\Middleware\STM32G0xx\FreeRTOS\Source\tasks.o
 .text.vTaskGetInfo
                0x0801aa3c       0xd8 Thirdparty\Middleware\STM32G0xx\FreeRTOS\Source\tasks.o
                0x0801aa3c                vTaskGetInfo
 .text.prvListTasksWithinSingleList
                0x0801ab14       0xa6 Thirdparty\Middleware\STM32G0xx\FreeRTOS\Source\tasks.o
 .text.prvTaskCheckFreeStackSpace
                0x0801abba       0x34 Thirdparty\Middleware\STM32G0xx\FreeRTOS\Source\tasks.o
 .text.prvDeleteTCB
                0x0801abee       0x22 Thirdparty\Middleware\STM32G0xx\FreeRTOS\Source\tasks.o
 .text.prvResetNextTaskUnblockTime
                0x0801ac10       0x3c Thirdparty\Middleware\STM32G0xx\FreeRTOS\Source\tasks.o
 .text.xTaskGetSchedulerState
                0x0801ac4c       0x38 Thirdparty\Middleware\STM32G0xx\FreeRTOS\Source\tasks.o
                0x0801ac4c                xTaskGetSchedulerState
 .text.xTaskPriorityInherit
                0x0801ac84       0xd0 Thirdparty\Middleware\STM32G0xx\FreeRTOS\Source\tasks.o
                0x0801ac84                xTaskPriorityInherit
 .text.xTaskPriorityDisinherit
                0x0801ad54       0x98 Thirdparty\Middleware\STM32G0xx\FreeRTOS\Source\tasks.o
                0x0801ad54                xTaskPriorityDisinherit
 .text.vTaskPriorityDisinheritAfterTimeout
                0x0801adec       0xc0 Thirdparty\Middleware\STM32G0xx\FreeRTOS\Source\tasks.o
                0x0801adec                vTaskPriorityDisinheritAfterTimeout
 .text.prvWriteNameToBuffer
                0x0801aeac       0x52 Thirdparty\Middleware\STM32G0xx\FreeRTOS\Source\tasks.o
 *fill*         0x0801aefe        0x2 
 .text.vTaskList
                0x0801af00      0x14c Thirdparty\Middleware\STM32G0xx\FreeRTOS\Source\tasks.o
                0x0801af00                vTaskList
 .text.vTaskGetRunTimeStats
                0x0801b04c      0x118 Thirdparty\Middleware\STM32G0xx\FreeRTOS\Source\tasks.o
                0x0801b04c                vTaskGetRunTimeStats
 .text.pvTaskIncrementMutexHeldCount
                0x0801b164       0x24 Thirdparty\Middleware\STM32G0xx\FreeRTOS\Source\tasks.o
                0x0801b164                pvTaskIncrementMutexHeldCount
 .text.ulTaskNotifyTake
                0x0801b188       0x84 Thirdparty\Middleware\STM32G0xx\FreeRTOS\Source\tasks.o
                0x0801b188                ulTaskNotifyTake
 .text.xTaskGenericNotify
                0x0801b20c      0x104 Thirdparty\Middleware\STM32G0xx\FreeRTOS\Source\tasks.o
                0x0801b20c                xTaskGenericNotify
 .text.xTaskGenericNotifyFromISR
                0x0801b310      0x140 Thirdparty\Middleware\STM32G0xx\FreeRTOS\Source\tasks.o
                0x0801b310                xTaskGenericNotifyFromISR
 .text.vTaskNotifyGiveFromISR
                0x0801b450       0xd8 Thirdparty\Middleware\STM32G0xx\FreeRTOS\Source\tasks.o
                0x0801b450                vTaskNotifyGiveFromISR
 .text.prvAddCurrentTaskToDelayedList
                0x0801b528       0xa8 Thirdparty\Middleware\STM32G0xx\FreeRTOS\Source\tasks.o
 .text.xTimerCreateTimerTask
                0x0801b5d0       0x4c Thirdparty\Middleware\STM32G0xx\FreeRTOS\Source\timers.o
                0x0801b5d0                xTimerCreateTimerTask
 .text.xTimerCreate
                0x0801b61c       0x46 Thirdparty\Middleware\STM32G0xx\FreeRTOS\Source\timers.o
                0x0801b61c                xTimerCreate
 .text.prvInitialiseNewTimer
                0x0801b662       0x5a Thirdparty\Middleware\STM32G0xx\FreeRTOS\Source\timers.o
 .text.xTimerGenericCommand
                0x0801b6bc       0x8c Thirdparty\Middleware\STM32G0xx\FreeRTOS\Source\timers.o
                0x0801b6bc                xTimerGenericCommand
 .text.prvProcessExpiredTimer
                0x0801b748       0x80 Thirdparty\Middleware\STM32G0xx\FreeRTOS\Source\timers.o
 .text.prvTimerTask
                0x0801b7c8       0x28 Thirdparty\Middleware\STM32G0xx\FreeRTOS\Source\timers.o
 .text.prvProcessTimerOrBlockTask
                0x0801b7f0       0x90 Thirdparty\Middleware\STM32G0xx\FreeRTOS\Source\timers.o
 .text.prvGetNextExpireTime
                0x0801b880       0x44 Thirdparty\Middleware\STM32G0xx\FreeRTOS\Source\timers.o
 .text.prvSampleTimeNow
                0x0801b8c4       0x40 Thirdparty\Middleware\STM32G0xx\FreeRTOS\Source\timers.o
 .text.prvInsertTimerInActiveList
                0x0801b904       0x84 Thirdparty\Middleware\STM32G0xx\FreeRTOS\Source\timers.o
 .text.prvProcessReceivedCommands
                0x0801b988      0x16c Thirdparty\Middleware\STM32G0xx\FreeRTOS\Source\timers.o
 .text.prvSwitchTimerLists
                0x0801baf4       0xb0 Thirdparty\Middleware\STM32G0xx\FreeRTOS\Source\timers.o
 .text.prvCheckForValidListAndQueue
                0x0801bba4       0x74 Thirdparty\Middleware\STM32G0xx\FreeRTOS\Source\timers.o
 .text.HAL_Init
                0x0801bc18       0x40 Thirdparty\STM32G0xx_HAL_Driver\Src\stm32g0xx_hal.o
                0x0801bc18                HAL_Init
 .text.HAL_MspInit
                0x0801bc58        0xa Thirdparty\STM32G0xx_HAL_Driver\Src\stm32g0xx_hal.o
                0x0801bc58                HAL_MspInit
 *fill*         0x0801bc62        0x2 
 .text.HAL_InitTick
                0x0801bc64       0x94 Thirdparty\STM32G0xx_HAL_Driver\Src\stm32g0xx_hal.o
                0x0801bc64                HAL_InitTick
 .text.HAL_IncTick
                0x0801bcf8       0x24 Thirdparty\STM32G0xx_HAL_Driver\Src\stm32g0xx_hal.o
                0x0801bcf8                HAL_IncTick
 .text.HAL_GetTick
                0x0801bd1c       0x14 Thirdparty\STM32G0xx_HAL_Driver\Src\stm32g0xx_hal.o
                0x0801bd1c                HAL_GetTick
 .text.HAL_Delay
                0x0801bd30       0x48 Thirdparty\STM32G0xx_HAL_Driver\Src\stm32g0xx_hal.o
                0x0801bd30                HAL_Delay
 .text.HAL_GetREVID
                0x0801bd78       0x18 Thirdparty\STM32G0xx_HAL_Driver\Src\stm32g0xx_hal.o
                0x0801bd78                HAL_GetREVID
 .text.HAL_GetDEVID
                0x0801bd90       0x18 Thirdparty\STM32G0xx_HAL_Driver\Src\stm32g0xx_hal.o
                0x0801bd90                HAL_GetDEVID
 .text.LL_ADC_SetCommonPathInternalCh
                0x0801bda8       0x28 Thirdparty\STM32G0xx_HAL_Driver\Src\stm32g0xx_hal_adc.o
 .text.LL_ADC_GetCommonPathInternalCh
                0x0801bdd0       0x1a Thirdparty\STM32G0xx_HAL_Driver\Src\stm32g0xx_hal_adc.o
 .text.LL_ADC_SetSamplingTimeCommonChannels
                0x0801bdea       0x3a Thirdparty\STM32G0xx_HAL_Driver\Src\stm32g0xx_hal_adc.o
 .text.LL_ADC_GetSamplingTimeCommonChannels
                0x0801be24       0x2e Thirdparty\STM32G0xx_HAL_Driver\Src\stm32g0xx_hal_adc.o
 .text.LL_ADC_REG_IsTriggerSourceSWStart
                0x0801be52       0x22 Thirdparty\STM32G0xx_HAL_Driver\Src\stm32g0xx_hal_adc.o
 .text.LL_ADC_REG_SetSequencerRanks
                0x0801be74       0x40 Thirdparty\STM32G0xx_HAL_Driver\Src\stm32g0xx_hal_adc.o
 .text.LL_ADC_REG_SetSequencerChAdd
                0x0801beb4       0x22 Thirdparty\STM32G0xx_HAL_Driver\Src\stm32g0xx_hal_adc.o
 .text.LL_ADC_REG_SetSequencerChRem
                0x0801bed6       0x24 Thirdparty\STM32G0xx_HAL_Driver\Src\stm32g0xx_hal_adc.o
 *fill*         0x0801befa        0x2 
 .text.LL_ADC_SetChannelSamplingTime
                0x0801befc       0x38 Thirdparty\STM32G0xx_HAL_Driver\Src\stm32g0xx_hal_adc.o
 .text.LL_ADC_EnableInternalRegulator
                0x0801bf34       0x28 Thirdparty\STM32G0xx_HAL_Driver\Src\stm32g0xx_hal_adc.o
 .text.LL_ADC_IsInternalRegulatorEnabled
                0x0801bf5c       0x28 Thirdparty\STM32G0xx_HAL_Driver\Src\stm32g0xx_hal_adc.o
 .text.LL_ADC_Enable
                0x0801bf84       0x24 Thirdparty\STM32G0xx_HAL_Driver\Src\stm32g0xx_hal_adc.o
 .text.LL_ADC_Disable
                0x0801bfa8       0x24 Thirdparty\STM32G0xx_HAL_Driver\Src\stm32g0xx_hal_adc.o
 .text.LL_ADC_IsEnabled
                0x0801bfcc       0x22 Thirdparty\STM32G0xx_HAL_Driver\Src\stm32g0xx_hal_adc.o
 .text.LL_ADC_IsDisableOngoing
                0x0801bfee       0x22 Thirdparty\STM32G0xx_HAL_Driver\Src\stm32g0xx_hal_adc.o
 .text.LL_ADC_REG_StartConversion
                0x0801c010       0x24 Thirdparty\STM32G0xx_HAL_Driver\Src\stm32g0xx_hal_adc.o
 .text.LL_ADC_REG_StopConversion
                0x0801c034       0x24 Thirdparty\STM32G0xx_HAL_Driver\Src\stm32g0xx_hal_adc.o
 .text.LL_ADC_REG_IsConversionOngoing
                0x0801c058       0x22 Thirdparty\STM32G0xx_HAL_Driver\Src\stm32g0xx_hal_adc.o
 *fill*         0x0801c07a        0x2 
 .text.HAL_ADC_Init
                0x0801c07c      0x350 Thirdparty\STM32G0xx_HAL_Driver\Src\stm32g0xx_hal_adc.o
                0x0801c07c                HAL_ADC_Init
 .text.HAL_ADC_Start
                0x0801c3cc       0x9c Thirdparty\STM32G0xx_HAL_Driver\Src\stm32g0xx_hal_adc.o
                0x0801c3cc                HAL_ADC_Start
 .text.HAL_ADC_Stop
                0x0801c468       0x78 Thirdparty\STM32G0xx_HAL_Driver\Src\stm32g0xx_hal_adc.o
                0x0801c468                HAL_ADC_Stop
 .text.HAL_ADC_PollForConversion
                0x0801c4e0      0x128 Thirdparty\STM32G0xx_HAL_Driver\Src\stm32g0xx_hal_adc.o
                0x0801c4e0                HAL_ADC_PollForConversion
 .text.HAL_ADC_GetValue
                0x0801c608       0x16 Thirdparty\STM32G0xx_HAL_Driver\Src\stm32g0xx_hal_adc.o
                0x0801c608                HAL_ADC_GetValue
 *fill*         0x0801c61e        0x2 
 .text.HAL_ADC_ConfigChannel
                0x0801c620      0x3b0 Thirdparty\STM32G0xx_HAL_Driver\Src\stm32g0xx_hal_adc.o
                0x0801c620                HAL_ADC_ConfigChannel
 .text.ADC_ConversionStop
                0x0801c9d0       0x84 Thirdparty\STM32G0xx_HAL_Driver\Src\stm32g0xx_hal_adc.o
                0x0801c9d0                ADC_ConversionStop
 .text.ADC_Enable
                0x0801ca54      0x10c Thirdparty\STM32G0xx_HAL_Driver\Src\stm32g0xx_hal_adc.o
                0x0801ca54                ADC_Enable
 .text.ADC_Disable
                0x0801cb60       0xbc Thirdparty\STM32G0xx_HAL_Driver\Src\stm32g0xx_hal_adc.o
                0x0801cb60                ADC_Disable
 .text.LL_ADC_GetCommonClock
                0x0801cc1c       0x1a Thirdparty\STM32G0xx_HAL_Driver\Src\stm32g0xx_hal_adc_ex.o
 .text.LL_ADC_GetClock
                0x0801cc36       0x18 Thirdparty\STM32G0xx_HAL_Driver\Src\stm32g0xx_hal_adc_ex.o
 .text.LL_ADC_SetCalibrationFactor
                0x0801cc4e       0x28 Thirdparty\STM32G0xx_HAL_Driver\Src\stm32g0xx_hal_adc_ex.o
 .text.LL_ADC_GetCalibrationFactor
                0x0801cc76       0x1a Thirdparty\STM32G0xx_HAL_Driver\Src\stm32g0xx_hal_adc_ex.o
 .text.LL_ADC_Enable
                0x0801cc90       0x24 Thirdparty\STM32G0xx_HAL_Driver\Src\stm32g0xx_hal_adc_ex.o
 .text.LL_ADC_Disable
                0x0801ccb4       0x24 Thirdparty\STM32G0xx_HAL_Driver\Src\stm32g0xx_hal_adc_ex.o
 .text.LL_ADC_IsEnabled
                0x0801ccd8       0x22 Thirdparty\STM32G0xx_HAL_Driver\Src\stm32g0xx_hal_adc_ex.o
 *fill*         0x0801ccfa        0x2 
 .text.LL_ADC_StartCalibration
                0x0801ccfc       0x28 Thirdparty\STM32G0xx_HAL_Driver\Src\stm32g0xx_hal_adc_ex.o
 .text.LL_ADC_IsCalibrationOnGoing
                0x0801cd24       0x26 Thirdparty\STM32G0xx_HAL_Driver\Src\stm32g0xx_hal_adc_ex.o
 *fill*         0x0801cd4a        0x2 
 .text.HAL_ADCEx_Calibration_Start
                0x0801cd4c      0x1f8 Thirdparty\STM32G0xx_HAL_Driver\Src\stm32g0xx_hal_adc_ex.o
                0x0801cd4c                HAL_ADCEx_Calibration_Start
 .text.__NVIC_EnableIRQ
                0x0801cf44       0x34 Thirdparty\STM32G0xx_HAL_Driver\Src\stm32g0xx_hal_cortex.o
 .text.__NVIC_SetPriority
                0x0801cf78       0xdc Thirdparty\STM32G0xx_HAL_Driver\Src\stm32g0xx_hal_cortex.o
 .text.SysTick_Config
                0x0801d054       0x48 Thirdparty\STM32G0xx_HAL_Driver\Src\stm32g0xx_hal_cortex.o
 .text.HAL_NVIC_SetPriority
                0x0801d09c       0x2a Thirdparty\STM32G0xx_HAL_Driver\Src\stm32g0xx_hal_cortex.o
                0x0801d09c                HAL_NVIC_SetPriority
 .text.HAL_NVIC_EnableIRQ
                0x0801d0c6       0x20 Thirdparty\STM32G0xx_HAL_Driver\Src\stm32g0xx_hal_cortex.o
                0x0801d0c6                HAL_NVIC_EnableIRQ
 .text.HAL_SYSTICK_Config
                0x0801d0e6       0x1a Thirdparty\STM32G0xx_HAL_Driver\Src\stm32g0xx_hal_cortex.o
                0x0801d0e6                HAL_SYSTICK_Config
 .text.HAL_CRC_Init
                0x0801d100       0xcc Thirdparty\STM32G0xx_HAL_Driver\Src\stm32g0xx_hal_crc.o
                0x0801d100                HAL_CRC_Init
 .text.HAL_CRC_Accumulate
                0x0801d1cc       0x8e Thirdparty\STM32G0xx_HAL_Driver\Src\stm32g0xx_hal_crc.o
                0x0801d1cc                HAL_CRC_Accumulate
 .text.HAL_CRC_Calculate
                0x0801d25a       0x9e Thirdparty\STM32G0xx_HAL_Driver\Src\stm32g0xx_hal_crc.o
                0x0801d25a                HAL_CRC_Calculate
 .text.CRC_Handle_8
                0x0801d2f8      0x122 Thirdparty\STM32G0xx_HAL_Driver\Src\stm32g0xx_hal_crc.o
 .text.CRC_Handle_16
                0x0801d41a       0x6e Thirdparty\STM32G0xx_HAL_Driver\Src\stm32g0xx_hal_crc.o
 .text.HAL_CRCEx_Polynomial_Set
                0x0801d488       0xea Thirdparty\STM32G0xx_HAL_Driver\Src\stm32g0xx_hal_crc_ex.o
                0x0801d488                HAL_CRCEx_Polynomial_Set
 *fill*         0x0801d572        0x2 
 .text.HAL_DMA_Init
                0x0801d574      0x158 Thirdparty\STM32G0xx_HAL_Driver\Src\stm32g0xx_hal_dma.o
                0x0801d574                HAL_DMA_Init
 .text.HAL_DMA_Start_IT
                0x0801d6cc      0x10c Thirdparty\STM32G0xx_HAL_Driver\Src\stm32g0xx_hal_dma.o
                0x0801d6cc                HAL_DMA_Start_IT
 .text.HAL_DMA_Abort
                0x0801d7d8       0xc0 Thirdparty\STM32G0xx_HAL_Driver\Src\stm32g0xx_hal_dma.o
                0x0801d7d8                HAL_DMA_Abort
 .text.HAL_DMA_Abort_IT
                0x0801d898       0xd0 Thirdparty\STM32G0xx_HAL_Driver\Src\stm32g0xx_hal_dma.o
                0x0801d898                HAL_DMA_Abort_IT
 .text.HAL_DMA_IRQHandler
                0x0801d968      0x188 Thirdparty\STM32G0xx_HAL_Driver\Src\stm32g0xx_hal_dma.o
                0x0801d968                HAL_DMA_IRQHandler
 .text.HAL_DMA_GetError
                0x0801daf0       0x14 Thirdparty\STM32G0xx_HAL_Driver\Src\stm32g0xx_hal_dma.o
                0x0801daf0                HAL_DMA_GetError
 .text.DMA_SetConfig
                0x0801db04       0x78 Thirdparty\STM32G0xx_HAL_Driver\Src\stm32g0xx_hal_dma.o
 .text.DMA_CalcDMAMUXChannelBaseAndMask
                0x0801db7c       0x94 Thirdparty\STM32G0xx_HAL_Driver\Src\stm32g0xx_hal_dma.o
 .text.DMA_CalcDMAMUXRequestGenBaseAndMask
                0x0801dc10       0x48 Thirdparty\STM32G0xx_HAL_Driver\Src\stm32g0xx_hal_dma.o
 .text.HAL_FLASH_Program
                0x0801dc58       0x9c Thirdparty\STM32G0xx_HAL_Driver\Src\stm32g0xx_hal_flash.o
                0x0801dc58                HAL_FLASH_Program
 .text.HAL_FLASH_Unlock
                0x0801dcf4       0x48 Thirdparty\STM32G0xx_HAL_Driver\Src\stm32g0xx_hal_flash.o
                0x0801dcf4                HAL_FLASH_Unlock
 .text.HAL_FLASH_Lock
                0x0801dd3c       0x44 Thirdparty\STM32G0xx_HAL_Driver\Src\stm32g0xx_hal_flash.o
                0x0801dd3c                HAL_FLASH_Lock
 .text.FLASH_WaitForLastOperation
                0x0801dd80       0x9c Thirdparty\STM32G0xx_HAL_Driver\Src\stm32g0xx_hal_flash.o
                0x0801dd80                FLASH_WaitForLastOperation
 .text.FLASH_Program_DoubleWord
                0x0801de1c       0x40 Thirdparty\STM32G0xx_HAL_Driver\Src\stm32g0xx_hal_flash.o
 .text.HAL_FLASHEx_Erase
                0x0801de5c       0xe0 Thirdparty\STM32G0xx_HAL_Driver\Src\stm32g0xx_hal_flash_ex.o
                0x0801de5c                HAL_FLASHEx_Erase
 .text.FLASH_MassErase
                0x0801df3c       0x28 Thirdparty\STM32G0xx_HAL_Driver\Src\stm32g0xx_hal_flash_ex.o
 .text.FLASH_PageErase
                0x0801df64       0x58 Thirdparty\STM32G0xx_HAL_Driver\Src\stm32g0xx_hal_flash_ex.o
                0x0801df64                FLASH_PageErase
 .text.HAL_GPIO_Init
                0x0801dfbc      0x2d8 Thirdparty\STM32G0xx_HAL_Driver\Src\stm32g0xx_hal_gpio.o
                0x0801dfbc                HAL_GPIO_Init
 .text.HAL_GPIO_ReadPin
                0x0801e294       0x3a Thirdparty\STM32G0xx_HAL_Driver\Src\stm32g0xx_hal_gpio.o
                0x0801e294                HAL_GPIO_ReadPin
 .text.HAL_GPIO_WritePin
                0x0801e2ce       0x3a Thirdparty\STM32G0xx_HAL_Driver\Src\stm32g0xx_hal_gpio.o
                0x0801e2ce                HAL_GPIO_WritePin
 .text.HAL_GPIO_TogglePin
                0x0801e308       0x36 Thirdparty\STM32G0xx_HAL_Driver\Src\stm32g0xx_hal_gpio.o
                0x0801e308                HAL_GPIO_TogglePin
 *fill*         0x0801e33e        0x2 
 .text.HAL_PWR_EnableWakeUpPin
                0x0801e340       0x40 Thirdparty\STM32G0xx_HAL_Driver\Src\stm32g0xx_hal_pwr.o
                0x0801e340                HAL_PWR_EnableWakeUpPin
 .text.HAL_PWR_DisableWakeUpPin
                0x0801e380       0x28 Thirdparty\STM32G0xx_HAL_Driver\Src\stm32g0xx_hal_pwr.o
                0x0801e380                HAL_PWR_DisableWakeUpPin
 .text.HAL_PWR_EnterSTOPMode
                0x0801e3a8       0x70 Thirdparty\STM32G0xx_HAL_Driver\Src\stm32g0xx_hal_pwr.o
                0x0801e3a8                HAL_PWR_EnterSTOPMode
 .text.HAL_PWR_EnterSTANDBYMode
                0x0801e418       0x34 Thirdparty\STM32G0xx_HAL_Driver\Src\stm32g0xx_hal_pwr.o
                0x0801e418                HAL_PWR_EnterSTANDBYMode
 .text.HAL_PWREx_EnableSRAMRetention
                0x0801e44c       0x1c Thirdparty\STM32G0xx_HAL_Driver\Src\stm32g0xx_hal_pwr_ex.o
                0x0801e44c                HAL_PWREx_EnableSRAMRetention
 .text.HAL_PWREx_ControlVoltageScaling
                0x0801e468       0x80 Thirdparty\STM32G0xx_HAL_Driver\Src\stm32g0xx_hal_pwr_ex.o
                0x0801e468                HAL_PWREx_ControlVoltageScaling
 .text.LL_RCC_GetAPB1Prescaler
                0x0801e4e8       0x18 Thirdparty\STM32G0xx_HAL_Driver\Src\stm32g0xx_hal_rcc.o
 .text.HAL_RCC_OscConfig
                0x0801e500      0x6c0 Thirdparty\STM32G0xx_HAL_Driver\Src\stm32g0xx_hal_rcc.o
                0x0801e500                HAL_RCC_OscConfig
 .text.HAL_RCC_ClockConfig
                0x0801ebc0      0x210 Thirdparty\STM32G0xx_HAL_Driver\Src\stm32g0xx_hal_rcc.o
                0x0801ebc0                HAL_RCC_ClockConfig
 .text.HAL_RCC_GetSysClockFreq
                0x0801edd0      0x104 Thirdparty\STM32G0xx_HAL_Driver\Src\stm32g0xx_hal_rcc.o
                0x0801edd0                HAL_RCC_GetSysClockFreq
 .text.HAL_RCC_GetHCLKFreq
                0x0801eed4       0x14 Thirdparty\STM32G0xx_HAL_Driver\Src\stm32g0xx_hal_rcc.o
                0x0801eed4                HAL_RCC_GetHCLKFreq
 .text.HAL_RCC_GetPCLK1Freq
                0x0801eee8       0x2c Thirdparty\STM32G0xx_HAL_Driver\Src\stm32g0xx_hal_rcc.o
                0x0801eee8                HAL_RCC_GetPCLK1Freq
 .text.HAL_RCCEx_PeriphCLKConfig
                0x0801ef14      0x478 Thirdparty\STM32G0xx_HAL_Driver\Src\stm32g0xx_hal_rcc_ex.o
                0x0801ef14                HAL_RCCEx_PeriphCLKConfig
 .text.HAL_RTC_Init
                0x0801f38c      0x144 Thirdparty\STM32G0xx_HAL_Driver\Src\stm32g0xx_hal_rtc.o
                0x0801f38c                HAL_RTC_Init
 .text.HAL_RTC_DeInit
                0x0801f4d0      0x138 Thirdparty\STM32G0xx_HAL_Driver\Src\stm32g0xx_hal_rtc.o
                0x0801f4d0                HAL_RTC_DeInit
 .text.HAL_RTC_SetTime
                0x0801f608      0x150 Thirdparty\STM32G0xx_HAL_Driver\Src\stm32g0xx_hal_rtc.o
                0x0801f608                HAL_RTC_SetTime
 .text.HAL_RTC_GetTime
                0x0801f758       0xb8 Thirdparty\STM32G0xx_HAL_Driver\Src\stm32g0xx_hal_rtc.o
                0x0801f758                HAL_RTC_GetTime
 .text.HAL_RTC_SetDate
                0x0801f810      0x124 Thirdparty\STM32G0xx_HAL_Driver\Src\stm32g0xx_hal_rtc.o
                0x0801f810                HAL_RTC_SetDate
 .text.HAL_RTC_GetDate
                0x0801f934       0x9c Thirdparty\STM32G0xx_HAL_Driver\Src\stm32g0xx_hal_rtc.o
                0x0801f934                HAL_RTC_GetDate
 .text.HAL_RTC_WaitForSynchro
                0x0801f9d0       0x4c Thirdparty\STM32G0xx_HAL_Driver\Src\stm32g0xx_hal_rtc.o
                0x0801f9d0                HAL_RTC_WaitForSynchro
 .text.RTC_EnterInitMode
                0x0801fa1c       0x84 Thirdparty\STM32G0xx_HAL_Driver\Src\stm32g0xx_hal_rtc.o
                0x0801fa1c                RTC_EnterInitMode
 .text.RTC_ExitInitMode
                0x0801faa0       0x88 Thirdparty\STM32G0xx_HAL_Driver\Src\stm32g0xx_hal_rtc.o
                0x0801faa0                RTC_ExitInitMode
 .text.RTC_ByteToBcd2
                0x0801fb28       0x50 Thirdparty\STM32G0xx_HAL_Driver\Src\stm32g0xx_hal_rtc.o
                0x0801fb28                RTC_ByteToBcd2
 .text.RTC_Bcd2ToByte
                0x0801fb78       0x3a Thirdparty\STM32G0xx_HAL_Driver\Src\stm32g0xx_hal_rtc.o
                0x0801fb78                RTC_Bcd2ToByte
 .text.HAL_RTCEx_BKUPWrite
                0x0801fbb2       0x3a Thirdparty\STM32G0xx_HAL_Driver\Src\stm32g0xx_hal_rtc_ex.o
                0x0801fbb2                HAL_RTCEx_BKUPWrite
 .text.HAL_RTCEx_BKUPRead
                0x0801fbec       0x36 Thirdparty\STM32G0xx_HAL_Driver\Src\stm32g0xx_hal_rtc_ex.o
                0x0801fbec                HAL_RTCEx_BKUPRead
 .text.HAL_TIM_Base_Init
                0x0801fc22       0xb0 Thirdparty\STM32G0xx_HAL_Driver\Src\stm32g0xx_hal_tim.o
                0x0801fc22                HAL_TIM_Base_Init
 .text.HAL_TIM_Base_MspInit