Archive member included to satisfy reference by file (symbol)

C:/ST/STM32CubeIDE_1.14.1/STM32CubeIDE/plugins/com.st.stm32cube.ide.mcu.externaltools.gnu-tools-for-stm32.11.3.rel1.win32_1.1.100.202309141235/tools/bin/../lib/gcc/arm-none-eabi/11.3.1/../../../../arm-none-eabi/lib/thumb/v6-m/nofp\libc.a(libc_a-atof.o)
                              BOS\BOS_CLI.o (atof)
C:/ST/STM32CubeIDE_1.14.1/STM32CubeIDE/plugins/com.st.stm32cube.ide.mcu.externaltools.gnu-tools-for-stm32.11.3.rel1.win32_1.1.100.202309141235/tools/bin/../lib/gcc/arm-none-eabi/11.3.1/../../../../arm-none-eabi/lib/thumb/v6-m/nofp\libc.a(libc_a-atoi.o)
                              BOS\BOS_CLI.o (atoi)
C:/ST/STM32CubeIDE_1.14.1/STM32CubeIDE/plugins/com.st.stm32cube.ide.mcu.externaltools.gnu-tools-for-stm32.11.3.rel1.win32_1.1.100.202309141235/tools/bin/../lib/gcc/arm-none-eabi/11.3.1/../../../../arm-none-eabi/lib/thumb/v6-m/nofp\libc.a(libc_a-atol.o)
                              BOS\BOS.o (atol)
C:/ST/STM32CubeIDE_1.14.1/STM32CubeIDE/plugins/com.st.stm32cube.ide.mcu.externaltools.gnu-tools-for-stm32.11.3.rel1.win32_1.1.100.202309141235/tools/bin/../lib/gcc/arm-none-eabi/11.3.1/../../../../arm-none-eabi/lib/thumb/v6-m/nofp\libc.a(libc_a-exit.o)
                              C:/ST/STM32CubeIDE_1.14.1/STM32CubeIDE/plugins/com.st.stm32cube.ide.mcu.externaltools.gnu-tools-for-stm32.11.3.rel1.win32_1.1.100.202309141235/tools/bin/../lib/gcc/arm-none-eabi/11.3.1/../../../../arm-none-eabi/lib/thumb/v6-m/nofp/crt0.o (exit)
C:/ST/STM32CubeIDE_1.14.1/STM32CubeIDE/plugins/com.st.stm32cube.ide.mcu.externaltools.gnu-tools-for-stm32.11.3.rel1.win32_1.1.100.202309141235/tools/bin/../lib/gcc/arm-none-eabi/11.3.1/../../../../arm-none-eabi/lib/thumb/v6-m/nofp\libc.a(libc_a-malloc.o)
                              BOS\BOS.o (malloc)
C:/ST/STM32CubeIDE_1.14.1/STM32CubeIDE/plugins/com.st.stm32cube.ide.mcu.externaltools.gnu-tools-for-stm32.11.3.rel1.win32_1.1.100.202309141235/tools/bin/../lib/gcc/arm-none-eabi/11.3.1/../../../../arm-none-eabi/lib/thumb/v6-m/nofp\libc.a(libc_a-mallocr.o)
                              C:/ST/STM32CubeIDE_1.14.1/STM32CubeIDE/plugins/com.st.stm32cube.ide.mcu.externaltools.gnu-tools-for-stm32.11.3.rel1.win32_1.1.100.202309141235/tools/bin/../lib/gcc/arm-none-eabi/11.3.1/../../../../arm-none-eabi/lib/thumb/v6-m/nofp\libc.a(libc_a-malloc.o) (_malloc_r)
C:/ST/STM32CubeIDE_1.14.1/STM32CubeIDE/plugins/com.st.stm32cube.ide.mcu.externaltools.gnu-tools-for-stm32.11.3.rel1.win32_1.1.100.202309141235/tools/bin/../lib/gcc/arm-none-eabi/11.3.1/../../../../arm-none-eabi/lib/thumb/v6-m/nofp\libc.a(libc_a-mlock.o)
                              C:/ST/STM32CubeIDE_1.14.1/STM32CubeIDE/plugins/com.st.stm32cube.ide.mcu.externaltools.gnu-tools-for-stm32.11.3.rel1.win32_1.1.100.202309141235/tools/bin/../lib/gcc/arm-none-eabi/11.3.1/../../../../arm-none-eabi/lib/thumb/v6-m/nofp\libc.a(libc_a-mallocr.o) (__malloc_lock)
C:/ST/STM32CubeIDE_1.14.1/STM32CubeIDE/plugins/com.st.stm32cube.ide.mcu.externaltools.gnu-tools-for-stm32.11.3.rel1.win32_1.1.100.202309141235/tools/bin/../lib/gcc/arm-none-eabi/11.3.1/../../../../arm-none-eabi/lib/thumb/v6-m/nofp\libc.a(libc_a-rand.o)
                              BOS\BOS_CLIcommands.o (rand)
C:/ST/STM32CubeIDE_1.14.1/STM32CubeIDE/plugins/com.st.stm32cube.ide.mcu.externaltools.gnu-tools-for-stm32.11.3.rel1.win32_1.1.100.202309141235/tools/bin/../lib/gcc/arm-none-eabi/11.3.1/../../../../arm-none-eabi/lib/thumb/v6-m/nofp\libc.a(libc_a-realloc.o)
                              BOS\BOS_CLI.o (realloc)
C:/ST/STM32CubeIDE_1.14.1/STM32CubeIDE/plugins/com.st.stm32cube.ide.mcu.externaltools.gnu-tools-for-stm32.11.3.rel1.win32_1.1.100.202309141235/tools/bin/../lib/gcc/arm-none-eabi/11.3.1/../../../../arm-none-eabi/lib/thumb/v6-m/nofp\libc.a(libc_a-reallocr.o)
                              C:/ST/STM32CubeIDE_1.14.1/STM32CubeIDE/plugins/com.st.stm32cube.ide.mcu.externaltools.gnu-tools-for-stm32.11.3.rel1.win32_1.1.100.202309141235/tools/bin/../lib/gcc/arm-none-eabi/11.3.1/../../../../arm-none-eabi/lib/thumb/v6-m/nofp\libc.a(libc_a-realloc.o) (_realloc_r)
C:/ST/STM32CubeIDE_1.14.1/STM32CubeIDE/plugins/com.st.stm32cube.ide.mcu.externaltools.gnu-tools-for-stm32.11.3.rel1.win32_1.1.100.202309141235/tools/bin/../lib/gcc/arm-none-eabi/11.3.1/../../../../arm-none-eabi/lib/thumb/v6-m/nofp\libc.a(libc_a-strtod.o)
                              C:/ST/STM32CubeIDE_1.14.1/STM32CubeIDE/plugins/com.st.stm32cube.ide.mcu.externaltools.gnu-tools-for-stm32.11.3.rel1.win32_1.1.100.202309141235/tools/bin/../lib/gcc/arm-none-eabi/11.3.1/../../../../arm-none-eabi/lib/thumb/v6-m/nofp\libc.a(libc_a-atof.o) (strtod)
C:/ST/STM32CubeIDE_1.14.1/STM32CubeIDE/plugins/com.st.stm32cube.ide.mcu.externaltools.gnu-tools-for-stm32.11.3.rel1.win32_1.1.100.202309141235/tools/bin/../lib/gcc/arm-none-eabi/11.3.1/../../../../arm-none-eabi/lib/thumb/v6-m/nofp\libc.a(libc_a-strtol.o)
[...]
Memory Configuration

Name             Origin             Length             Attributes
RAM              0x0000000020000000 0x0000000000024000 xrw
FLASH            0x0000000008000000 0x0000000000080000 xr
*default*        0x0000000000000000 0xffffffffffffffff

Linker script and memory map

LOAD C:/ST/STM32CubeIDE_1.14.1/STM32CubeIDE/plugins/com.st.stm32cube.ide.mcu.externaltools.gnu-tools-for-stm32.11.3.rel1.win32_1.1.100.202309141235/tools/bin/../lib/gcc/arm-none-eabi/11.3.1/thumb/v6-m/nofp/crti.o
LOAD C:/ST/STM32CubeIDE_1.14.1/STM32CubeIDE/plugins/com.st.stm32cube.ide.mcu.externaltools.gnu-tools-for-stm32.11.3.rel1.win32_1.1.100.202309141235/tools/bin/../lib/gcc/arm-none-eabi/11.3.1/thumb/v6-m/nofp/crtbegin.o
LOAD C:/ST/STM32CubeIDE_1.14.1/STM32CubeIDE/plugins/com.st.stm32cube.ide.mcu.externaltools.gnu-tools-for-stm32.11.3.rel1.win32_1.1.100.202309141235/tools/bin/../lib/gcc/arm-none-eabi/11.3.1/../../../../arm-none-eabi/lib/thumb/v6-m/nofp/crt0.o
LOAD BOS\BOS.o
LOAD BOS\BOS_CLI.o
LOAD BOS\BOS_CLIcommands.o
LOAD BOS\BOS_dma.o
LOAD BOS\BOS_freertos.o
LOAD BOS\BOS_messaging.o
LOAD BOS\BOS_msgparser.o
LOAD H19R0\H19R0.o
LOAD H19R0\H19R0_dma.o
LOAD H19R0\H19R0_eeprom.o
LOAD H19R0\H19R0_gpio.o
LOAD H19R0\H19R0_inputs.o
LOAD H19R0\H19R0_it.o
LOAD H19R0\H19R0_rtc.o
LOAD H19R0\H19R0_timers.o
LOAD H19R0\H19R0_uart.o
LOAD H19R0\startup_stm32g0b1ceuxn.o
LOAD Thirdparty\CMSIS\STM32G0xx\Device\ST\STM32G0xx\Source\Templates\system_stm32g0xx.o
LOAD Thirdparty\Middleware\STM32G0xx\FreeRTOS\Source\CMSIS_RTOS\cmsis_os.o
LOAD Thirdparty\Middleware\STM32G0xx\FreeRTOS\Source\FreeRTOS_CLI.o
LOAD Thirdparty\Middleware\STM32G0xx\FreeRTOS\Source\croutine.o
LOAD Thirdparty\Middleware\STM32G0xx\FreeRTOS\Source\event_groups.o
LOAD Thirdparty\Middleware\STM32G0xx\FreeRTOS\Source\list.o
LOAD Thirdparty\Middleware\STM32G0xx\FreeRTOS\Source\portable\GCC\ARM_CM0\port.o
LOAD Thirdparty\Middleware\STM32G0xx\FreeRTOS\Source\portable\MemMang\heap_4.o
LOAD Thirdparty\Middleware\STM32G0xx\FreeRTOS\Source\queue.o
LOAD Thirdparty\Middleware\STM32G0xx\FreeRTOS\Source\stream_buffer.o
LOAD Thirdparty\Middleware\STM32G0xx\FreeRTOS\Source\tasks.o
LOAD Thirdparty\Middleware\STM32G0xx\FreeRTOS\Source\timers.o
LOAD Thirdparty\STM32G0xx_HAL_Driver\Src\stm32g0xx_hal.o
LOAD Thirdparty\STM32G0xx_HAL_Driver\Src\stm32g0xx_hal_adc.o
LOAD Thirdparty\STM32G0xx_HAL_Driver\Src\stm32g0xx_hal_adc_ex.o
LOAD Thirdparty\STM32G0xx_HAL_Driver\Src\stm32g0xx_hal_cec.o
LOAD Thirdparty\STM32G0xx_HAL_Driver\Src\stm32g0xx_hal_comp.o
LOAD Thirdparty\STM32G0xx_HAL_Driver\Src\stm32g0xx_hal_cortex.o
LOAD Thirdparty\STM32G0xx_HAL_Driver\Src\stm32g0xx_hal_crc.o
LOAD Thirdparty\STM32G0xx_HAL_Driver\Src\stm32g0xx_hal_crc_ex.o
LOAD Thirdparty\STM32G0xx_HAL_Driver\Src\stm32g0xx_hal_cryp.o
LOAD Thirdparty\STM32G0xx_HAL_Driver\Src\stm32g0xx_hal_cryp_ex.o
LOAD Thirdparty\STM32G0xx_HAL_Driver\Src\stm32g0xx_hal_dac.o
LOAD Thirdparty\STM32G0xx_HAL_Driver\Src\stm32g0xx_hal_dac_ex.o
LOAD Thirdparty\STM32G0xx_HAL_Driver\Src\stm32g0xx_hal_dma.o
LOAD Thirdparty\STM32G0xx_HAL_Driver\Src\stm32g0xx_hal_dma_ex.o
LOAD Thirdparty\STM32G0xx_HAL_Driver\Src\stm32g0xx_hal_exti.o
LOAD Thirdparty\STM32G0xx_HAL_Driver\Src\stm32g0xx_hal_fdcan.o
LOAD Thirdparty\STM32G0xx_HAL_Driver\Src\stm32g0xx_hal_flash.o
LOAD Thirdparty\STM32G0xx_HAL_Driver\Src\stm32g0xx_hal_flash_ex.o
LOAD Thirdparty\STM32G0xx_HAL_Driver\Src\stm32g0xx_hal_gpio.o
LOAD Thirdparty\STM32G0xx_HAL_Driver\Src\stm32g0xx_hal_hcd.o
LOAD Thirdparty\STM32G0xx_HAL_Driver\Src\stm32g0xx_hal_i2c.o
LOAD Thirdparty\STM32G0xx_HAL_Driver\Src\stm32g0xx_hal_i2c_ex.o
LOAD Thirdparty\STM32G0xx_HAL_Driver\Src\stm32g0xx_hal_i2s.o
LOAD Thirdparty\STM32G0xx_HAL_Driver\Src\stm32g0xx_hal_irda.o
LOAD Thirdparty\STM32G0xx_HAL_Driver\Src\stm32g0xx_hal_iwdg.o
LOAD Thirdparty\STM32G0xx_HAL_Driver\Src\stm32g0xx_hal_lptim.o
LOAD Thirdparty\STM32G0xx_HAL_Driver\Src\stm32g0xx_hal_msp_template.o
LOAD Thirdparty\STM32G0xx_HAL_Driver\Src\stm32g0xx_hal_pcd.o
LOAD Thirdparty\STM32G0xx_HAL_Driver\Src\stm32g0xx_hal_pcd_ex.o
LOAD Thirdparty\STM32G0xx_HAL_Driver\Src\stm32g0xx_hal_pwr.o
LOAD Thirdparty\STM32G0xx_HAL_Driver\Src\stm32g0xx_hal_pwr_ex.o
LOAD Thirdparty\STM32G0xx_HAL_Driver\Src\stm32g0xx_hal_rcc.o
LOAD Thirdparty\STM32G0xx_HAL_Driver\Src\stm32g0xx_hal_rcc_ex.o
LOAD Thirdparty\STM32G0xx_HAL_Driver\Src\stm32g0xx_hal_rng.o
LOAD Thirdparty\STM32G0xx_HAL_Driver\Src\stm32g0xx_hal_rtc.o
LOAD Thirdparty\STM32G0xx_HAL_Driver\Src\stm32g0xx_hal_rtc_ex.o
LOAD Thirdparty\STM32G0xx_HAL_Driver\Src\stm32g0xx_hal_smartcard.o
LOAD Thirdparty\STM32G0xx_HAL_Driver\Src\stm32g0xx_hal_smartcard_ex.o
LOAD Thirdparty\STM32G0xx_HAL_Driver\Src\stm32g0xx_hal_smbus.o
LOAD Thirdparty\STM32G0xx_HAL_Driver\Src\stm32g0xx_hal_smbus_ex.o
LOAD Thirdparty\STM32G0xx_HAL_Driver\Src\stm32g0xx_hal_spi.o
LOAD Thirdparty\STM32G0xx_HAL_Driver\Src\stm32g0xx_hal_spi_ex.o
LOAD Thirdparty\STM32G0xx_HAL_Driver\Src\stm32g0xx_hal_tim.o
LOAD Thirdparty\STM32G0xx_HAL_Driver\Src\stm32g0xx_hal_tim_ex.o
LOAD Thirdparty\STM32G0xx_HAL_Driver\Src\stm32g0xx_hal_uart.o
LOAD Thirdparty\STM32G0xx_HAL_Driver\Src\stm32g0xx_hal_uart_ex.o
LOAD Thirdparty\STM32G0xx_HAL_Driver\Src\stm32g0xx_hal_usart.o
LOAD Thirdparty\STM32G0xx_HAL_Driver\Src\stm32g0xx_hal_usart_ex.o
LOAD Thirdparty\STM32G0xx_HAL_Driver\Src\stm32g0xx_hal_wwdg.o
LOAD Thirdparty\STM32G0xx_HAL_Driver\Src\stm32g0xx_ll_adc.o
LOAD Thirdparty\STM32G0xx_HAL_Driver\Src\stm32g0xx_ll_comp.o
LOAD Thirdparty\STM32G0xx_HAL_Driver\Src\stm32g0xx_ll_crc.o
LOAD Thirdparty\STM32G0xx_HAL_Driver\Src\stm32g0xx_ll_crs.o
LOAD Thirdparty\STM32G0xx_HAL_Driver\Src\stm32g0xx_ll_dac.o
LOAD Thirdparty\STM32G0xx_HAL_Driver\Src\stm32g0xx_ll_dma.o
LOAD Thirdparty\STM32G0xx_HAL_Driver\Src\stm32g0xx_ll_exti.o
LOAD Thirdparty\STM32G0xx_HAL_Driver\Src\stm32g0xx_ll_gpio.o
LOAD Thirdparty\STM32G0xx_HAL_Driver\Src\stm32g0xx_ll_i2c.o
LOAD Thirdparty\STM32G0xx_HAL_Driver\Src\stm32g0xx_ll_lptim.o
LOAD Thirdparty\STM32G0xx_HAL_Driver\Src\stm32g0xx_ll_lpuart.o
LOAD Thirdparty\STM32G0xx_HAL_Driver\Src\stm32g0xx_ll_pwr.o
LOAD Thirdparty\STM32G0xx_HAL_Driver\Src\stm32g0xx_ll_rcc.o
LOAD Thirdparty\STM32G0xx_HAL_Driver\Src\stm32g0xx_ll_rng.o
LOAD Thirdparty\STM32G0xx_HAL_Driver\Src\stm32g0xx_ll_rtc.o
LOAD Thirdparty\STM32G0xx_HAL_Driver\Src\stm32g0xx_ll_spi.o
LOAD Thirdparty\STM32G0xx_HAL_Driver\Src\stm32g0xx_ll_tim.o
LOAD Thirdparty\STM32G0xx_HAL_Driver\Src\stm32g0xx_ll_ucpd.o
LOAD Thirdparty\STM32G0xx_HAL_Driver\Src\stm32g0xx_ll_usart.o
LOAD Thirdparty\STM32G0xx_HAL_Driver\Src\stm32g0xx_ll_usb.o
LOAD Thirdparty\STM32G0xx_HAL_Driver\Src\stm32g0xx_ll_utils.o
LOAD User\main.o
START GROUP
LOAD C:/ST/STM32CubeIDE_1.14.1/STM32CubeIDE/plugins/com.st.stm32cube.ide.mcu.externaltools.gnu-tools-for-stm32.11.3.rel1.win32_1.1.100.202309141235/tools/bin/../lib/gcc/arm-none-eabi/11.3.1/../../../../arm-none-eabi/lib/thumb/v6-m/nofp\libc.a
LOAD C:/ST/STM32CubeIDE_1.14.1/STM32CubeIDE/plugins/com.st.stm32cube.ide.mcu.externaltools.gnu-tools-for-stm32.11.3.rel1.win32_1.1.100.202309141235/tools/bin/../lib/gcc/arm-none-eabi/11.3.1/../../../../arm-none-eabi/lib/thumb/v6-m/nofp\libm.a
END GROUP
START GROUP
LOAD C:/ST/STM32CubeIDE_1.14.1/STM32CubeIDE/plugins/com.st.stm32cube.ide.mcu.externaltools.gnu-tools-for-stm32.11.3.rel1.win32_1.1.100.202309141235/tools/bin/../lib/gcc/arm-none-eabi/11.3.1/thumb/v6-m/nofp\libgcc.a
LOAD C:/ST/STM32CubeIDE_1.14.1/STM32CubeIDE/plugins/com.st.stm32cube.ide.mcu.externaltools.gnu-tools-for-stm32.11.3.rel1.win32_1.1.100.202309141235/tools/bin/../lib/gcc/arm-none-eabi/11.3.1/../../../../arm-none-eabi/lib/thumb/v6-m/nofp\libc.a
END GROUP
START GROUP
LOAD C:/ST/STM32CubeIDE_1.14.1/STM32CubeIDE/plugins/com.st.stm32cube.ide.mcu.externaltools.gnu-tools-for-stm32.11.3.rel1.win32_1.1.100.202309141235/tools/bin/../lib/gcc/arm-none-eabi/11.3.1/thumb/v6-m/nofp\libgcc.a
LOAD C:/ST/STM32CubeIDE_1.14.1/STM32CubeIDE/plugins/com.st.stm32cube.ide.mcu.externaltools.gnu-tools-for-stm32.11.3.rel1.win32_1.1.100.202309141235/tools/bin/../lib/gcc/arm-none-eabi/11.3.1/../../../../arm-none-eabi/lib/thumb/v6-m/nofp\libc.a
LOAD C:/ST/STM32CubeIDE_1.14.1/STM32CubeIDE/plugins/com.st.stm32cube.ide.mcu.externaltools.gnu-tools-for-stm32.11.3.rel1.win32_1.1.100.202309141235/tools/bin/../lib/gcc/arm-none-eabi/11.3.1/../../../../arm-none-eabi/lib/thumb/v6-m/nofp\libnosys.a
END GROUP
LOAD C:/ST/STM32CubeIDE_1.14.1/STM32CubeIDE/plugins/com.st.stm32cube.ide.mcu.externaltools.gnu-tools-for-stm32.11.3.rel1.win32_1.1.100.202309141235/tools/bin/../lib/gcc/arm-none-eabi/11.3.1/thumb/v6-m/nofp/crtend.o
LOAD C:/ST/STM32CubeIDE_1.14.1/STM32CubeIDE/plugins/com.st.stm32cube.ide.mcu.externaltools.gnu-tools-for-stm32.11.3.rel1.win32_1.1.100.202309141235/tools/bin/../lib/gcc/arm-none-eabi/11.3.1/thumb/v6-m/nofp/crtn.o
                0x0000000020024000                _estack = (ORIGIN (RAM) + LENGTH (RAM))
                0x0000000000000200                _Min_Heap_Size = 0x200
                0x0000000000000400                _Min_Stack_Size = 0x400

.isr_vector     0x0000000008000000       0xbc
                0x0000000008000000                . = ALIGN (0x4)
 *(.isr_vector)
 .isr_vector    0x0000000008000000       0xbc H19R0\startup_stm32g0b1ceuxn.o
                0x0000000008000000                g_pfnVectors
                0x00000000080000bc                . = ALIGN (0x4)

.text           0x00000000080000c0    0x27f78
                0x00000000080000c0                . = ALIGN (0x4)
 *(.text)
 .text          0x00000000080000c0       0x48 C:/ST/STM32CubeIDE_1.14.1/STM32CubeIDE/plugins/com.st.stm32cube.ide.mcu.externaltools.gnu-tools-for-stm32.11.3.rel1.win32_1.1.100.202309141235/tools/bin/../lib/gcc/arm-none-eabi/11.3.1/thumb/v6-m/nofp/crtbegin.o
 .text          0x0000000008000108       0x14 C:/ST/STM32CubeIDE_1.14.1/STM32CubeIDE/plugins/com.st.stm32cube.ide.mcu.externaltools.gnu-tools-for-stm32.11.3.rel1.win32_1.1.100.202309141235/tools/bin/../lib/gcc/arm-none-eabi/11.3.1/../../../../arm-none-eabi/lib/thumb/v6-m/nofp\libc.a(libc_a-strcmp.o)
                0x0000000008000108                strcmp
 .text          0x000000000800011c        0xe C:/ST/STM32CubeIDE_1.14.1/STM32CubeIDE/plugins/com.st.stm32cube.ide.mcu.externaltools.gnu-tools-for-stm32.11.3.rel1.win32_1.1.100.202309141235/tools/bin/../lib/gcc/arm-none-eabi/11.3.1/../../../../arm-none-eabi/lib/thumb/v6-m/nofp\libc.a(libc_a-strlen.o)
                0x000000000800011c                strlen
 *fill*         0x000000000800012a        0x2 
 .text          0x000000000800012c       0x14 C:/ST/STM32CubeIDE_1.14.1/STM32CubeIDE/plugins/com.st.stm32cube.ide.mcu.externaltools.gnu-tools-for-stm32.11.3.rel1.win32_1.1.100.202309141235/tools/bin/../lib/gcc/arm-none-eabi/11.3.1/thumb/v6-m/nofp\libgcc.a(_thumb1_case_uqi.o)
                0x000000000800012c                __gnu_thumb1_case_uqi
 .text          0x0000000008000140       0x14 C:/ST/STM32CubeIDE_1.14.1/STM32CubeIDE/plugins/com.st.stm32cube.ide.mcu.externaltools.gnu-tools-for-stm32.11.3.rel1.win32_1.1.100.202309141235/tools/bin/../lib/gcc/arm-none-eabi/11.3.1/thumb/v6-m/nofp\libgcc.a(_thumb1_case_uhi.o)
                0x0000000008000140                __gnu_thumb1_case_uhi
 .text          0x0000000008000154      0x114 C:/ST/STM32CubeIDE_1.14.1/STM32CubeIDE/plugins/com.st.stm32cube.ide.mcu.externaltools.gnu-tools-for-stm32.11.3.rel1.win32_1.1.100.202309141235/tools/bin/../lib/gcc/arm-none-eabi/11.3.1/thumb/v6-m/nofp\libgcc.a(_udivsi3.o)
                0x0000000008000154                __aeabi_uidiv
                0x0000000008000154                __udivsi3
                0x0000000008000260                __aeabi_uidivmod
 .text          0x0000000008000268      0x1d4 C:/ST/STM32CubeIDE_1.14.1/STM32CubeIDE/plugins/com.st.stm32cube.ide.mcu.externaltools.gnu-tools-for-stm32.11.3.rel1.win32_1.1.100.202309141235/tools/bin/../lib/gcc/arm-none-eabi/11.3.1/thumb/v6-m/nofp\libgcc.a(_divsi3.o)
                0x0000000008000268                __divsi3
                0x0000000008000268                __aeabi_idiv
                0x0000000008000434                __aeabi_idivmod
 .text          0x000000000800043c        0x4 C:/ST/STM32CubeIDE_1.14.1/STM32CubeIDE/plugins/com.st.stm32cube.ide.mcu.externaltools.gnu-tools-for-stm32.11.3.rel1.win32_1.1.100.202309141235/tools/bin/../lib/gcc/arm-none-eabi/11.3.1/thumb/v6-m/nofp\libgcc.a(_dvmd_tls.o)
                0x000000000800043c                __aeabi_idiv0
                0x000000000800043c                __aeabi_ldiv0
 .text          0x0000000008000440       0x7c C:/ST/STM32CubeIDE_1.14.1/STM32CubeIDE/plugins/com.st.stm32cube.ide.mcu.externaltools.gnu-tools-for-stm32.11.3.rel1.win32_1.1.100.202309141235/tools/bin/../lib/gcc/arm-none-eabi/11.3.1/thumb/v6-m/nofp\libgcc.a(_arm_cmpdf2.o)
                0x0000000008000440                __aeabi_cdrcmple
                0x0000000008000450                __aeabi_cdcmple
                0x0000000008000450                __aeabi_cdcmpeq
                0x0000000008000460                __aeabi_dcmpeq
                0x000000000800046c                __aeabi_dcmplt
                0x0000000008000480                __aeabi_dcmple
                0x0000000008000494                __aeabi_dcmpgt
                0x00000000080004a8                __aeabi_dcmpge
 .text          0x00000000080004bc       0x74 C:/ST/STM32CubeIDE_1.14.1/STM32CubeIDE/plugins/com.st.stm32cube.ide.mcu.externaltools.gnu-tools-for-stm32.11.3.rel1.win32_1.1.100.202309141235/tools/bin/../lib/gcc/arm-none-eabi/11.3.1/thumb/v6-m/nofp\libgcc.a(_arm_cmpsf2.o)
                0x00000000080004bc                __aeabi_cfrcmple
                0x00000000080004c4                __aeabi_cfcmpeq
                0x00000000080004c4                __aeabi_cfcmple
                0x00000000080004d4                __aeabi_fcmpeq
                0x00000000080004e0                __aeabi_fcmplt
                0x00000000080004f4                __aeabi_fcmple
                0x0000000008000508                __aeabi_fcmpgt
                0x000000000800051c                __aeabi_fcmpge
 .text          0x0000000008000530       0x14 C:/ST/STM32CubeIDE_1.14.1/STM32CubeIDE/plugins/com.st.stm32cube.ide.mcu.externaltools.gnu-tools-for-stm32.11.3.rel1.win32_1.1.100.202309141235/tools/bin/../lib/gcc/arm-none-eabi/11.3.1/thumb/v6-m/nofp\libgcc.a(_aeabi_ulcmp.o)
                0x0000000008000530                __aeabi_ulcmp
 .text          0x0000000008000544       0x40 C:/ST/STM32CubeIDE_1.14.1/STM32CubeIDE/plugins/com.st.stm32cube.ide.mcu.externaltools.gnu-tools-for-stm32.11.3.rel1.win32_1.1.100.202309141235/tools/bin/../lib/gcc/arm-none-eabi/11.3.1/thumb/v6-m/nofp\libgcc.a(_aeabi_uldivmod.o)
                0x0000000008000544                __aeabi_uldivmod
 .text          0x0000000008000584       0x5c C:/ST/STM32CubeIDE_1.14.1/STM32CubeIDE/plugins/com.st.stm32cube.ide.mcu.externaltools.gnu-tools-for-stm32.11.3.rel1.win32_1.1.100.202309141235/tools/bin/../lib/gcc/arm-none-eabi/11.3.1/thumb/v6-m/nofp\libgcc.a(_muldi3.o)
                0x0000000008000584                __muldi3
                0x0000000008000584                __aeabi_lmul
 .text          0x00000000080005e0       0x30 C:/ST/STM32CubeIDE_1.14.1/STM32CubeIDE/plugins/com.st.stm32cube.ide.mcu.externaltools.gnu-tools-for-stm32.11.3.rel1.win32_1.1.100.202309141235/tools/bin/../lib/gcc/arm-none-eabi/11.3.1/thumb/v6-m/nofp\libgcc.a(_fixunssfsi.o)
                0x00000000080005e0                __fixunssfsi
                0x00000000080005e0                __aeabi_f2uiz
 .text          0x0000000008000610       0x3c C:/ST/STM32CubeIDE_1.14.1/STM32CubeIDE/plugins/com.st.stm32cube.ide.mcu.externaltools.gnu-tools-for-stm32.11.3.rel1.win32_1.1.100.202309141235/tools/bin/../lib/gcc/arm-none-eabi/11.3.1/thumb/v6-m/nofp\libgcc.a(_fixunsdfsi.o)
                0x0000000008000610                __aeabi_d2uiz
                0x0000000008000610                __fixunsdfsi
 .text          0x000000000800064c       0x3c C:/ST/STM32CubeIDE_1.14.1/STM32CubeIDE/plugins/com.st.stm32cube.ide.mcu.externaltools.gnu-tools-for-stm32.11.3.rel1.win32_1.1.100.202309141235/tools/bin/../lib/gcc/arm-none-eabi/11.3.1/thumb/v6-m/nofp\libgcc.a(_fixdfdi.o)
                0x000000000800064c                __fixdfdi
                0x000000000800064c                __aeabi_d2lz
 .text          0x0000000008000688       0x3c C:/ST/STM32CubeIDE_1.14.1/STM32CubeIDE/plugins/com.st.stm32cube.ide.mcu.externaltools.gnu-tools-for-stm32.11.3.rel1.win32_1.1.100.202309141235/tools/bin/../lib/gcc/arm-none-eabi/11.3.1/thumb/v6-m/nofp\libgcc.a(_fixunsdfdi.o)
                0x0000000008000688                __fixunsdfdi
                0x0000000008000688                __aeabi_d2ulz
 .text          0x00000000080006c4       0x2c C:/ST/STM32CubeIDE_1.14.1/STM32CubeIDE/plugins/com.st.stm32cube.ide.mcu.externaltools.gnu-tools-for-stm32.11.3.rel1.win32_1.1.100.202309141235/tools/bin/../lib/gcc/arm-none-eabi/11.3.1/thumb/v6-m/nofp\libgcc.a(_floatdidf.o)
                0x00000000080006c4                __aeabi_l2d
                0x00000000080006c4                __floatdidf
 .text          0x00000000080006f0      0x198 C:/ST/STM32CubeIDE_1.14.1/STM32CubeIDE/plugins/com.st.stm32cube.ide.mcu.externaltools.gnu-tools-for-stm32.11.3.rel1.win32_1.1.100.202309141235/tools/bin/../lib/gcc/arm-none-eabi/11.3.1/thumb/v6-m/nofp\libgcc.a(_udivmoddi4.o)
                0x00000000080006f0                __udivmoddi4
 .text          0x0000000008000888       0x4c C:/ST/STM32CubeIDE_1.14.1/STM32CubeIDE/plugins/com.st.stm32cube.ide.mcu.externaltools.gnu-tools-for-stm32.11.3.rel1.win32_1.1.100.202309141235/tools/bin/../lib/gcc/arm-none-eabi/11.3.1/thumb/v6-m/nofp\libgcc.a(eqsf2.o)
                0x0000000008000888                __eqsf2
                0x0000000008000888                __nesf2
 .text          0x00000000080008d4       0x8c C:/ST/STM32CubeIDE_1.14.1/STM32CubeIDE/plugins/com.st.stm32cube.ide.mcu.externaltools.gnu-tools-for-stm32.11.3.rel1.win32_1.1.100.202309141235/tools/bin/../lib/gcc/arm-none-eabi/11.3.1/thumb/v6-m/nofp\libgcc.a(gesf2.o)
                0x00000000080008d4                __gesf2
                0x00000000080008d4                __gtsf2
 .text          0x0000000008000960       0x88 C:/ST/STM32CubeIDE_1.14.1/STM32CubeIDE/plugins/com.st.stm32cube.ide.mcu.externaltools.gnu-tools-for-stm32.11.3.rel1.win32_1.1.100.202309141235/tools/bin/../lib/gcc/arm-none-eabi/11.3.1/thumb/v6-m/nofp\libgcc.a(lesf2.o)
                0x0000000008000960                __ltsf2
                0x0000000008000960                __lesf2
 .text          0x00000000080009e8      0x29c C:/ST/STM32CubeIDE_1.14.1/STM32CubeIDE/plugins/com.st.stm32cube.ide.mcu.externaltools.gnu-tools-for-stm32.11.3.rel1.win32_1.1.100.202309141235/tools/bin/../lib/gcc/arm-none-eabi/11.3.1/thumb/v6-m/nofp\libgcc.a(mulsf3.o)
                0x00000000080009e8                __aeabi_fmul
 .text          0x0000000008000c84      0x340 C:/ST/STM32CubeIDE_1.14.1/STM32CubeIDE/plugins/com.st.stm32cube.ide.mcu.externaltools.gnu-tools-for-stm32.11.3.rel1.win32_1.1.100.202309141235/tools/bin/../lib/gcc/arm-none-eabi/11.3.1/thumb/v6-m/nofp\libgcc.a(subsf3.o)
                0x0000000008000c84                __aeabi_fsub
 .text          0x0000000008000fc4       0x40 C:/ST/STM32CubeIDE_1.14.1/STM32CubeIDE/plugins/com.st.stm32cube.ide.mcu.externaltools.gnu-tools-for-stm32.11.3.rel1.win32_1.1.100.202309141235/tools/bin/../lib/gcc/arm-none-eabi/11.3.1/thumb/v6-m/nofp\libgcc.a(fixsfsi.o)
                0x0000000008000fc4                __aeabi_f2iz
 .text          0x0000000008001004       0x90 C:/ST/STM32CubeIDE_1.14.1/STM32CubeIDE/plugins/com.st.stm32cube.ide.mcu.externaltools.gnu-tools-for-stm32.11.3.rel1.win32_1.1.100.202309141235/tools/bin/../lib/gcc/arm-none-eabi/11.3.1/thumb/v6-m/nofp\libgcc.a(floatunsisf.o)
                0x0000000008001004                __aeabi_ui2f
 .text          0x0000000008001094      0x6c0 C:/ST/STM32CubeIDE_1.14.1/STM32CubeIDE/plugins/com.st.stm32cube.ide.mcu.externaltools.gnu-tools-for-stm32.11.3.rel1.win32_1.1.100.202309141235/tools/bin/../lib/gcc/arm-none-eabi/11.3.1/thumb/v6-m/nofp\libgcc.a(adddf3.o)
                0x0000000008001094                __aeabi_dadd
 .text          0x0000000008001754      0x5dc C:/ST/STM32CubeIDE_1.14.1/STM32CubeIDE/plugins/com.st.stm32cube.ide.mcu.externaltools.gnu-tools-for-stm32.11.3.rel1.win32_1.1.100.202309141235/tools/bin/../lib/gcc/arm-none-eabi/11.3.1/thumb/v6-m/nofp\libgcc.a(divdf3.o)
                0x0000000008001754                __aeabi_ddiv
 .text          0x0000000008001d30       0x84 C:/ST/STM32CubeIDE_1.14.1/STM32CubeIDE/plugins/com.st.stm32cube.ide.mcu.externaltools.gnu-tools-for-stm32.11.3.rel1.win32_1.1.100.202309141235/tools/bin/../lib/gcc/arm-none-eabi/11.3.1/thumb/v6-m/nofp\libgcc.a(eqdf2.o)
                0x0000000008001d30                __nedf2
                0x0000000008001d30                __eqdf2
 .text          0x0000000008001db4       0xcc C:/ST/STM32CubeIDE_1.14.1/STM32CubeIDE/plugins/com.st.stm32cube.ide.mcu.externaltools.gnu-tools-for-stm32.11.3.rel1.win32_1.1.100.202309141235/tools/bin/../lib/gcc/arm-none-eabi/11.3.1/thumb/v6-m/nofp\libgcc.a(gedf2.o)
                0x0000000008001db4                __gedf2
                0x0000000008001db4                __gtdf2
 .text          0x0000000008001e80       0xc8 C:/ST/STM32CubeIDE_1.14.1/STM32CubeIDE/plugins/com.st.stm32cube.ide.mcu.externaltools.gnu-tools-for-stm32.11.3.rel1.win32_1.1.100.202309141235/tools/bin/../lib/gcc/arm-none-eabi/11.3.1/thumb/v6-m/nofp\libgcc.a(ledf2.o)
                0x0000000008001e80                __ledf2
                0x0000000008001e80                __ltdf2
 .text          0x0000000008001f48      0x584 C:/ST/STM32CubeIDE_1.14.1/STM32CubeIDE/plugins/com.st.stm32cube.ide.mcu.externaltools.gnu-tools-for-stm32.11.3.rel1.win32_1.1.100.202309141235/tools/bin/../lib/gcc/arm-none-eabi/11.3.1/thumb/v6-m/nofp\libgcc.a(muldf3.o)
                0x0000000008001f48                __aeabi_dmul
 .text          0x00000000080024cc      0x704 C:/ST/STM32CubeIDE_1.14.1/STM32CubeIDE/plugins/com.st.stm32cube.ide.mcu.externaltools.gnu-tools-for-stm32.11.3.rel1.win32_1.1.100.202309141235/tools/bin/../lib/gcc/arm-none-eabi/11.3.1/thumb/v6-m/nofp\libgcc.a(subdf3.o)
                0x00000000080024cc                __aeabi_dsub
 .text          0x0000000008002bd0       0x3c C:/ST/STM32CubeIDE_1.14.1/STM32CubeIDE/plugins/com.st.stm32cube.ide.mcu.externaltools.gnu-tools-for-stm32.11.3.rel1.win32_1.1.100.202309141235/tools/bin/../lib/gcc/arm-none-eabi/11.3.1/thumb/v6-m/nofp\libgcc.a(unorddf2.o)
                0x0000000008002bd0                __aeabi_dcmpun
 .text          0x0000000008002c0c       0x6c C:/ST/STM32CubeIDE_1.14.1/STM32CubeIDE/plugins/com.st.stm32cube.ide.mcu.externaltools.gnu-tools-for-stm32.11.3.rel1.win32_1.1.100.202309141235/tools/bin/../lib/gcc/arm-none-eabi/11.3.1/thumb/v6-m/nofp\libgcc.a(fixdfsi.o)
                0x0000000008002c0c                __aeabi_d2iz
 .text          0x0000000008002c78       0x60 C:/ST/STM32CubeIDE_1.14.1/STM32CubeIDE/plugins/com.st.stm32cube.ide.mcu.externaltools.gnu-tools-for-stm32.11.3.rel1.win32_1.1.100.202309141235/tools/bin/../lib/gcc/arm-none-eabi/11.3.1/thumb/v6-m/nofp\libgcc.a(floatsidf.o)
                0x0000000008002c78                __aeabi_i2d
 .text          0x0000000008002cd8       0x4c C:/ST/STM32CubeIDE_1.14.1/STM32CubeIDE/plugins/com.st.stm32cube.ide.mcu.externaltools.gnu-tools-for-stm32.11.3.rel1.win32_1.1.100.202309141235/tools/bin/../lib/gcc/arm-none-eabi/11.3.1/thumb/v6-m/nofp\libgcc.a(floatunsidf.o)
                0x0000000008002cd8                __aeabi_ui2d
 .text          0x0000000008002d24       0x90 C:/ST/STM32CubeIDE_1.14.1/STM32CubeIDE/plugins/com.st.stm32cube.ide.mcu.externaltools.gnu-tools-for-stm32.11.3.rel1.win32_1.1.100.202309141235/tools/bin/../lib/gcc/arm-none-eabi/11.3.1/thumb/v6-m/nofp\libgcc.a(extendsfdf2.o)
                0x0000000008002d24                __aeabi_f2d
 .text          0x0000000008002db4      0x10c C:/ST/STM32CubeIDE_1.14.1/STM32CubeIDE/plugins/com.st.stm32cube.ide.mcu.externaltools.gnu-tools-for-stm32.11.3.rel1.win32_1.1.100.202309141235/tools/bin/../lib/gcc/arm-none-eabi/11.3.1/thumb/v6-m/nofp\libgcc.a(truncdfsf2.o)
                0x0000000008002db4                __aeabi_d2f
 .text          0x0000000008002ec0       0x3c C:/ST/STM32CubeIDE_1.14.1/STM32CubeIDE/plugins/com.st.stm32cube.ide.mcu.externaltools.gnu-tools-for-stm32.11.3.rel1.win32_1.1.100.202309141235/tools/bin/../lib/gcc/arm-none-eabi/11.3.1/thumb/v6-m/nofp\libgcc.a(_clzsi2.o)
                0x0000000008002ec0                __clzsi2
 .text          0x0000000008002efc       0x18 C:/ST/STM32CubeIDE_1.14.1/STM32CubeIDE/plugins/com.st.stm32cube.ide.mcu.externaltools.gnu-tools-for-stm32.11.3.rel1.win32_1.1.100.202309141235/tools/bin/../lib/gcc/arm-none-eabi/11.3.1/thumb/v6-m/nofp\libgcc.a(_clzdi2.o)
                0x0000000008002efc                __clzdi2
 *(.text*)
 .text.__NVIC_SystemReset
                0x0000000008002f14       0x24 BOS\BOS.o
 .text.Processor_type
                0x0000000008002f38       0x5a BOS\BOS.o
                0x0000000008002f38                Processor_type
 *fill*         0x0000000008002f92        0x2 
 .text.Get_Module_Name
                0x0000000008002f94       0x28 BOS\BOS.o
                0x0000000008002f94                Get_Module_Name
 .text.Send_BOS_Message
                0x0000000008002fbc       0xfc BOS\BOS.o
                0x0000000008002fbc                Send_BOS_Message
 .text.LoadEEvars
                0x00000000080030b8       0x2a BOS\BOS.o
                0x00000000080030b8                LoadEEvars
 *fill*         0x00000000080030e2        0x2 
 .text.LoadROtopology
                0x00000000080030e4       0xfc BOS\BOS.o
                0x00000000080030e4                LoadROtopology
 .text.LoadEEportsDir
                0x00000000080031e0       0x68 BOS\BOS.o
                0x00000000080031e0                LoadEEportsDir
 .text.LoadEEalias
                0x0000000008003248       0xd8 BOS\BOS.o
                0x0000000008003248                LoadEEalias
 .text.LoadEEgroup
                0x0000000008003320      0x120 BOS\BOS.o
                0x0000000008003320                LoadEEgroup
 .text.LoadEEstreams
                0x0000000008003440      0x21c BOS\BOS.o
                0x0000000008003440                LoadEEstreams
 .text.LoadEEparams
                0x000000000800365c      0x260 BOS\BOS.o
                0x000000000800365c                LoadEEparams
 .text.LoadEEbuttons
                0x00000000080038bc      0x2ec BOS\BOS.o
                0x00000000080038bc                LoadEEbuttons
 .text.LoadROsnippets
                0x0000000008003ba8      0x1d8 BOS\BOS.o
                0x0000000008003ba8                LoadROsnippets
 .text.SaveEEportsDir
                0x0000000008003d80       0x78 BOS\BOS.o
                0x0000000008003d80                SaveEEportsDir
 .text.SaveEEalias
                0x0000000008003df8       0xd4 BOS\BOS.o
                0x0000000008003df8                SaveEEalias
 .text.SaveEEstreams
                0x0000000008003ecc       0xdc BOS\BOS.o
                0x0000000008003ecc                SaveEEstreams
 .text.SaveEEparams
                0x0000000008003fa8       0xf8 BOS\BOS.o
                0x0000000008003fa8                SaveEEparams
 .text.ClearEEportsDir
                0x00000000080040a0       0x84 BOS\BOS.o
                0x00000000080040a0                ClearEEportsDir
 .text.EE_FormatForFactoryReset
                0x0000000008004124       0x2c BOS\BOS.o
                0x0000000008004124                EE_FormatForFactoryReset
 .text.IsLowerCLIbaud
                0x0000000008004150       0xe8 BOS\BOS.o
                0x0000000008004150                IsLowerCLIbaud
 .text.IsModuleParameter
                0x0000000008004238       0x64 BOS\BOS.o
                0x0000000008004238                IsModuleParameter
 .text.IsMathOperator
                0x000000000800429c       0xc4 BOS\BOS.o
                0x000000000800429c                IsMathOperator
 .text.BOS_Init
                0x0000000008004360      0x134 BOS\BOS.o
                0x0000000008004360                BOS_Init
 .text.Module_Init
                0x0000000008004494       0x1e BOS\BOS.o
                0x0000000008004494                Module_Init
 *fill*         0x00000000080044b2        0x2 
 .text.ExploreNeighbors
                0x00000000080044b4       0x90 BOS\BOS.o
                0x00000000080044b4                ExploreNeighbors
 .text.FindBroadcastRoutes
                0x0000000008004544      0x3b0 BOS\BOS.o
                0x0000000008004544                FindBroadcastRoutes
 .text.FindRoute
                0x00000000080048f4      0x2dc BOS\BOS.o
                0x00000000080048f4                FindRoute
 .text.minArr   0x0000000008004bd0       0x88 BOS\BOS.o
                0x0000000008004bd0                minArr
 .text.QnotEmpty
                0x0000000008004c58       0x50 BOS\BOS.o
                0x0000000008004c58                QnotEmpty
 .text.DisplayTopology
                0x0000000008004ca8      0x258 BOS\BOS.o
                0x0000000008004ca8                DisplayTopology
 .text.DisplayPortsDir
                0x0000000008004f00      0x118 BOS\BOS.o
                0x0000000008004f00                DisplayPortsDir
 .text.DisplayModuleStatus
                0x0000000008005018      0x3c0 BOS\BOS.o
                0x0000000008005018                DisplayModuleStatus
 .text.GetID    0x00000000080053d8      0x15c BOS\BOS.o
                0x00000000080053d8                GetID
 .text.NameModule
                0x0000000008005534      0x140 BOS\BOS.o
                0x0000000008005534                NameModule
 .text.AddModuleToGroup
                0x0000000008005674      0x1b8 BOS\BOS.o
                0x0000000008005674                AddModuleToGroup
 .text.WriteToRemote
                0x000000000800582c      0x460 BOS\BOS.o
                0x000000000800582c                WriteToRemote
 .text.GetDateString
                0x0000000008005c8c       0x5c BOS\BOS.o
                0x0000000008005c8c                GetDateString
 .text.Bridge   0x0000000008005ce8       0x4c BOS\BOS.o
                0x0000000008005ce8                Bridge
 .text.Unbridge
                0x0000000008005d34       0xcc BOS\BOS.o
                0x0000000008005d34                Unbridge
 .text.EnableStopModebyUARTx
                0x0000000008005e00       0xb8 BOS\BOS.o
                0x0000000008005e00                EnableStopModebyUARTx
 .text.EnableStandbyModebyWakeupPinx
                0x0000000008005eb8       0x64 BOS\BOS.o
                0x0000000008005eb8                EnableStandbyModebyWakeupPinx
 .text.DisableStandbyModeWakeupPinx
                0x0000000008005f1c       0x98 BOS\BOS.o
                0x0000000008005f1c                DisableStandbyModeWakeupPinx
 .text.prvCLITask
                0x0000000008005fb4      0x278 BOS\BOS_CLI.o
                0x0000000008005fb4                prvCLITask
 .text.CLI_CommandParser
                0x000000000800622c      0x574 BOS\BOS_CLI.o
                0x000000000800622c                CLI_CommandParser
 .text.StringToLowerCase
                0x00000000080067a0       0x6c BOS\BOS_CLI.o
                0x00000000080067a0                StringToLowerCase
 .text.AddSnippet
                0x000000000800680c      0x1b4 BOS\BOS_CLI.o
                0x000000000800680c                AddSnippet
 .text.ParseSnippetCondition
                0x00000000080069c0      0x7f8 BOS\BOS_CLI.o
                0x00000000080069c0                ParseSnippetCondition
 .text.ParseSnippetCommand
                0x00000000080071b8       0xc8 BOS\BOS_CLI.o
                0x00000000080071b8                ParseSnippetCommand
 .text.CheckSnippetCondition
                0x0000000008007280      0x1b4 BOS\BOS_CLI.o
                0x0000000008007280                CheckSnippetCondition
 .text.ExecuteSnippet
                0x0000000008007434       0xd0 BOS\BOS_CLI.o
                0x0000000008007434                ExecuteSnippet
 .text.__NVIC_SystemReset
                0x0000000008007504       0x24 BOS\BOS_CLIcommands.o
 .text.RegisterUserCLICommands
                0x0000000008007528        0xa BOS\BOS_CLIcommands.o
                0x0000000008007528                RegisterUserCLICommands
 *fill*         0x0000000008007532        0x2 
 .text.vRegisterCLICommands
                0x0000000008007534      0x1b0 BOS\BOS_CLIcommands.o
                0x0000000008007534                vRegisterCLICommands
 .text.prvTaskStatsCommand
                0x00000000080076e4       0x40 BOS\BOS_CLIcommands.o
 .text.prvRunTimeStatsCommand
                0x0000000008007724       0x40 BOS\BOS_CLIcommands.o
 .text.pingCommand
                0x0000000008007764       0x98 BOS\BOS_CLIcommands.o
 .text.bootloaderUpdateCommand
                0x00000000080077fc      0x1fc BOS\BOS_CLIcommands.o
 .text.exploreCommand
                0x00000000080079f8       0x16 BOS\BOS_CLIcommands.o
 .text.resetCommand
                0x0000000008007a0e       0x10 BOS\BOS_CLIcommands.o
 *fill*         0x0000000008007a1e        0x2 
 .text.nameCommand
                0x0000000008007a20       0xe8 BOS\BOS_CLIcommands.o
 .text.groupCommand
                0x0000000008007b08      0x2fc BOS\BOS_CLIcommands.o
 .text.statusCommand
                0x0000000008007e04       0x1c BOS\BOS_CLIcommands.o
 .text.infoCommand
                0x0000000008007e20       0xfc BOS\BOS_CLIcommands.o
 .text.scastCommand
                0x0000000008007f1c      0x2dc BOS\BOS_CLIcommands.o
 .text.addbuttonCommand
                0x00000000080081f8      0x150 BOS\BOS_CLIcommands.o
 .text.removebuttonCommand
                0x0000000008008348       0x94 BOS\BOS_CLIcommands.o
 .text.setCommand
                0x00000000080083dc      0xbf8 BOS\BOS_CLIcommands.o
 .text.getCommand
                0x0000000008008fd4      0x3b4 BOS\BOS_CLIcommands.o
 .text.defaultCommand
                0x0000000008009388       0xf8 BOS\BOS_CLIcommands.o
 .text.timeCommand
                0x0000000008009480       0xd8 BOS\BOS_CLIcommands.o
 .text.dateCommand
                0x0000000008009558       0x34 BOS\BOS_CLIcommands.o
 .text.setBaudrateCommand
                0x000000000800958c       0xc0 BOS\BOS_CLIcommands.o
 .text.uuidCommand
                0x000000000800964c       0x70 BOS\BOS_CLIcommands.o
 .text.idcodeCommand
                0x00000000080096bc       0xe0 BOS\BOS_CLIcommands.o
 .text.flashsizeCommand
                0x000000000800979c       0x34 BOS\BOS_CLIcommands.o
 .text.snipCommand
                0x00000000080097d0      0x3ac BOS\BOS_CLIcommands.o
 .text.actSnipCommand
                0x0000000008009b7c       0xb8 BOS\BOS_CLIcommands.o
 .text.pauseSnipCommand
                0x0000000008009c34       0xb8 BOS\BOS_CLIcommands.o
 .text.delSnipCommand
                0x0000000008009cec      0x1d4 BOS\BOS_CLIcommands.o
 .text.bridgeCommand
                0x0000000008009ec0      0x11c BOS\BOS_CLIcommands.o
 .text.unbridgeCommand
                0x0000000008009fdc      0x11c BOS\BOS_CLIcommands.o
 .text.testportCommand
                0x000000000800a0f8      0x2e8 BOS\BOS_CLIcommands.o
 .text.ADCReadCommand
                0x000000000800a3e0      0x134 BOS\BOS_CLIcommands.o
 .text.ReadTempCommand
                0x000000000800a514       0x54 BOS\BOS_CLIcommands.o
 .text.ReadVrefCommand
                0x000000000800a568       0x54 BOS\BOS_CLIcommands.o
 .text.GetReadPrecentageCommand
                0x000000000800a5bc       0x98 BOS\BOS_CLIcommands.o
 .text.StartDMAstream
                0x000000000800a654       0xb0 BOS\BOS_dma.o
                0x000000000800a654                StartDMAstream
 .text.ResetUartORE
                0x000000000800a704       0x54 BOS\BOS_dma.o
                0x000000000800a704                ResetUartORE
 .text.MX_FREERTOS_Init
                0x000000000800a758      0x260 BOS\BOS_freertos.o
                0x000000000800a758                MX_FREERTOS_Init
 .text.StartDefaultTask
                0x000000000800a9b8      0x108 BOS\BOS_freertos.o
                0x000000000800a9b8                StartDefaultTask
 .text.ExecuteMonitor
                0x000000000800aac0      0x4c8 BOS\BOS_freertos.o
                0x000000000800aac0                ExecuteMonitor
 .text.vMainConfigureTimerForRunTimeStats
                0x000000000800af88       0x2c BOS\BOS_freertos.o
                0x000000000800af88                vMainConfigureTimerForRunTimeStats
 .text.ulMainGetRunTimeCounterValue
                0x000000000800afb4       0x90 BOS\BOS_freertos.o
                0x000000000800afb4                ulMainGetRunTimeCounterValue
 .text.SetupDMAStreams
                0x000000000800b044      0x27c BOS\BOS_messaging.o
                0x000000000800b044                SetupDMAStreams
 .text.StreamTimerCallback
                0x000000000800b2c0       0x34 BOS\BOS_messaging.o
                0x000000000800b2c0                StreamTimerCallback
 .text.ForwardReceivedMessage
                0x000000000800b2f4       0x80 BOS\BOS_messaging.o
                0x000000000800b2f4                ForwardReceivedMessage
 .text.BroadcastReceivedMessage
                0x000000000800b374       0x70 BOS\BOS_messaging.o
                0x000000000800b374                BroadcastReceivedMessage
 .text.NotifyMessagingTask
                0x000000000800b3e4       0xa4 BOS\BOS_messaging.o
                0x000000000800b3e4                NotifyMessagingTask
 .text.BroadcastMessage
                0x000000000800b488       0x94 BOS\BOS_messaging.o
                0x000000000800b488                BroadcastMessage
 .text.SendMessageToModule
                0x000000000800b51c       0xa4 BOS\BOS_messaging.o
                0x000000000800b51c                SendMessageToModule
 .text.SendMessageFromPort
                0x000000000800b5c0      0x6b4 BOS\BOS_messaging.o
                0x000000000800b5c0                SendMessageFromPort
 .text.StartScastDMAStream
                0x000000000800bc74      0x30c BOS\BOS_messaging.o
                0x000000000800bc74                StartScastDMAStream
 .text.__NVIC_SystemReset
                0x000000000800bf80       0x24 BOS\BOS_msgparser.o
 .text.BackEndTask
                0x000000000800bfa4      0x858 BOS\BOS_msgparser.o
                0x000000000800bfa4                BackEndTask
 .text.PxMessagingTask
                0x000000000800c7fc     0x5670 BOS\BOS_msgparser.o
                0x000000000800c7fc                PxMessagingTask
 .text.User_MessagingParser
                0x0000000008011e6c       0x3a BOS\BOS_msgparser.o
                0x0000000008011e6c                User_MessagingParser
 *fill*         0x0000000008011ea6        0x2 
 .text.SystemClock_Config
                0x0000000008011ea8       0xfc H19R0\H19R0.o
                0x0000000008011ea8                SystemClock_Config
 .text.remoteBootloaderUpdate
                0x0000000008011fa4      0x178 H19R0\H19R0.o
                0x0000000008011fa4                remoteBootloaderUpdate
 .text.SetupPortForRemoteBootloaderUpdate
                0x000000000801211c       0x52 H19R0\H19R0.o
                0x000000000801211c                SetupPortForRemoteBootloaderUpdate
 *fill*         0x000000000801216e        0x2 
 .text.Module_Peripheral_Init
                0x0000000008012170      0x12c H19R0\H19R0.o
                0x0000000008012170                Module_Peripheral_Init
 .text.SaveToRO
                0x000000000801229c      0x414 H19R0\H19R0.o
                0x000000000801229c                SaveToRO
 .text.ClearROtopology
                0x00000000080126b0       0x38 H19R0\H19R0.o
                0x00000000080126b0                ClearROtopology
 .text.Module_MessagingTask
                0x00000000080126e8       0x42 H19R0\H19R0.o
                0x00000000080126e8                Module_MessagingTask
 .text.RegisterModuleCLICommands
                0x000000000801272a        0xa H19R0\H19R0.o
                0x000000000801272a                RegisterModuleCLICommands
 .text.GetPort  0x0000000008012734       0x80 H19R0\H19R0.o
                0x0000000008012734                GetPort
 .text.LL_DMAMUX_SetRequestID
                0x00000000080127b4       0x3c H19R0\H19R0_dma.o
 .text.DMA_Init
                0x00000000080127f0       0xbc H19R0\H19R0_dma.o
                0x00000000080127f0                DMA_Init
 .text.DMA_MSG_RX_CH_Init
                0x00000000080128ac       0x4c H19R0\H19R0_dma.o
                0x00000000080128ac                DMA_MSG_RX_CH_Init
 .text.DMA_STREAM_CH_Init
                0x00000000080128f8       0x4c H19R0\H19R0_dma.o
                0x00000000080128f8                DMA_STREAM_CH_Init
 .text.SetupMessagingRxDMAs
                0x0000000008012944       0xb8 H19R0\H19R0_dma.o
                0x0000000008012944                SetupMessagingRxDMAs
 .text.DMA_MSG_RX_Setup
                0x00000000080129fc       0x38 H19R0\H19R0_dma.o
                0x00000000080129fc                DMA_MSG_RX_Setup
 .text.DMA_MSG_TX_UnSetup
                0x0000000008012a34       0x28 H19R0\H19R0_dma.o
                0x0000000008012a34                DMA_MSG_TX_UnSetup
 .text.DMA_STREAM_Setup
                0x0000000008012a5c       0x68 H19R0\H19R0_dma.o
                0x0000000008012a5c                DMA_STREAM_Setup
 .text.StopStreamDMA
                0x0000000008012ac4       0x70 H19R0\H19R0_dma.o
                0x0000000008012ac4                StopStreamDMA
 .text.StopMsgDMA
                0x0000000008012b34       0x4c H19R0\H19R0_dma.o
                0x0000000008012b34                StopMsgDMA
 .text.SwitchMsgDMAToStream
                0x0000000008012b80       0x50 H19R0\H19R0_dma.o
                0x0000000008012b80                SwitchMsgDMAToStream
 .text.SwitchStreamDMAToMsg
                0x0000000008012bd0       0xd8 H19R0\H19R0_dma.o
                0x0000000008012bd0                SwitchStreamDMAToMsg
 .text.UnSetupDMAInterrupts
                0x0000000008012ca8       0xe4 H19R0\H19R0_dma.o
                0x0000000008012ca8                UnSetupDMAInterrupts
 .text.RemapAndLinkDMAtoUARTRx
                0x0000000008012d8c      0x134 H19R0\H19R0_dma.o
                0x0000000008012d8c                RemapAndLinkDMAtoUARTRx
 .text.CRC_Init
                0x0000000008012ec0       0x44 H19R0\H19R0_dma.o
                0x0000000008012ec0                CRC_Init
 .text.HAL_CRC_MspInit
                0x0000000008012f04       0x30 H19R0\H19R0_dma.o
                0x0000000008012f04                HAL_CRC_MspInit
 .text.CalculateCRC8
                0x0000000008012f34      0x154 H19R0\H19R0_dma.o
                0x0000000008012f34                CalculateCRC8
 .text.EE_Init  0x0000000008013088      0x684 H19R0\H19R0_eeprom.o
                0x0000000008013088                EE_Init
 .text.EE_ReadVariable
                0x000000000801370c       0xc0 H19R0\H19R0_eeprom.o
                0x000000000801370c                EE_ReadVariable
 .text.EE_WriteVariable
                0x00000000080137cc       0x64 H19R0\H19R0_eeprom.o
                0x00000000080137cc                EE_WriteVariable
 .text.EE_Format
                0x0000000008013830      0x14c H19R0\H19R0_eeprom.o
                0x0000000008013830                EE_Format
 .text.EE_FindValidPage
                0x000000000801397c       0x90 H19R0\H19R0_eeprom.o
 .text.EE_VerifyPageFullWriteVariable
                0x0000000008013a0c      0x160 H19R0\H19R0_eeprom.o
 .text.EE_PageTransfer
                0x0000000008013b6c      0x20c H19R0\H19R0_eeprom.o
 .text.EraseSector
                0x0000000008013d78       0x60 H19R0\H19R0_eeprom.o
                0x0000000008013d78                EraseSector
 .text.GPIO_Init
                0x0000000008013dd8       0xdc H19R0\H19R0_gpio.o
                0x0000000008013dd8                GPIO_Init
 .text.IND_LED_Init
                0x0000000008013eb4       0x38 H19R0\H19R0_gpio.o
                0x0000000008013eb4                IND_LED_Init
 .text.IsFactoryReset
                0x0000000008013eec      0x15c H19R0\H19R0_gpio.o
                0x0000000008013eec                IsFactoryReset
 .text.GetPortGPIOs
                0x0000000008014048      0x144 H19R0\H19R0_gpio.o
                0x0000000008014048                GetPortGPIOs
 .text.buttonPressedCallback
                0x000000000801418c       0x14 H19R0\H19R0_inputs.o
                0x000000000801418c                buttonPressedCallback
 .text.CheckAttachedButtons
                0x00000000080141a0      0x7a8 H19R0\H19R0_inputs.o
                0x00000000080141a0                CheckAttachedButtons
 .text.CheckForTimedButtonPress
                0x0000000008014948       0xfc H19R0\H19R0_inputs.o
                0x0000000008014948                CheckForTimedButtonPress
 .text.CheckForTimedButtonRelease
                0x0000000008014a44       0xfc H19R0\H19R0_inputs.o
                0x0000000008014a44                CheckForTimedButtonRelease
 .text.AddPortButton
                0x0000000008014b40      0x268 H19R0\H19R0_inputs.o
                0x0000000008014b40                AddPortButton
 .text.RemovePortButton
                0x0000000008014da8      0x208 H19R0\H19R0_inputs.o
                0x0000000008014da8                RemovePortButton
 .text.SetButtonEvents
                0x0000000008014fb0      0x77c H19R0\H19R0_inputs.o
                0x0000000008014fb0                SetButtonEvents
 .text.MX_ADC_Init
                0x000000000801572c       0x88 H19R0\H19R0_inputs.o
                0x000000000801572c                MX_ADC_Init
 .text.HAL_ADC_MspInit
                0x00000000080157b4       0xa8 H19R0\H19R0_inputs.o
                0x00000000080157b4                HAL_ADC_MspInit
 .text.ADCSelectChannel
                0x000000000801585c       0xac H19R0\H19R0_inputs.o
                0x000000000801585c                ADCSelectChannel
 .text.ReadADCChannel
                0x0000000008015908      0x10c H19R0\H19R0_inputs.o
                0x0000000008015908                ReadADCChannel
 .text.ReadTempAndVref
                0x0000000008015a14      0x1f0 H19R0\H19R0_inputs.o
                0x0000000008015a14                ReadTempAndVref
 .text.GetReadPrecentage
                0x0000000008015c04      0x21c H19R0\H19R0_inputs.o
                0x0000000008015c04                GetReadPrecentage
 .text.Get_channel
                0x0000000008015e20       0xac H19R0\H19R0_inputs.o
                0x0000000008015e20                Get_channel
 .text.Error_Handler
                0x0000000008015ecc       0x10 H19R0\H19R0_inputs.o
                0x0000000008015ecc                Error_Handler
 .text.Get_Rank
                0x0000000008015edc       0xa4 H19R0\H19R0_inputs.o
                0x0000000008015edc                Get_Rank
 .text.buttonReleasedCallback
                0x0000000008015f80       0x14 H19R0\H19R0_inputs.o
                0x0000000008015f80                buttonReleasedCallback
 .text.buttonClickedCallback
                0x0000000008015f94       0x14 H19R0\H19R0_inputs.o
                0x0000000008015f94                buttonClickedCallback
 .text.buttonDblClickedCallback
                0x0000000008015fa8       0x14 H19R0\H19R0_inputs.o
                0x0000000008015fa8                buttonDblClickedCallback
 .text.buttonPressedForXCallback
                0x0000000008015fbc       0x1a H19R0\H19R0_inputs.o
                0x0000000008015fbc                buttonPressedForXCallback
 .text.buttonReleasedForYCallback
                0x0000000008015fd6       0x1a H19R0\H19R0_inputs.o
                0x0000000008015fd6                buttonReleasedForYCallback
 .text.__NVIC_SystemReset
                0x0000000008015ff0       0x24 H19R0\H19R0_it.o
 .text.SysTick_Handler
                0x0000000008016014       0x12 H19R0\H19R0_it.o
                0x0000000008016014                SysTick_Handler
 *fill*         0x0000000008016026        0x2 
 .text.HardFault_Handler
                0x0000000008016028       0x40 H19R0\H19R0_it.o
                0x0000000008016028                HardFault_Handler
 .text.USART1_IRQHandler
                0x0000000008016068       0x30 H19R0\H19R0_it.o
                0x0000000008016068                USART1_IRQHandler
 .text.USART2_LPUART2_IRQHandler
                0x0000000008016098       0x30 H19R0\H19R0_it.o
                0x0000000008016098                USART2_LPUART2_IRQHandler
 .text.USART3_4_5_6_LPUART1_IRQHandler
                0x00000000080160c8       0x54 H19R0\H19R0_it.o
                0x00000000080160c8                USART3_4_5_6_LPUART1_IRQHandler
 .text.HAL_UART_TxCpltCallback
                0x000000000801611c       0x48 H19R0\H19R0_it.o
                0x000000000801611c                HAL_UART_TxCpltCallback
 .text.HAL_UART_ErrorCallback
                0x0000000008016164       0xd4 H19R0\H19R0_it.o
                0x0000000008016164                HAL_UART_ErrorCallback
 .text.HAL_UART_RxCpltCallback
                0x0000000008016238       0x10 H19R0\H19R0_it.o
                0x0000000008016238                HAL_UART_RxCpltCallback
 .text.vApplicationStackOverflowHook
                0x0000000008016248       0x44 H19R0\H19R0_it.o
                0x0000000008016248                vApplicationStackOverflowHook
 .text.vApplicationMallocFailedHook
                0x000000000801628c       0x40 H19R0\H19R0_it.o
                0x000000000801628c                vApplicationMallocFailedHook
 .text.EXTI0_1_IRQHandler
                0x00000000080162cc       0x10 H19R0\H19R0_it.o
                0x00000000080162cc                EXTI0_1_IRQHandler
 .text.RTC_Init
                0x00000000080162dc       0xc4 H19R0\H19R0_rtc.o
                0x00000000080162dc                RTC_Init
 .text.RTC_CalendarConfig
                0x00000000080163a0      0x18c H19R0\H19R0_rtc.o
                0x00000000080163a0                RTC_CalendarConfig
 .text.BOS_CalendarConfig
                0x000000000801652c      0x128 H19R0\H19R0_rtc.o
                0x000000000801652c                BOS_CalendarConfig
 .text.GetTimeDate
                0x0000000008016654       0x90 H19R0\H19R0_rtc.o
                0x0000000008016654                GetTimeDate
 .text.MX_IWDG_Init
                0x00000000080166e4       0x3c H19R0\H19R0_timers.o
                0x00000000080166e4                MX_IWDG_Init
 .text.TIM_USEC_Init
                0x0000000008016720       0x74 H19R0\H19R0_timers.o
                0x0000000008016720                TIM_USEC_Init
 .text.TIM_MSEC_Init
                0x0000000008016794       0x78 H19R0\H19R0_timers.o
                0x0000000008016794                TIM_MSEC_Init
 .text.StartMicroDelay
                0x000000000801680c       0x48 H19R0\H19R0_timers.o
                0x000000000801680c                StartMicroDelay
 .text.StartMilliDelay
                0x0000000008016854       0x48 H19R0\H19R0_timers.o
                0x0000000008016854                StartMilliDelay
 .text.MX_USART1_UART_Init
                0x000000000801689c       0x7c H19R0\H19R0_uart.o
                0x000000000801689c                MX_USART1_UART_Init
 .text.MX_USART2_UART_Init
                0x0000000008016918       0x7c H19R0\H19R0_uart.o
                0x0000000008016918                MX_USART2_UART_Init
 .text.MX_USART3_UART_Init
                0x0000000008016994       0x7c H19R0\H19R0_uart.o
                0x0000000008016994                MX_USART3_UART_Init
 .text.MX_USART4_UART_Init
                0x0000000008016a10       0x60 H19R0\H19R0_uart.o
                0x0000000008016a10                MX_USART4_UART_Init
 .text.MX_USART5_UART_Init
                0x0000000008016a70       0x60 H19R0\H19R0_uart.o
                0x0000000008016a70                MX_USART5_UART_Init
 .text.MX_USART6_UART_Init
                0x0000000008016ad0       0x60 H19R0\H19R0_uart.o
                0x0000000008016ad0                MX_USART6_UART_Init
 .text.HAL_UART_MspInit
                0x0000000008016b30      0x588 H19R0\H19R0_uart.o
                0x0000000008016b30                HAL_UART_MspInit
 .text.writePxMutex
                0x00000000080170b8       0xac H19R0\H19R0_uart.o
                0x00000000080170b8                writePxMutex
 .text.writePxITMutex
                0x0000000008017164       0x78 H19R0\H19R0_uart.o
                0x0000000008017164                writePxITMutex
 .text.UpdateBaudrate
                0x00000000080171dc       0x3e H19R0\H19R0_uart.o
                0x00000000080171dc                UpdateBaudrate
 *fill*         0x000000000801721a        0x2 
 .text.GetUart  0x000000000801721c       0x5c H19R0\H19R0_uart.o
                0x000000000801721c                GetUart
 .text.SwapUartPins
                0x0000000008017278       0xd0 H19R0\H19R0_uart.o
                0x0000000008017278                SwapUartPins
 .text.ReadPortsDir
                0x0000000008017348       0xa8 H19R0\H19R0_uart.o
                0x0000000008017348                ReadPortsDir
 .text.ReadPortsDirMSG
                0x00000000080173f0       0x80 H19R0\H19R0_uart.o
                0x00000000080173f0                ReadPortsDirMSG
 .text.UpdateMyPortsDir
                0x0000000008017470       0x84 H19R0\H19R0_uart.o
                0x0000000008017470                UpdateMyPortsDir
 .text.Reset_Handler
                0x00000000080174f4       0x90 H19R0\startup_stm32g0b1ceuxn.o
                0x00000000080174f4                Reset_Handler
 .text.Default_Handler
                0x0000000008017584        0x2 H19R0\startup_stm32g0b1ceuxn.o
                0x0000000008017584                I2C2_3_IRQHandler
                0x0000000008017584                TIM1_CC_IRQHandler
                0x0000000008017584                ADC1_COMP_IRQHandler
                0x0000000008017584                NMI_Handler
                0x0000000008017584                I2C1_IRQHandler
                0x0000000008017584                TIM7_LPTIM2_IRQHandler
                0x0000000008017584                TIM17_FDCAN_IT1_IRQHandler
                0x0000000008017584                DMA1_Ch4_7_DMA2_Ch1_5_DMAMUX1_OVR_IRQHandler
                0x0000000008017584                RCC_CRS_IRQHandler
                0x0000000008017584                RTC_TAMP_IRQHandler
                0x0000000008017584                SPI1_IRQHandler
                0x0000000008017584                USB_UCPD1_2_IRQHandler
                0x0000000008017584                EXTI2_3_IRQHandler
                0x0000000008017584                PVD_VDDIO2_IRQHandler
                0x0000000008017584                EXTI4_15_IRQHandler
                0x0000000008017584                DMA1_Channel1_IRQHandler
                0x0000000008017584                Default_Handler
                0x0000000008017584                CEC_IRQHandler
                0x0000000008017584                TIM14_IRQHandler
                0x0000000008017584                TIM15_IRQHandler
                0x0000000008017584                TIM3_TIM4_IRQHandler
                0x0000000008017584                SPI2_3_IRQHandler
                0x0000000008017584                TIM6_DAC_LPTIM1_IRQHandler
                0x0000000008017584                WWDG_IRQHandler
                0x0000000008017584                TIM2_IRQHandler
                0x0000000008017584                DMA1_Channel2_3_IRQHandler
                0x0000000008017584                FLASH_IRQHandler
                0x0000000008017584                TIM16_FDCAN_IT0_IRQHandler
                0x0000000008017584                TIM1_BRK_UP_TRG_COM_IRQHandler
 .text.SystemInit
                0x0000000008017586        0xa Thirdparty\CMSIS\STM32G0xx\Device\ST\STM32G0xx\Source\Templates\system_stm32g0xx.o
                0x0000000008017586                SystemInit
 .text.inHandlerMode
                0x0000000008017590       0x1c Thirdparty\Middleware\STM32G0xx\FreeRTOS\Source\CMSIS_RTOS\cmsis_os.o
 .text.osKernelStart
                0x00000000080175ac       0x10 Thirdparty\Middleware\STM32G0xx\FreeRTOS\Source\CMSIS_RTOS\cmsis_os.o
                0x00000000080175ac                osKernelStart
 .text.osDelay  0x00000000080175bc       0x28 Thirdparty\Middleware\STM32G0xx\FreeRTOS\Source\CMSIS_RTOS\cmsis_os.o
                0x00000000080175bc                osDelay
 .text.osSemaphoreCreate
                0x00000000080175e4       0x4a Thirdparty\Middleware\STM32G0xx\FreeRTOS\Source\CMSIS_RTOS\cmsis_os.o
                0x00000000080175e4                osSemaphoreCreate
 *fill*         0x000000000801762e        0x2 
 .text.osSemaphoreWait
                0x0000000008017630       0x94 Thirdparty\Middleware\STM32G0xx\FreeRTOS\Source\CMSIS_RTOS\cmsis_os.o
                0x0000000008017630                osSemaphoreWait
 .text.osSemaphoreRelease
                0x00000000080176c4       0x64 Thirdparty\Middleware\STM32G0xx\FreeRTOS\Source\CMSIS_RTOS\cmsis_os.o
                0x00000000080176c4                osSemaphoreRelease
 .text.osSystickHandler
                0x0000000008017728       0x18 Thirdparty\Middleware\STM32G0xx\FreeRTOS\Source\CMSIS_RTOS\cmsis_os.o
                0x0000000008017728                osSystickHandler
 .text.FreeRTOS_CLIRegisterCommand
                0x0000000008017740       0x50 Thirdparty\Middleware\STM32G0xx\FreeRTOS\Source\FreeRTOS_CLI.o
                0x0000000008017740                FreeRTOS_CLIRegisterCommand
 .text.FreeRTOS_CLIProcessCommand
                0x0000000008017790      0x11c Thirdparty\Middleware\STM32G0xx\FreeRTOS\Source\FreeRTOS_CLI.o
                0x0000000008017790                FreeRTOS_CLIProcessCommand
 .text.FreeRTOS_CLIGetOutputBuffer
                0x00000000080178ac       0x10 Thirdparty\Middleware\STM32G0xx\FreeRTOS\Source\FreeRTOS_CLI.o
                0x00000000080178ac                FreeRTOS_CLIGetOutputBuffer
 .text.FreeRTOS_CLIGetParameter
                0x00000000080178bc       0xbc Thirdparty\Middleware\STM32G0xx\FreeRTOS\Source\FreeRTOS_CLI.o
                0x00000000080178bc                FreeRTOS_CLIGetParameter
 .text.prvHelpCommand
                0x0000000008017978      0x154 Thirdparty\Middleware\STM32G0xx\FreeRTOS\Source\FreeRTOS_CLI.o
 .text.prvGetNumberOfParameters
                0x0000000008017acc       0x7a Thirdparty\Middleware\STM32G0xx\FreeRTOS\Source\FreeRTOS_CLI.o
 .text.vListInitialise
                0x0000000008017b46       0x3c Thirdparty\Middleware\STM32G0xx\FreeRTOS\Source\list.o
                0x0000000008017b46                vListInitialise
 .text.vListInitialiseItem
                0x0000000008017b82       0x16 Thirdparty\Middleware\STM32G0xx\FreeRTOS\Source\list.o
                0x0000000008017b82                vListInitialiseItem
 .text.vListInsertEnd
                0x0000000008017b98       0x44 Thirdparty\Middleware\STM32G0xx\FreeRTOS\Source\list.o
                0x0000000008017b98                vListInsertEnd
 .text.vListInsert
                0x0000000008017bdc       0x6c Thirdparty\Middleware\STM32G0xx\FreeRTOS\Source\list.o
                0x0000000008017bdc                vListInsert
 .text.uxListRemove
                0x0000000008017c48       0x50 Thirdparty\Middleware\STM32G0xx\FreeRTOS\Source\list.o
                0x0000000008017c48                uxListRemove
 .text.pxPortInitialiseStack
                0x0000000008017c98       0x54 Thirdparty\Middleware\STM32G0xx\FreeRTOS\Source\portable\GCC\ARM_CM0\port.o
                0x0000000008017c98                pxPortInitialiseStack
 .text.prvTaskExitError
                0x0000000008017cec       0x1e Thirdparty\Middleware\STM32G0xx\FreeRTOS\Source\portable\GCC\ARM_CM0\port.o
 .text.SVC_Handler
                0x0000000008017d0a        0xa Thirdparty\Middleware\STM32G0xx\FreeRTOS\Source\portable\GCC\ARM_CM0\port.o
                0x0000000008017d0a                SVC_Handler
 *fill*         0x0000000008017d14        0xc 
 .text.vPortStartFirstTask
                0x0000000008017d20       0x38 Thirdparty\Middleware\STM32G0xx\FreeRTOS\Source\portable\GCC\ARM_CM0\port.o
 .text.xPortStartScheduler
                0x0000000008017d58       0x48 Thirdparty\Middleware\STM32G0xx\FreeRTOS\Source\portable\GCC\ARM_CM0\port.o
                0x0000000008017d58                xPortStartScheduler
 .text.vPortYield
                0x0000000008017da0       0x20 Thirdparty\Middleware\STM32G0xx\FreeRTOS\Source\portable\GCC\ARM_CM0\port.o
                0x0000000008017da0                vPortYield
 .text.vPortEnterCritical
                0x0000000008017dc0       0x24 Thirdparty\Middleware\STM32G0xx\FreeRTOS\Source\portable\GCC\ARM_CM0\port.o
                0x0000000008017dc0                vPortEnterCritical
 .text.vPortExitCritical
                0x0000000008017de4       0x24 Thirdparty\Middleware\STM32G0xx\FreeRTOS\Source\portable\GCC\ARM_CM0\port.o
                0x0000000008017de4                vPortExitCritical
 .text.ulSetInterruptMaskFromISR
                0x0000000008017e08        0xc Thirdparty\Middleware\STM32G0xx\FreeRTOS\Source\portable\GCC\ARM_CM0\port.o
                0x0000000008017e08                ulSetInterruptMaskFromISR
 .text.vClearInterruptMaskFromISR
                0x0000000008017e14        0x8 Thirdparty\Middleware\STM32G0xx\FreeRTOS\Source\portable\GCC\ARM_CM0\port.o
                0x0000000008017e14                vClearInterruptMaskFromISR
 *fill*         0x0000000008017e1c        0x4 
 .text.PendSV_Handler
                0x0000000008017e20       0x48 Thirdparty\Middleware\STM32G0xx\FreeRTOS\Source\portable\GCC\ARM_CM0\port.o
                0x0000000008017e20                PendSV_Handler
 .text.xPortSysTickHandler
                0x0000000008017e68       0x34 Thirdparty\Middleware\STM32G0xx\FreeRTOS\Source\portable\GCC\ARM_CM0\port.o
                0x0000000008017e68                xPortSysTickHandler
 .text.vPortSetupTimerInterrupt
                0x0000000008017e9c       0x44 Thirdparty\Middleware\STM32G0xx\FreeRTOS\Source\portable\GCC\ARM_CM0\port.o
                0x0000000008017e9c                vPortSetupTimerInterrupt
 .text.pvPortMalloc
                0x0000000008017ee0      0x140 Thirdparty\Middleware\STM32G0xx\FreeRTOS\Source\portable\MemMang\heap_4.o
                0x0000000008017ee0                pvPortMalloc
 .text.vPortFree
                0x0000000008018020       0x80 Thirdparty\Middleware\STM32G0xx\FreeRTOS\Source\portable\MemMang\heap_4.o
                0x0000000008018020                vPortFree
 .text.prvHeapInit
                0x00000000080180a0       0xc0 Thirdparty\Middleware\STM32G0xx\FreeRTOS\Source\portable\MemMang\heap_4.o
 .text.prvInsertBlockIntoFreeList
                0x0000000008018160       0xb0 Thirdparty\Middleware\STM32G0xx\FreeRTOS\Source\portable\MemMang\heap_4.o
 .text.xQueueGenericReset
                0x0000000008018210       0x9e Thirdparty\Middleware\STM32G0xx\FreeRTOS\Source\queue.o
                0x0000000008018210                xQueueGenericReset
 .text.xQueueGenericCreate
                0x00000000080182ae       0x52 Thirdparty\Middleware\STM32G0xx\FreeRTOS\Source\queue.o
                0x00000000080182ae                xQueueGenericCreate
 .text.prvInitialiseNewQueue
                0x0000000008018300       0x4e Thirdparty\Middleware\STM32G0xx\FreeRTOS\Source\queue.o
 .text.xQueueCreateCountingSemaphore
                0x000000000801834e       0x30 Thirdparty\Middleware\STM32G0xx\FreeRTOS\Source\queue.o
                0x000000000801834e                xQueueCreateCountingSemaphore
 .text.xQueueGenericSend
                0x000000000801837e      0x12a Thirdparty\Middleware\STM32G0xx\FreeRTOS\Source\queue.o
                0x000000000801837e                xQueueGenericSend
 .text.xQueueGenericSendFromISR
                0x00000000080184a8       0xa6 Thirdparty\Middleware\STM32G0xx\FreeRTOS\Source\queue.o
                0x00000000080184a8                xQueueGenericSendFromISR
 .text.xQueueGiveFromISR
                0x000000000801854e       0x96 Thirdparty\Middleware\STM32G0xx\FreeRTOS\Source\queue.o
                0x000000000801854e                xQueueGiveFromISR
 .text.xQueueReceive
                0x00000000080185e4      0x128 Thirdparty\Middleware\STM32G0xx\FreeRTOS\Source\queue.o
                0x00000000080185e4                xQueueReceive
 .text.xQueueSemaphoreTake
                0x000000000801870c      0x178 Thirdparty\Middleware\STM32G0xx\FreeRTOS\Source\queue.o
                0x000000000801870c                xQueueSemaphoreTake
 .text.xQueueReceiveFromISR
                0x0000000008018884       0xa0 Thirdparty\Middleware\STM32G0xx\FreeRTOS\Source\queue.o
                0x0000000008018884                xQueueReceiveFromISR
 .text.prvGetDisinheritPriorityAfterTimeout
                0x0000000008018924       0x2c Thirdparty\Middleware\STM32G0xx\FreeRTOS\Source\queue.o
 .text.prvCopyDataToQueue
                0x0000000008018950       0xd6 Thirdparty\Middleware\STM32G0xx\FreeRTOS\Source\queue.o
 .text.prvCopyDataFromQueue
                0x0000000008018a26       0x4c Thirdparty\Middleware\STM32G0xx\FreeRTOS\Source\queue.o
 .text.prvUnlockQueue
                0x0000000008018a72       0xbc Thirdparty\Middleware\STM32G0xx\FreeRTOS\Source\queue.o
 .text.prvIsQueueEmpty
                0x0000000008018b2e       0x2c Thirdparty\Middleware\STM32G0xx\FreeRTOS\Source\queue.o
 .text.prvIsQueueFull
                0x0000000008018b5a       0x30 Thirdparty\Middleware\STM32G0xx\FreeRTOS\Source\queue.o
 *fill*         0x0000000008018b8a        0x2 
 .text.vQueueAddToRegistry
                0x0000000008018b8c       0x50 Thirdparty\Middleware\STM32G0xx\FreeRTOS\Source\queue.o
                0x0000000008018b8c                vQueueAddToRegistry
 .text.vQueueWaitForMessageRestricted
                0x0000000008018bdc       0x66 Thirdparty\Middleware\STM32G0xx\FreeRTOS\Source\queue.o
                0x0000000008018bdc                vQueueWaitForMessageRestricted
 .text.xTaskCreate
                0x0000000008018c42       0x90 Thirdparty\Middleware\STM32G0xx\FreeRTOS\Source\tasks.o
                0x0000000008018c42                xTaskCreate
 *fill*         0x0000000008018cd2        0x2 
 .text.prvInitialiseNewTask
                0x0000000008018cd4      0x10c Thirdparty\Middleware\STM32G0xx\FreeRTOS\Source\tasks.o
 .text.prvAddNewTaskToReadyList
                0x0000000008018de0       0xd0 Thirdparty\Middleware\STM32G0xx\FreeRTOS\Source\tasks.o
 .text.vTaskDelay
                0x0000000008018eb0       0x3a Thirdparty\Middleware\STM32G0xx\FreeRTOS\Source\tasks.o
                0x0000000008018eb0                vTaskDelay
 *fill*         0x0000000008018eea        0x2 
 .text.eTaskGetState
                0x0000000008018eec       0xd0 Thirdparty\Middleware\STM32G0xx\FreeRTOS\Source\tasks.o
                0x0000000008018eec                eTaskGetState
 .text.uxTaskPriorityGet
                0x0000000008018fbc       0x34 Thirdparty\Middleware\STM32G0xx\FreeRTOS\Source\tasks.o
                0x0000000008018fbc                uxTaskPriorityGet
 .text.vTaskPrioritySet
                0x0000000008018ff0      0x110 Thirdparty\Middleware\STM32G0xx\FreeRTOS\Source\tasks.o
                0x0000000008018ff0                vTaskPrioritySet
 .text.vTaskStartScheduler
                0x0000000008019100       0x74 Thirdparty\Middleware\STM32G0xx\FreeRTOS\Source\tasks.o
                0x0000000008019100                vTaskStartScheduler
 .text.vTaskSuspendAll
                0x0000000008019174       0x18 Thirdparty\Middleware\STM32G0xx\FreeRTOS\Source\tasks.o
                0x0000000008019174                vTaskSuspendAll
 .text.xTaskResumeAll
                0x000000000801918c      0x10c Thirdparty\Middleware\STM32G0xx\FreeRTOS\Source\tasks.o
                0x000000000801918c                xTaskResumeAll
 .text.xTaskGetTickCount
                0x0000000008019298       0x1c Thirdparty\Middleware\STM32G0xx\FreeRTOS\Source\tasks.o
                0x0000000008019298                xTaskGetTickCount
 .text.xTaskGetTickCountFromISR
                0x00000000080192b4       0x20 Thirdparty\Middleware\STM32G0xx\FreeRTOS\Source\tasks.o
                0x00000000080192b4                xTaskGetTickCountFromISR
 .text.uxTaskGetSystemState
                0x00000000080192d4      0x120 Thirdparty\Middleware\STM32G0xx\FreeRTOS\Source\tasks.o
                0x00000000080192d4                uxTaskGetSystemState
 .text.xTaskIncrementTick
                0x00000000080193f4      0x150 Thirdparty\Middleware\STM32G0xx\FreeRTOS\Source\tasks.o
                0x00000000080193f4                xTaskIncrementTick
 .text.vTaskSwitchContext
                0x0000000008019544      0x124 Thirdparty\Middleware\STM32G0xx\FreeRTOS\Source\tasks.o
                0x0000000008019544                vTaskSwitchContext
 .text.vTaskPlaceOnEventList
                0x0000000008019668       0x34 Thirdparty\Middleware\STM32G0xx\FreeRTOS\Source\tasks.o
                0x0000000008019668                vTaskPlaceOnEventList
 .text.vTaskPlaceOnEventListRestricted
                0x000000000801969c       0x44 Thirdparty\Middleware\STM32G0xx\FreeRTOS\Source\tasks.o
                0x000000000801969c                vTaskPlaceOnEventListRestricted
 .text.xTaskRemoveFromEventList
                0x00000000080196e0       0xb0 Thirdparty\Middleware\STM32G0xx\FreeRTOS\Source\tasks.o
                0x00000000080196e0                xTaskRemoveFromEventList
 .text.vTaskInternalSetTimeOutState
                0x0000000008019790       0x28 Thirdparty\Middleware\STM32G0xx\FreeRTOS\Source\tasks.o
                0x0000000008019790                vTaskInternalSetTimeOutState
 .text.xTaskCheckForTimeOut
                0x00000000080197b8       0x8c Thirdparty\Middleware\STM32G0xx\FreeRTOS\Source\tasks.o
                0x00000000080197b8                xTaskCheckForTimeOut
 .text.vTaskMissedYield
                0x0000000008019844       0x14 Thirdparty\Middleware\STM32G0xx\FreeRTOS\Source\tasks.o
                0x0000000008019844                vTaskMissedYield
 .text.prvIdleTask
                0x0000000008019858       0x20 Thirdparty\Middleware\STM32G0xx\FreeRTOS\Source\tasks.o
 .text.prvInitialiseTaskLists
                0x0000000008019878       0x88 Thirdparty\Middleware\STM32G0xx\FreeRTOS\Source\tasks.o
 .text.prvCheckTasksWaitingTermination
                0x0000000008019900       0x5c Thirdparty\Middleware\STM32G0xx\FreeRTOS\Source\tasks.o
 .text.vTaskGetInfo
                0x000000000801995c       0xd8 Thirdparty\Middleware\STM32G0xx\FreeRTOS\Source\tasks.o
                0x000000000801995c                vTaskGetInfo
 .text.prvListTasksWithinSingleList
                0x0000000008019a34       0xa6 Thirdparty\Middleware\STM32G0xx\FreeRTOS\Source\tasks.o
 .text.prvTaskCheckFreeStackSpace
                0x0000000008019ada       0x34 Thirdparty\Middleware\STM32G0xx\FreeRTOS\Source\tasks.o
 .text.prvDeleteTCB
                0x0000000008019b0e       0x22 Thirdparty\Middleware\STM32G0xx\FreeRTOS\Source\tasks.o
 .text.prvResetNextTaskUnblockTime
                0x0000000008019b30       0x3c Thirdparty\Middleware\STM32G0xx\FreeRTOS\Source\tasks.o
 .text.xTaskGetSchedulerState
                0x0000000008019b6c       0x38 Thirdparty\Middleware\STM32G0xx\FreeRTOS\Source\tasks.o
                0x0000000008019b6c                xTaskGetSchedulerState
 .text.xTaskPriorityInherit
                0x0000000008019ba4       0xd0 Thirdparty\Middleware\STM32G0xx\FreeRTOS\Source\tasks.o
                0x0000000008019ba4                xTaskPriorityInherit
 .text.xTaskPriorityDisinherit
                0x0000000008019c74       0x98 Thirdparty\Middleware\STM32G0xx\FreeRTOS\Source\tasks.o
                0x0000000008019c74                xTaskPriorityDisinherit
 .text.vTaskPriorityDisinheritAfterTimeout
                0x0000000008019d0c       0xc0 Thirdparty\Middleware\STM32G0xx\FreeRTOS\Source\tasks.o
                0x0000000008019d0c                vTaskPriorityDisinheritAfterTimeout
 .text.prvWriteNameToBuffer
                0x0000000008019dcc       0x52 Thirdparty\Middleware\STM32G0xx\FreeRTOS\Source\tasks.o
 *fill*         0x0000000008019e1e        0x2 
 .text.vTaskList
                0x0000000008019e20      0x14c Thirdparty\Middleware\STM32G0xx\FreeRTOS\Source\tasks.o
                0x0000000008019e20                vTaskList
 .text.vTaskGetRunTimeStats
                0x0000000008019f6c      0x118 Thirdparty\Middleware\STM32G0xx\FreeRTOS\Source\tasks.o
                0x0000000008019f6c                vTaskGetRunTimeStats
 .text.pvTaskIncrementMutexHeldCount
                0x000000000801a084       0x24 Thirdparty\Middleware\STM32G0xx\FreeRTOS\Source\tasks.o
                0x000000000801a084                pvTaskIncrementMutexHeldCount
 .text.ulTaskNotifyTake
                0x000000000801a0a8       0x84 Thirdparty\Middleware\STM32G0xx\FreeRTOS\Source\tasks.o
                0x000000000801a0a8                ulTaskNotifyTake
 .text.xTaskGenericNotify
                0x000000000801a12c      0x104 Thirdparty\Middleware\STM32G0xx\FreeRTOS\Source\tasks.o
                0x000000000801a12c                xTaskGenericNotify
 .text.xTaskGenericNotifyFromISR
                0x000000000801a230      0x140 Thirdparty\Middleware\STM32G0xx\FreeRTOS\Source\tasks.o
                0x000000000801a230                xTaskGenericNotifyFromISR
 .text.prvAddCurrentTaskToDelayedList
                0x000000000801a370       0xa8 Thirdparty\Middleware\STM32G0xx\FreeRTOS\Source\tasks.o
 .text.xTimerCreateTimerTask
                0x000000000801a418       0x4c Thirdparty\Middleware\STM32G0xx\FreeRTOS\Source\timers.o
                0x000000000801a418                xTimerCreateTimerTask
 .text.xTimerCreate
                0x000000000801a464       0x46 Thirdparty\Middleware\STM32G0xx\FreeRTOS\Source\timers.o
                0x000000000801a464                xTimerCreate
 .text.prvInitialiseNewTimer
                0x000000000801a4aa       0x5a Thirdparty\Middleware\STM32G0xx\FreeRTOS\Source\timers.o
 .text.xTimerGenericCommand
                0x000000000801a504       0x8c Thirdparty\Middleware\STM32G0xx\FreeRTOS\Source\timers.o
                0x000000000801a504                xTimerGenericCommand
 .text.prvProcessExpiredTimer
                0x000000000801a590       0x80 Thirdparty\Middleware\STM32G0xx\FreeRTOS\Source\timers.o
 .text.prvTimerTask
                0x000000000801a610       0x28 Thirdparty\Middleware\STM32G0xx\FreeRTOS\Source\timers.o
 .text.prvProcessTimerOrBlockTask
                0x000000000801a638       0x90 Thirdparty\Middleware\STM32G0xx\FreeRTOS\Source\timers.o
 .text.prvGetNextExpireTime
                0x000000000801a6c8       0x44 Thirdparty\Middleware\STM32G0xx\FreeRTOS\Source\timers.o
 .text.prvSampleTimeNow
                0x000000000801a70c       0x40 Thirdparty\Middleware\STM32G0xx\FreeRTOS\Source\timers.o
 .text.prvInsertTimerInActiveList
                0x000000000801a74c       0x84 Thirdparty\Middleware\STM32G0xx\FreeRTOS\Source\timers.o
 .text.prvProcessReceivedCommands
                0x000000000801a7d0      0x16c Thirdparty\Middleware\STM32G0xx\FreeRTOS\Source\timers.o
 .text.prvSwitchTimerLists
                0x000000000801a93c       0xb0 Thirdparty\Middleware\STM32G0xx\FreeRTOS\Source\timers.o
 .text.prvCheckForValidListAndQueue
                0x000000000801a9ec       0x74 Thirdparty\Middleware\STM32G0xx\FreeRTOS\Source\timers.o
 .text.pvTimerGetTimerID
                0x000000000801aa60       0x24 Thirdparty\Middleware\STM32G0xx\FreeRTOS\Source\timers.o
                0x000000000801aa60                pvTimerGetTimerID
 .text.HAL_Init
                0x000000000801aa84       0x40 Thirdparty\STM32G0xx_HAL_Driver\Src\stm32g0xx_hal.o
                0x000000000801aa84                HAL_Init
 .text.HAL_InitTick
                0x000000000801aac4       0x94 Thirdparty\STM32G0xx_HAL_Driver\Src\stm32g0xx_hal.o
                0x000000000801aac4                HAL_InitTick
 .text.HAL_IncTick
                0x000000000801ab58       0x24 Thirdparty\STM32G0xx_HAL_Driver\Src\stm32g0xx_hal.o
                0x000000000801ab58                HAL_IncTick
 .text.HAL_GetTick
                0x000000000801ab7c       0x14 Thirdparty\STM32G0xx_HAL_Driver\Src\stm32g0xx_hal.o
                0x000000000801ab7c                HAL_GetTick
 .text.HAL_Delay
                0x000000000801ab90       0x48 Thirdparty\STM32G0xx_HAL_Driver\Src\stm32g0xx_hal.o
                0x000000000801ab90                HAL_Delay
 .text.HAL_GetREVID
                0x000000000801abd8       0x18 Thirdparty\STM32G0xx_HAL_Driver\Src\stm32g0xx_hal.o
                0x000000000801abd8                HAL_GetREVID
 .text.HAL_GetDEVID
                0x000000000801abf0       0x18 Thirdparty\STM32G0xx_HAL_Driver\Src\stm32g0xx_hal.o
                0x000000000801abf0                HAL_GetDEVID
 .text.LL_ADC_SetCommonPathInternalCh
                0x000000000801ac08       0x28 Thirdparty\STM32G0xx_HAL_Driver\Src\stm32g0xx_hal_adc.o
 .text.LL_ADC_GetCommonPathInternalCh
                0x000000000801ac30       0x1a Thirdparty\STM32G0xx_HAL_Driver\Src\stm32g0xx_hal_adc.o
 .text.LL_ADC_SetSamplingTimeCommonChannels
                0x000000000801ac4a       0x3a Thirdparty\STM32G0xx_HAL_Driver\Src\stm32g0xx_hal_adc.o
 .text.LL_ADC_GetSamplingTimeCommonChannels
                0x000000000801ac84       0x2e Thirdparty\STM32G0xx_HAL_Driver\Src\stm32g0xx_hal_adc.o
 .text.LL_ADC_REG_IsTriggerSourceSWStart
                0x000000000801acb2       0x22 Thirdparty\STM32G0xx_HAL_Driver\Src\stm32g0xx_hal_adc.o
 .text.LL_ADC_REG_SetSequencerRanks
                0x000000000801acd4       0x40 Thirdparty\STM32G0xx_HAL_Driver\Src\stm32g0xx_hal_adc.o
 .text.LL_ADC_REG_SetSequencerChAdd
                0x000000000801ad14       0x22 Thirdparty\STM32G0xx_HAL_Driver\Src\stm32g0xx_hal_adc.o
 .text.LL_ADC_REG_SetSequencerChRem
                0x000000000801ad36       0x24 Thirdparty\STM32G0xx_HAL_Driver\Src\stm32g0xx_hal_adc.o
 *fill*         0x000000000801ad5a        0x2 
 .text.LL_ADC_SetChannelSamplingTime
                0x000000000801ad5c       0x38 Thirdparty\STM32G0xx_HAL_Driver\Src\stm32g0xx_hal_adc.o
 .text.LL_ADC_EnableInternalRegulator
                0x000000000801ad94       0x28 Thirdparty\STM32G0xx_HAL_Driver\Src\stm32g0xx_hal_adc.o
 .text.LL_ADC_IsInternalRegulatorEnabled
                0x000000000801adbc       0x28 Thirdparty\STM32G0xx_HAL_Driver\Src\stm32g0xx_hal_adc.o
 .text.LL_ADC_Enable
                0x000000000801ade4       0x24 Thirdparty\STM32G0xx_HAL_Driver\Src\stm32g0xx_hal_adc.o
 .text.LL_ADC_Disable
                0x000000000801ae08       0x24 Thirdparty\STM32G0xx_HAL_Driver\Src\stm32g0xx_hal_adc.o
 .text.LL_ADC_IsEnabled
                0x000000000801ae2c       0x22 Thirdparty\STM32G0xx_HAL_Driver\Src\stm32g0xx_hal_adc.o
 .text.LL_ADC_IsDisableOngoing
                0x000000000801ae4e       0x22 Thirdparty\STM32G0xx_HAL_Driver\Src\stm32g0xx_hal_adc.o
 .text.LL_ADC_REG_StartConversion
                0x000000000801ae70       0x24 Thirdparty\STM32G0xx_HAL_Driver\Src\stm32g0xx_hal_adc.o
 .text.LL_ADC_REG_StopConversion
                0x000000000801ae94       0x24 Thirdparty\STM32G0xx_HAL_Driver\Src\stm32g0xx_hal_adc.o
 .text.LL_ADC_REG_IsConversionOngoing
                0x000000000801aeb8       0x22 Thirdparty\STM32G0xx_HAL_Driver\Src\stm32g0xx_hal_adc.o
 *fill*         0x000000000801aeda        0x2 
 .text.HAL_ADC_Init
                0x000000000801aedc      0x350 Thirdparty\STM32G0xx_HAL_Driver\Src\stm32g0xx_hal_adc.o
                0x000000000801aedc                HAL_ADC_Init
 .text.HAL_ADC_Start
                0x000000000801b22c       0x9c Thirdparty\STM32G0xx_HAL_Driver\Src\stm32g0xx_hal_adc.o
                0x000000000801b22c                HAL_ADC_Start
 .text.HAL_ADC_Stop
                0x000000000801b2c8       0x78 Thirdparty\STM32G0xx_HAL_Driver\Src\stm32g0xx_hal_adc.o
                0x000000000801b2c8                HAL_ADC_Stop
 .text.HAL_ADC_PollForConversion
                0x000000000801b340      0x128 Thirdparty\STM32G0xx_HAL_Driver\Src\stm32g0xx_hal_adc.o
                0x000000000801b340                HAL_ADC_PollForConversion
 .text.HAL_ADC_GetValue
                0x000000000801b468       0x16 Thirdparty\STM32G0xx_HAL_Driver\Src\stm32g0xx_hal_adc.o
                0x000000000801b468                HAL_ADC_GetValue
 *fill*         0x000000000801b47e        0x2 
 .text.HAL_ADC_ConfigChannel
                0x000000000801b480      0x3b0 Thirdparty\STM32G0xx_HAL_Driver\Src\stm32g0xx_hal_adc.o
                0x000000000801b480                HAL_ADC_ConfigChannel
 .text.ADC_ConversionStop
                0x000000000801b830       0x84 Thirdparty\STM32G0xx_HAL_Driver\Src\stm32g0xx_hal_adc.o
                0x000000000801b830                ADC_ConversionStop
 .text.ADC_Enable
                0x000000000801b8b4      0x10c Thirdparty\STM32G0xx_HAL_Driver\Src\stm32g0xx_hal_adc.o
                0x000000000801b8b4                ADC_Enable
 .text.ADC_Disable
                0x000000000801b9c0       0xbc Thirdparty\STM32G0xx_HAL_Driver\Src\stm32g0xx_hal_adc.o
                0x000000000801b9c0                ADC_Disable
 .text.__NVIC_EnableIRQ
                0x000000000801ba7c       0x34 Thirdparty\STM32G0xx_HAL_Driver\Src\stm32g0xx_hal_cortex.o
 .text.__NVIC_DisableIRQ
                0x000000000801bab0       0x44 Thirdparty\STM32G0xx_HAL_Driver\Src\stm32g0xx_hal_cortex.o
 .text.__NVIC_SetPriority
                0x000000000801baf4       0xdc Thirdparty\STM32G0xx_HAL_Driver\Src\stm32g0xx_hal_cortex.o
 .text.SysTick_Config
                0x000000000801bbd0       0x48 Thirdparty\STM32G0xx_HAL_Driver\Src\stm32g0xx_hal_cortex.o
 .text.HAL_NVIC_SetPriority
                0x000000000801bc18       0x2a Thirdparty\STM32G0xx_HAL_Driver\Src\stm32g0xx_hal_cortex.o
                0x000000000801bc18                HAL_NVIC_SetPriority
 .text.HAL_NVIC_EnableIRQ
                0x000000000801bc42       0x20 Thirdparty\STM32G0xx_HAL_Driver\Src\stm32g0xx_hal_cortex.o
                0x000000000801bc42                HAL_NVIC_EnableIRQ
 .text.HAL_NVIC_DisableIRQ
                0x000000000801bc62       0x20 Thirdparty\STM32G0xx_HAL_Driver\Src\stm32g0xx_hal_cortex.o
                0x000000000801bc62                HAL_NVIC_DisableIRQ
 .text.HAL_SYSTICK_Config
                0x000000000801bc82       0x1a Thirdparty\STM32G0xx_HAL_Driver\Src\stm32g0xx_hal_cortex.o
                0x000000000801bc82                HAL_SYSTICK_Config
 .text.HAL_CRC_Init
                0x000000000801bc9c       0xcc Thirdparty\STM32G0xx_HAL_Driver\Src\stm32g0xx_hal_crc.o
                0x000000000801bc9c                HAL_CRC_Init
 .text.HAL_CRC_Accumulate
                0x000000000801bd68       0x8e Thirdparty\STM32G0xx_HAL_Driver\Src\stm32g0xx_hal_crc.o
                0x000000000801bd68                HAL_CRC_Accumulate
 .text.HAL_CRC_Calculate
                0x000000000801bdf6       0x9e Thirdparty\STM32G0xx_HAL_Driver\Src\stm32g0xx_hal_crc.o
                0x000000000801bdf6                HAL_CRC_Calculate
 .text.CRC_Handle_8
                0x000000000801be94      0x122 Thirdparty\STM32G0xx_HAL_Driver\Src\stm32g0xx_hal_crc.o
 .text.CRC_Handle_16
                0x000000000801bfb6       0x6e Thirdparty\STM32G0xx_HAL_Driver\Src\stm32g0xx_hal_crc.o
 .text.HAL_CRCEx_Polynomial_Set
                0x000000000801c024       0xda Thirdparty\STM32G0xx_HAL_Driver\Src\stm32g0xx_hal_crc_ex.o
                0x000000000801c024                HAL_CRCEx_Polynomial_Set
 *fill*         0x000000000801c0fe        0x2 
 .text.HAL_DMA_Init
                0x000000000801c100      0x158 Thirdparty\STM32G0xx_HAL_Driver\Src\stm32g0xx_hal_dma.o
                0x000000000801c100                HAL_DMA_Init
 .text.HAL_DMA_Start_IT
                0x000000000801c258      0x10c Thirdparty\STM32G0xx_HAL_Driver\Src\stm32g0xx_hal_dma.o
                0x000000000801c258                HAL_DMA_Start_IT
 .text.HAL_DMA_Abort
                0x000000000801c364       0xc0 Thirdparty\STM32G0xx_HAL_Driver\Src\stm32g0xx_hal_dma.o
                0x000000000801c364                HAL_DMA_Abort
 .text.HAL_DMA_Abort_IT
                0x000000000801c424       0xd0 Thirdparty\STM32G0xx_HAL_Driver\Src\stm32g0xx_hal_dma.o
                0x000000000801c424                HAL_DMA_Abort_IT
 .text.HAL_DMA_GetError
                0x000000000801c4f4       0x14 Thirdparty\STM32G0xx_HAL_Driver\Src\stm32g0xx_hal_dma.o
                0x000000000801c4f4                HAL_DMA_GetError
 .text.DMA_SetConfig
                0x000000000801c508       0x78 Thirdparty\STM32G0xx_HAL_Driver\Src\stm32g0xx_hal_dma.o
 .text.DMA_CalcDMAMUXChannelBaseAndMask
                0x000000000801c580       0x94 Thirdparty\STM32G0xx_HAL_Driver\Src\stm32g0xx_hal_dma.o
 .text.DMA_CalcDMAMUXRequestGenBaseAndMask
                0x000000000801c614       0x48 Thirdparty\STM32G0xx_HAL_Driver\Src\stm32g0xx_hal_dma.o
 .text.HAL_FLASH_Program
                0x000000000801c65c       0x9c Thirdparty\STM32G0xx_HAL_Driver\Src\stm32g0xx_hal_flash.o
                0x000000000801c65c                HAL_FLASH_Program
 .text.HAL_FLASH_Unlock
                0x000000000801c6f8       0x48 Thirdparty\STM32G0xx_HAL_Driver\Src\stm32g0xx_hal_flash.o
                0x000000000801c6f8                HAL_FLASH_Unlock
 .text.HAL_FLASH_Lock
                0x000000000801c740       0x38 Thirdparty\STM32G0xx_HAL_Driver\Src\stm32g0xx_hal_flash.o
                0x000000000801c740                HAL_FLASH_Lock
 .text.FLASH_WaitForLastOperation
                0x000000000801c778       0x9c Thirdparty\STM32G0xx_HAL_Driver\Src\stm32g0xx_hal_flash.o
                0x000000000801c778                FLASH_WaitForLastOperation
 .text.FLASH_Program_DoubleWord
                0x000000000801c814       0x40 Thirdparty\STM32G0xx_HAL_Driver\Src\stm32g0xx_hal_flash.o
 .text.HAL_FLASHEx_Erase
                0x000000000801c854       0xe0 Thirdparty\STM32G0xx_HAL_Driver\Src\stm32g0xx_hal_flash_ex.o
                0x000000000801c854                HAL_FLASHEx_Erase
 .text.FLASH_MassErase
                0x000000000801c934       0x28 Thirdparty\STM32G0xx_HAL_Driver\Src\stm32g0xx_hal_flash_ex.o
 .text.FLASH_PageErase
                0x000000000801c95c      0x198 Thirdparty\STM32G0xx_HAL_Driver\Src\stm32g0xx_hal_flash_ex.o
                0x000000000801c95c                FLASH_PageErase
 .text.HAL_GPIO_Init
                0x000000000801caf4      0x2d8 Thirdparty\STM32G0xx_HAL_Driver\Src\stm32g0xx_hal_gpio.o
                0x000000000801caf4                HAL_GPIO_Init
 .text.HAL_GPIO_DeInit
                0x000000000801cdcc      0x1b0 Thirdparty\STM32G0xx_HAL_Driver\Src\stm32g0xx_hal_gpio.o
                0x000000000801cdcc                HAL_GPIO_DeInit
 .text.HAL_GPIO_ReadPin
                0x000000000801cf7c       0x3a Thirdparty\STM32G0xx_HAL_Driver\Src\stm32g0xx_hal_gpio.o
                0x000000000801cf7c                HAL_GPIO_ReadPin
 .text.HAL_GPIO_WritePin
                0x000000000801cfb6       0x3a Thirdparty\STM32G0xx_HAL_Driver\Src\stm32g0xx_hal_gpio.o
                0x000000000801cfb6                HAL_GPIO_WritePin
 .text.HAL_GPIO_TogglePin
                0x000000000801cff0       0x36 Thirdparty\STM32G0xx_HAL_Driver\Src\stm32g0xx_hal_gpio.o
                0x000000000801cff0                HAL_GPIO_TogglePin
 *fill*         0x000000000801d026        0x2 
 .text.HAL_GPIO_EXTI_IRQHandler
                0x000000000801d028       0x54 Thirdparty\STM32G0xx_HAL_Driver\Src\stm32g0xx_hal_gpio.o
                0x000000000801d028                HAL_GPIO_EXTI_IRQHandler
 .text.HAL_GPIO_EXTI_Rising_Callback
                0x000000000801d07c       0x14 Thirdparty\STM32G0xx_HAL_Driver\Src\stm32g0xx_hal_gpio.o
                0x000000000801d07c                HAL_GPIO_EXTI_Rising_Callback
 .text.HAL_GPIO_EXTI_Falling_Callback
                0x000000000801d090       0x14 Thirdparty\STM32G0xx_HAL_Driver\Src\stm32g0xx_hal_gpio.o
                0x000000000801d090                HAL_GPIO_EXTI_Falling_Callback
 .text.HAL_IWDG_Init
                0x000000000801d0a4       0xa4 Thirdparty\STM32G0xx_HAL_Driver\Src\stm32g0xx_hal_iwdg.o
                0x000000000801d0a4                HAL_IWDG_Init
 .text.HAL_IWDG_Refresh
                0x000000000801d148       0x20 Thirdparty\STM32G0xx_HAL_Driver\Src\stm32g0xx_hal_iwdg.o
                0x000000000801d148                HAL_IWDG_Refresh
 .text.HAL_MspInit
                0x000000000801d168        0xa Thirdparty\STM32G0xx_HAL_Driver\Src\stm32g0xx_hal_msp_template.o
                0x000000000801d168                HAL_MspInit
 *fill*         0x000000000801d172        0x2 
 .text.HAL_PWR_EnableWakeUpPin
                0x000000000801d174       0x40 Thirdparty\STM32G0xx_HAL_Driver\Src\stm32g0xx_hal_pwr.o
                0x000000000801d174                HAL_PWR_EnableWakeUpPin
 .text.HAL_PWR_DisableWakeUpPin
                0x000000000801d1b4       0x28 Thirdparty\STM32G0xx_HAL_Driver\Src\stm32g0xx_hal_pwr.o
                0x000000000801d1b4                HAL_PWR_DisableWakeUpPin
 .text.HAL_PWR_EnterSTOPMode
                0x000000000801d1dc       0x70 Thirdparty\STM32G0xx_HAL_Driver\Src\stm32g0xx_hal_pwr.o
                0x000000000801d1dc                HAL_PWR_EnterSTOPMode
 .text.HAL_PWR_EnterSTANDBYMode
                0x000000000801d24c       0x34 Thirdparty\STM32G0xx_HAL_Driver\Src\stm32g0xx_hal_pwr.o
                0x000000000801d24c                HAL_PWR_EnterSTANDBYMode
 .text.HAL_PWREx_EnableSRAMRetention
                0x000000000801d280       0x1c Thirdparty\STM32G0xx_HAL_Driver\Src\stm32g0xx_hal_pwr_ex.o
                0x000000000801d280                HAL_PWREx_EnableSRAMRetention
 .text.HAL_PWREx_ControlVoltageScaling
                0x000000000801d29c       0x80 Thirdparty\STM32G0xx_HAL_Driver\Src\stm32g0xx_hal_pwr_ex.o
                0x000000000801d29c                HAL_PWREx_ControlVoltageScaling
 .text.LL_RCC_GetAPB1Prescaler
                0x000000000801d31c       0x18 Thirdparty\STM32G0xx_HAL_Driver\Src\stm32g0xx_hal_rcc.o
 .text.HAL_RCC_OscConfig
                0x000000000801d334      0x6c0 Thirdparty\STM32G0xx_HAL_Driver\Src\stm32g0xx_hal_rcc.o
                0x000000000801d334                HAL_RCC_OscConfig
 .text.HAL_RCC_ClockConfig
                0x000000000801d9f4      0x210 Thirdparty\STM32G0xx_HAL_Driver\Src\stm32g0xx_hal_rcc.o
                0x000000000801d9f4                HAL_RCC_ClockConfig
 .text.HAL_RCC_GetSysClockFreq
                0x000000000801dc04      0x104 Thirdparty\STM32G0xx_HAL_Driver\Src\stm32g0xx_hal_rcc.o
                0x000000000801dc04                HAL_RCC_GetSysClockFreq
 .text.HAL_RCC_GetHCLKFreq
                0x000000000801dd08       0x14 Thirdparty\STM32G0xx_HAL_Driver\Src\stm32g0xx_hal_rcc.o
                0x000000000801dd08                HAL_RCC_GetHCLKFreq
 .text.HAL_RCC_GetPCLK1Freq
                0x000000000801dd1c       0x2c Thirdparty\STM32G0xx_HAL_Driver\Src\stm32g0xx_hal_rcc.o
                0x000000000801dd1c                HAL_RCC_GetPCLK1Freq
 .text.HAL_RCCEx_PeriphCLKConfig
                0x000000000801dd48      0x478 Thirdparty\STM32G0xx_HAL_Driver\Src\stm32g0xx_hal_rcc_ex.o
                0x000000000801dd48                HAL_RCCEx_PeriphCLKConfig
 .text.HAL_RTC_Init
                0x000000000801e1c0      0x144 Thirdparty\STM32G0xx_HAL_Driver\Src\stm32g0xx_hal_rtc.o
                0x000000000801e1c0                HAL_RTC_Init
 .text.HAL_RTC_MspInit
                0x000000000801e304       0x10 Thirdparty\STM32G0xx_HAL_Driver\Src\stm32g0xx_hal_rtc.o
                0x000000000801e304                HAL_RTC_MspInit
 .text.HAL_RTC_SetTime
                0x000000000801e314      0x150 Thirdparty\STM32G0xx_HAL_Driver\Src\stm32g0xx_hal_rtc.o
                0x000000000801e314                HAL_RTC_SetTime
 .text.HAL_RTC_GetTime
                0x000000000801e464       0xb8 Thirdparty\STM32G0xx_HAL_Driver\Src\stm32g0xx_hal_rtc.o
                0x000000000801e464                HAL_RTC_GetTime
 .text.HAL_RTC_SetDate
                0x000000000801e51c      0x124 Thirdparty\STM32G0xx_HAL_Driver\Src\stm32g0xx_hal_rtc.o
                0x000000000801e51c                HAL_RTC_SetDate
 .text.HAL_RTC_GetDate
                0x000000000801e640       0x9c Thirdparty\STM32G0xx_HAL_Driver\Src\stm32g0xx_hal_rtc.o
                0x000000000801e640                HAL_RTC_GetDate
 .text.HAL_RTC_WaitForSynchro
                0x000000000801e6dc       0x4e Thirdparty\STM32G0xx_HAL_Driver\Src\stm32g0xx_hal_rtc.o
                0x000000000801e6dc                HAL_RTC_WaitForSynchro
 .text.RTC_EnterInitMode
                0x000000000801e72a       0x84 Thirdparty\STM32G0xx_HAL_Driver\Src\stm32g0xx_hal_rtc.o
                0x000000000801e72a                RTC_EnterInitMode
 *fill*         0x000000000801e7ae        0x2 
 .text.RTC_ExitInitMode
                0x000000000801e7b0       0x88 Thirdparty\STM32G0xx_HAL_Driver\Src\stm32g0xx_hal_rtc.o
                0x000000000801e7b0                RTC_ExitInitMode
 .text.RTC_ByteToBcd2
                0x000000000801e838       0x50 Thirdparty\STM32G0xx_HAL_Driver\Src\stm32g0xx_hal_rtc.o
                0x000000000801e838                RTC_ByteToBcd2
 .text.RTC_Bcd2ToByte
                0x000000000801e888       0x3a Thirdparty\STM32G0xx_HAL_Driver\Src\stm32g0xx_hal_rtc.o
                0x000000000801e888                RTC_Bcd2ToByte
 .text.HAL_RTCEx_BKUPWrite
                0x000000000801e8c2       0x3a Thirdparty\STM32G0xx_HAL_Driver\Src\stm32g0xx_hal_rtc_ex.o
                0x000000000801e8c2                HAL_RTCEx_BKUPWrite
 .text.HAL_RTCEx_BKUPRead
                0x000000000801e8fc       0x36 Thirdparty\STM32G0xx_HAL_Driver\Src\stm32g0xx_hal_rtc_ex.o
                0x000000000801e8fc                HAL_RTCEx_BKUPRead
 .text.HAL_TIM_Base_Init
                0x000000000801e932       0xb0 Thirdparty\STM32G0xx_HAL_Driver\Src\stm32g0xx_hal_tim.o
                0x000000000801e932                HAL_TIM_Base_Init
 .text.HAL_TIM_Base_MspInit
                0x000000000801e9e2       0x10 Thirdparty\STM32G0xx_HAL_Driver\Src\stm32g0xx_hal_tim.o
                0x000000000801e9e2                HAL_TIM_Base_MspInit
 *fill*         0x000000000801e9f2        0x2 
 .text.HAL_TIM_Base_Start
                0x000000000801e9f4       0xb4 Thirdparty\STM32G0xx_HAL_Driver\Src\stm32g0xx_hal_tim.o
                0x000000000801e9f4                HAL_TIM_Base_Start
 .text.TIM_Base_SetConfig